Copyright 1986-2022 Xilinx, Inc. All Rights Reserved. Copyright 2022-2023 Advanced Micro Devices, Inc. All Rights Reserved.
---------------------------------------------------------------------------------------------------------------------------------------------
| Tool Version : Vivado v.2023.2 (win64) Build 4029153 Fri Oct 13 20:14:34 MDT 2023
| Date         : Mon Sep  7 10:19:07 2026
| Host         : DESKTOP-JBLB3NJ running 64-bit major release  (build 9200)
| Command      : report_utilization -file fpga_utilization_synth.rpt -pb fpga_utilization_synth.pb
| Design       : fpga
| Device       : xczu7ev-ffvc1156-2-e
| Speed File   : -2
| Design State : Synthesized
---------------------------------------------------------------------------------------------------------------------------------------------

Utilization Design Information

Table of Contents
-----------------
1. CLB Logic
1.1 Summary of Registers by Type
2. BLOCKRAM
3. ARITHMETIC
4. I/O
5. CLOCK
6. ADVANCED
7. CONFIGURATION
8. Primitives
9. Black Boxes
10. Instantiated Netlists

1. CLB Logic
------------

+----------------------------+-------+-------+------------+-----------+-------+
|          Site Type         |  Used | Fixed | Prohibited | Available | Util% |
+----------------------------+-------+-------+------------+-----------+-------+
| CLB LUTs*                  | 23520 |     0 |          0 |    230400 | 10.21 |
|   LUT as Logic             | 18217 |     0 |          0 |    230400 |  7.91 |
|   LUT as Memory            |  5303 |     0 |          0 |    101760 |  5.21 |
|     LUT as Distributed RAM |  5169 |     0 |            |           |       |
|     LUT as Shift Register  |   134 |     0 |            |           |       |
| CLB Registers              | 25148 |     0 |          0 |    460800 |  5.46 |
|   Register as Flip Flop    | 25148 |     0 |          0 |    460800 |  5.46 |
|   Register as Latch        |     0 |     0 |          0 |    460800 |  0.00 |
| CARRY8                     |   510 |     0 |          0 |     28800 |  1.77 |
| F7 Muxes                   |   408 |     0 |          0 |    115200 |  0.35 |
| F8 Muxes                   |    97 |     0 |          0 |     57600 |  0.17 |
| F9 Muxes                   |     0 |     0 |          0 |     28800 |  0.00 |
+----------------------------+-------+-------+------------+-----------+-------+
* Warning! The Final LUT count, after physical optimizations and full implementation, is typically lower. Run opt_design after synthesis, if not already completed, for a more realistic count.
Warning! LUT value is adjusted to account for LUT combining.


1.1 Summary of Registers by Type
--------------------------------

+-------+--------------+-------------+--------------+
| Total | Clock Enable | Synchronous | Asynchronous |
+-------+--------------+-------------+--------------+
| 0     |            _ |           - |            - |
| 0     |            _ |           - |          Set |
| 0     |            _ |           - |        Reset |
| 0     |            _ |         Set |            - |
| 0     |            _ |       Reset |            - |
| 0     |          Yes |           - |            - |
| 20    |          Yes |           - |          Set |
| 1     |          Yes |           - |        Reset |
| 516   |          Yes |         Set |            - |
| 24611 |          Yes |       Reset |            - |
+-------+--------------+-------------+--------------+


2. BLOCKRAM
-----------

+-------------------+-------+-------+------------+-----------+-------+
|     Site Type     |  Used | Fixed | Prohibited | Available | Util% |
+-------------------+-------+-------+------------+-----------+-------+
| Block RAM Tile    | 100.5 |     0 |          0 |       312 | 32.21 |
|   RAMB36/FIFO*    |    98 |     0 |          0 |       312 | 31.41 |
|     RAMB36E2 only |    98 |       |            |           |       |
|   RAMB18          |     5 |     0 |          0 |       624 |  0.80 |
|     RAMB18E2 only |     5 |       |            |           |       |
| URAM              |    17 |     0 |          0 |        96 | 17.71 |
+-------------------+-------+-------+------------+-----------+-------+
* Note: Each Block RAM Tile only has one FIFO logic available and therefore can accommodate only one FIFO36E2 or one FIFO18E2. However, if a FIFO18E2 occupies a Block RAM Tile, that tile can still accommodate a RAMB18E2


3. ARITHMETIC
-------------

+-----------+------+-------+------------+-----------+-------+
| Site Type | Used | Fixed | Prohibited | Available | Util% |
+-----------+------+-------+------------+-----------+-------+
| DSPs      |    0 |     0 |          0 |      1728 |  0.00 |
+-----------+------+-------+------------+-----------+-------+


4. I/O
------

+------------+------+-------+------------+-----------+-------+
|  Site Type | Used | Fixed | Prohibited | Available | Util% |
+------------+------+-------+------------+-----------+-------+
| Bonded IOB |   43 |     0 |          0 |       360 | 11.94 |
+------------+------+-------+------------+-----------+-------+


5. CLOCK
--------

+----------------------+------+-------+------------+-----------+-------+
|       Site Type      | Used | Fixed | Prohibited | Available | Util% |
+----------------------+------+-------+------------+-----------+-------+
| GLOBAL CLOCK BUFFERs |    4 |     0 |          0 |       544 |  0.74 |
|   BUFGCE             |    4 |     0 |          0 |       208 |  1.92 |
|   BUFGCE_DIV         |    0 |     0 |          0 |        32 |  0.00 |
|   BUFG_GT            |    0 |     0 |          0 |       144 |  0.00 |
|   BUFG_PS            |    0 |     0 |          0 |        96 |  0.00 |
|   BUFGCTRL*          |    0 |     0 |          0 |        64 |  0.00 |
| PLL                  |    0 |     0 |          0 |        16 |  0.00 |
| MMCM                 |    1 |     0 |          0 |         8 | 12.50 |
+----------------------+------+-------+------------+-----------+-------+
* Note: Each used BUFGCTRL counts as two GLOBAL CLOCK BUFFERs. This table does not include global clocking resources, only buffer cell usage. See the Clock Utilization Report (report_clock_utilization) for detailed accounting of global clocking resource availability.


6. ADVANCED
-----------

+-----------------+------+-------+------------+-----------+-------+
|    Site Type    | Used | Fixed | Prohibited | Available | Util% |
+-----------------+------+-------+------------+-----------+-------+
| GTHE4_CHANNEL   |    0 |     0 |          0 |        20 |  0.00 |
| GTHE4_COMMON    |    0 |     0 |          0 |         5 |  0.00 |
| OBUFDS_GTE4     |    0 |     0 |          0 |        10 |  0.00 |
| OBUFDS_GTE4_ADV |    0 |     0 |          0 |        10 |  0.00 |
| PCIE40E4        |    0 |     0 |          0 |         2 |  0.00 |
| PS8             |    0 |     0 |          0 |         1 |  0.00 |
| SYSMONE4        |    0 |     0 |          0 |         1 |  0.00 |
| VCU             |    0 |     0 |          0 |         1 |  0.00 |
+-----------------+------+-------+------------+-----------+-------+


7. CONFIGURATION
----------------

+-------------+------+-------+------------+-----------+-------+
|  Site Type  | Used | Fixed | Prohibited | Available | Util% |
+-------------+------+-------+------------+-----------+-------+
| BSCANE2     |    0 |     0 |          0 |         4 |  0.00 |
| DNA_PORTE2  |    0 |     0 |          0 |         1 |  0.00 |
| EFUSE_USR   |    0 |     0 |          0 |         1 |  0.00 |
| FRAME_ECCE4 |    0 |     0 |          0 |         1 |  0.00 |
| ICAPE3      |    0 |     0 |          0 |         2 |  0.00 |
| MASTER_JTAG |    0 |     0 |          0 |         1 |  0.00 |
| STARTUPE3   |    0 |     0 |          0 |         1 |  0.00 |
+-------------+------+-------+------------+-----------+-------+


8. Primitives
-------------

+-------------+-------+---------------------+
|   Ref Name  |  Used | Functional Category |
+-------------+-------+---------------------+
| FDRE        | 24611 |            Register |
| LUT6        |  7703 |                 CLB |
| LUT3        |  4456 |                 CLB |
| LUT5        |  3616 |                 CLB |
| LUT2        |  3242 |                 CLB |
| RAMD32      |  3226 |                 CLB |
| RAMD64E     |  3156 |                 CLB |
| LUT4        |  2842 |                 CLB |
| FDSE        |   516 |            Register |
| CARRY8      |   510 |                 CLB |
| RAMS32      |   508 |                 CLB |
| LUT1        |   423 |                 CLB |
| MUXF7       |   408 |                 CLB |
| SRL16E      |   134 |                 CLB |
| RAMB36E2    |    98 |            BLOCKRAM |
| MUXF8       |    97 |                 CLB |
| RAMS64E     |    35 |                 CLB |
| OBUFT       |    29 |                 I/O |
| FDPE        |    20 |            Register |
| URAM288     |    17 |            BLOCKRAM |
| OBUF        |    11 |                 I/O |
| RAMB18E2    |     5 |            BLOCKRAM |
| IBUFCTRL    |     4 |              Others |
| BUFGCE      |     4 |               Clock |
| INBUF       |     3 |                 I/O |
| MMCME4_ADV  |     1 |               Clock |
| INV         |     1 |                 CLB |
| IBUFDS_GTE4 |     1 |                 I/O |
| FDCE        |     1 |            Register |
| DIFFINBUF   |     1 |                 I/O |
+-------------+-------+---------------------+


9. Black Boxes
--------------

+------------------------+------+
|        Ref Name        | Used |
+------------------------+------+
| pcie4_uscale_plus_0    |    1 |
| ila_0                  |    1 |
| gig_ethernet_pcs_pma_0 |    1 |
+------------------------+------+


10. Instantiated Netlists
-------------------------

+----------+------+
| Ref Name | Used |
+----------+------+


