  [librdi_filemgmt.dll+0x342db5]
#
# No core dump will be written. Minidumps are not enabled by default on client versions of Windows
#
# An error report file with more information is saved as:
# d:\FPGA\mqnic_prj\hs_err_pid9688.log
srcscan starts
INFO: analyzing module arbiter (VERI-9002)
INFO: analyzing module axil_crossbar (VERI-9002)
INFO: analyzing module axil_crossbar_addr (VERI-9002)
D:/FPGA/mqnic_prj/mqnic_prj.srcs/sources_1/imports/fpga_pcie/lib/axi/rtl/axil_crossbar_addr.v(98): WARNING: parameter 'CL_S_COUNT' becomes localparam in 'axil_crossbar_addr' with formal parameter declaration list (VERI-1199)
D:/FPGA/mqnic_prj/mqnic_prj.srcs/sources_1/imports/fpga_pcie/lib/axi/rtl/axil_crossbar_addr.v(99): WARNING: parameter 'CL_M_COUNT' becomes localparam in 'axil_crossbar_addr' with formal parameter declaration list (VERI-1199)
D:/FPGA/mqnic_prj/mqnic_prj.srcs/sources_1/imports/fpga_pcie/lib/axi/rtl/axil_crossbar_addr.v(126): WARNING: parameter 'M_BASE_ADDR_INT' becomes localparam in 'axil_crossbar_addr' with formal parameter declaration list (VERI-1199)
INFO: analyzing module axil_crossbar_rd (VERI-9002)
D:/FPGA/mqnic_prj/mqnic_prj.srcs/sources_1/imports/fpga_pcie/lib/axi/rtl/axil_crossbar_rd.v(109): WARNING: parameter 'CL_S_COUNT' becomes localparam in 'axil_crossbar_rd' with formal parameter declaration list (VERI-1199)
D:/FPGA/mqnic_prj/mqnic_prj.srcs/sources_1/imports/fpga_pcie/lib/axi/rtl/axil_crossbar_rd.v(110): WARNING: parameter 'CL_M_COUNT' becomes localparam in 'axil_crossbar_rd' with formal parameter declaration list (VERI-1199)
D:/FPGA/mqnic_prj/mqnic_prj.srcs/sources_1/imports/fpga_pcie/lib/axi/rtl/axil_crossbar_rd.v(111): WARNING: parameter 'M_COUNT_P1' becomes localparam in 'axil_crossbar_rd' with formal parameter declaration list (VERI-1199)
D:/FPGA/mqnic_prj/mqnic_prj.srcs/sources_1/imports/fpga_pcie/lib/axi/rtl/axil_crossbar_rd.v(112): WARNING: parameter 'CL_M_COUNT_P1' becomes localparam in 'axil_crossbar_rd' with formal parameter declaration list (VERI-1199)
INFO: analyzing module axil_crossbar_wr (VERI-9002)
D:/FPGA/mqnic_prj/mqnic_prj.srcs/sources_1/imports/fpga_pcie/lib/axi/rtl/axil_crossbar_wr.v(121): WARNING: parameter 'CL_S_COUNT' becomes localparam in 'axil_crossbar_wr' with formal parameter declaration list (VERI-1199)
D:/FPGA/mqnic_prj/mqnic_prj.srcs/sources_1/imports/fpga_pcie/lib/axi/rtl/axil_crossbar_wr.v(122): WARNING: parameter 'CL_M_COUNT' becomes localparam in 'axil_crossbar_wr' with formal parameter declaration list (VERI-1199)
D:/FPGA/mqnic_prj/mqnic_prj.srcs/sources_1/imports/fpga_pcie/lib/axi/rtl/axil_crossbar_wr.v(123): WARNING: parameter 'M_COUNT_P1' becomes localparam in 'axil_crossbar_wr' with formal parameter declaration list (VERI-1199)
D:/FPGA/mqnic_prj/mqnic_prj.srcs/sources_1/imports/fpga_pcie/lib/axi/rtl/axil_crossbar_wr.v(124): WARNING: parameter 'CL_M_COUNT_P1' becomes localparam in 'axil_crossbar_wr' with formal parameter declaration list (VERI-1199)
INFO: analyzing module axil_reg_if (VERI-9002)
INFO: analyzing module axil_reg_if_rd (VERI-9002)
D:/FPGA/mqnic_prj/mqnic_prj.srcs/sources_1/imports/fpga_pcie/lib/axi/rtl/axil_reg_if_rd.v(71): WARNING: parameter 'TIMEOUT_WIDTH' becomes localparam in 'axil_reg_if_rd' with formal parameter declaration list (VERI-1199)
INFO: analyzing module axil_reg_if_wr (VERI-9002)
D:/FPGA/mqnic_prj/mqnic_prj.srcs/sources_1/imports/fpga_pcie/lib/axi/rtl/axil_reg_if_wr.v(75): WARNING: parameter 'TIMEOUT_WIDTH' becomes localparam in 'axil_reg_if_wr' with formal parameter declaration list (VERI-1199)
INFO: analyzing module axil_register_rd (VERI-9002)
INFO: analyzing module axil_register_wr (VERI-9002)
INFO: analyzing module axis_adapter (VERI-9002)
INFO: analyzing module axis_arb_mux (VERI-9002)
D:/FPGA/mqnic_prj/mqnic_prj.srcs/sources_1/imports/fpga_pcie/lib/axis/rtl/axis_arb_mux.v(96): WARNING: parameter 'CL_S_COUNT' becomes localparam in 'axis_arb_mux' with formal parameter declaration list (VERI-1199)
D:/FPGA/mqnic_prj/mqnic_prj.srcs/sources_1/imports/fpga_pcie/lib/axis/rtl/axis_arb_mux.v(98): WARNING: parameter 'S_ID_WIDTH_INT' becomes localparam in 'axis_arb_mux' with formal parameter declaration list (VERI-1199)
INFO: analyzing module axis_async_fifo (VERI-9002)
D:/FPGA/mqnic_prj/mqnic_prj.srcs/sources_1/imports/fpga_pcie/lib/axis/rtl/axis_async_fifo.v(145): WARNING: parameter 'ADDR_WIDTH' becomes localparam in 'axis_async_fifo' with formal parameter declaration list (VERI-1199)
D:/FPGA/mqnic_prj/mqnic_prj.srcs/sources_1/imports/fpga_pcie/lib/axis/rtl/axis_async_fifo.v(147): WARNING: parameter 'OUTPUT_FIFO_ADDR_WIDTH' becomes localparam in 'axis_async_fifo' with formal parameter declaration list (VERI-1199)
INFO: analyzing module axis_async_fifo_adapter (VERI-9002)
INFO: analyzing module axis_demux (VERI-9002)
D:/FPGA/mqnic_prj/mqnic_prj.srcs/sources_1/imports/fpga_pcie/lib/axis/rtl/axis_demux.v(97): WARNING: parameter 'CL_M_COUNT' becomes localparam in 'axis_demux' with formal parameter declaration list (VERI-1199)
D:/FPGA/mqnic_prj/mqnic_prj.srcs/sources_1/imports/fpga_pcie/lib/axis/rtl/axis_demux.v(99): WARNING: parameter 'M_DEST_WIDTH_INT' becomes localparam in 'axis_demux' with formal parameter declaration list (VERI-1199)
INFO: analyzing module axis_fifo (VERI-9002)
D:/FPGA/mqnic_prj/mqnic_prj.srcs/sources_1/imports/fpga_pcie/lib/axis/rtl/axis_fifo.v(137): WARNING: parameter 'ADDR_WIDTH' becomes localparam in 'axis_fifo' with formal parameter declaration list (VERI-1199)
D:/FPGA/mqnic_prj/mqnic_prj.srcs/sources_1/imports/fpga_pcie/lib/axis/rtl/axis_fifo.v(139): WARNING: parameter 'OUTPUT_FIFO_ADDR_WIDTH' becomes localparam in 'axis_fifo' with formal parameter declaration list (VERI-1199)
INFO: analyzing module axis_fifo_adapter (VERI-9002)
INFO: analyzing module axis_gmii_rx (VERI-9002)
INFO: analyzing module axis_gmii_tx (VERI-9002)
D:/FPGA/mqnic_prj/rtl/gmii_mac/axis_gmii_tx.v(93): WARNING: parameter 'MIN_LEN_WIDTH' becomes localparam in 'axis_gmii_tx' with formal parameter declaration list (VERI-1199)
INFO: analyzing module axis_pipeline_fifo (VERI-9002)
D:/FPGA/mqnic_prj/mqnic_prj.srcs/sources_1/imports/fpga_pcie/lib/axis/rtl/axis_pipeline_fifo.v(88): WARNING: parameter 'FIFO_ADDR_WIDTH' becomes localparam in 'axis_pipeline_fifo' with formal parameter declaration list (VERI-1199)
INFO: analyzing module cpl_op_mux (VERI-9002)
D:/FPGA/mqnic_prj/mqnic_prj.srcs/sources_1/imports/fpga_pcie/rtl/common/cpl_op_mux.v(76): WARNING: parameter 'CL_PORTS' becomes localparam in 'cpl_op_mux' with formal parameter declaration list (VERI-1199)
INFO: analyzing module cpl_queue_manager (VERI-9002)
D:/FPGA/mqnic_prj/mqnic_prj.srcs/sources_1/imports/fpga_pcie/rtl/common/cpl_queue_manager.v(115): WARNING: parameter 'QUEUE_COUNT' becomes localparam in 'cpl_queue_manager' with formal parameter declaration list (VERI-1199)
D:/FPGA/mqnic_prj/mqnic_prj.srcs/sources_1/imports/fpga_pcie/rtl/common/cpl_queue_manager.v(117): WARNING: parameter 'CL_OP_TABLE_SIZE' becomes localparam in 'cpl_queue_manager' with formal parameter declaration list (VERI-1199)
D:/FPGA/mqnic_prj/mqnic_prj.srcs/sources_1/imports/fpga_pcie/rtl/common/cpl_queue_manager.v(119): WARNING: parameter 'CL_CPL_SIZE' becomes localparam in 'cpl_queue_manager' with formal parameter declaration list (VERI-1199)
D:/FPGA/mqnic_prj/mqnic_prj.srcs/sources_1/imports/fpga_pcie/rtl/common/cpl_queue_manager.v(121): WARNING: parameter 'QUEUE_RAM_BE_WIDTH' becomes localparam in 'cpl_queue_manager' with formal parameter declaration list (VERI-1199)
D:/FPGA/mqnic_prj/mqnic_prj.srcs/sources_1/imports/fpga_pcie/rtl/common/cpl_queue_manager.v(122): WARNING: parameter 'QUEUE_RAM_WIDTH' becomes localparam in 'cpl_queue_manager' with formal parameter declaration list (VERI-1199)
INFO: analyzing module cpl_write (VERI-9002)
D:/FPGA/mqnic_prj/mqnic_prj.srcs/sources_1/imports/fpga_pcie/rtl/common/cpl_write.v(134): WARNING: parameter 'CL_DESC_TABLE_SIZE' becomes localparam in 'cpl_write' with formal parameter declaration list (VERI-1199)
D:/FPGA/mqnic_prj/mqnic_prj.srcs/sources_1/imports/fpga_pcie/rtl/common/cpl_write.v(135): WARNING: parameter 'DESC_PTR_MASK' becomes localparam in 'cpl_write' with formal parameter declaration list (VERI-1199)
D:/FPGA/mqnic_prj/mqnic_prj.srcs/sources_1/imports/fpga_pcie/rtl/common/cpl_write.v(137): WARNING: parameter 'CL_PORTS' becomes localparam in 'cpl_write' with formal parameter declaration list (VERI-1199)
INFO: analyzing module debounce_switch (VERI-9002)
INFO: analyzing module desc_fetch (VERI-9002)
D:/FPGA/mqnic_prj/mqnic_prj.srcs/sources_1/imports/fpga_pcie/rtl/common/desc_fetch.v(160): WARNING: parameter 'CL_DESC_TABLE_SIZE' becomes localparam in 'desc_fetch' with formal parameter declaration list (VERI-1199)
D:/FPGA/mqnic_prj/mqnic_prj.srcs/sources_1/imports/fpga_pcie/rtl/common/desc_fetch.v(161): WARNING: parameter 'DESC_PTR_MASK' becomes localparam in 'desc_fetch' with formal parameter declaration list (VERI-1199)
D:/FPGA/mqnic_prj/mqnic_prj.srcs/sources_1/imports/fpga_pcie/rtl/common/desc_fetch.v(163): WARNING: parameter 'CL_PORTS' becomes localparam in 'desc_fetch' with formal parameter declaration list (VERI-1199)
D:/FPGA/mqnic_prj/mqnic_prj.srcs/sources_1/imports/fpga_pcie/rtl/common/desc_fetch.v(165): WARNING: parameter 'CL_DESC_SIZE' becomes localparam in 'desc_fetch' with formal parameter declaration list (VERI-1199)
INFO: analyzing module desc_op_mux (VERI-9002)
D:/FPGA/mqnic_prj/mqnic_prj.srcs/sources_1/imports/fpga_pcie/rtl/common/desc_op_mux.v(108): WARNING: parameter 'CL_PORTS' becomes localparam in 'desc_op_mux' with formal parameter declaration list (VERI-1199)
INFO: analyzing module dma_client_axis_sink (VERI-9002)
D:/FPGA/mqnic_prj/mqnic_prj.srcs/sources_1/imports/fpga_pcie/lib/pcie/rtl/dma_client_axis_sink.v(124): WARNING: parameter 'RAM_WORD_WIDTH' becomes localparam in 'dma_client_axis_sink' with formal parameter declaration list (VERI-1199)
D:/FPGA/mqnic_prj/mqnic_prj.srcs/sources_1/imports/fpga_pcie/lib/pcie/rtl/dma_client_axis_sink.v(125): WARNING: parameter 'RAM_WORD_SIZE' becomes localparam in 'dma_client_axis_sink' with formal parameter declaration list (VERI-1199)
D:/FPGA/mqnic_prj/mqnic_prj.srcs/sources_1/imports/fpga_pcie/lib/pcie/rtl/dma_client_axis_sink.v(127): WARNING: parameter 'AXIS_KEEP_WIDTH_INT' becomes localparam in 'dma_client_axis_sink' with formal parameter declaration list (VERI-1199)
D:/FPGA/mqnic_prj/mqnic_prj.srcs/sources_1/imports/fpga_pcie/lib/pcie/rtl/dma_client_axis_sink.v(128): WARNING: parameter 'AXIS_WORD_WIDTH' becomes localparam in 'dma_client_axis_sink' with formal parameter declaration list (VERI-1199)
D:/FPGA/mqnic_prj/mqnic_prj.srcs/sources_1/imports/fpga_pcie/lib/pcie/rtl/dma_client_axis_sink.v(129): WARNING: parameter 'AXIS_WORD_SIZE' becomes localparam in 'dma_client_axis_sink' with formal parameter declaration list (VERI-1199)
D:/FPGA/mqnic_prj/mqnic_prj.srcs/sources_1/imports/fpga_pcie/lib/pcie/rtl/dma_client_axis_sink.v(131): WARNING: parameter 'PART_COUNT' becomes localparam in 'dma_client_axis_sink' with formal parameter declaration list (VERI-1199)
D:/FPGA/mqnic_prj/mqnic_prj.srcs/sources_1/imports/fpga_pcie/lib/pcie/rtl/dma_client_axis_sink.v(132): WARNING: parameter 'PART_COUNT_WIDTH' becomes localparam in 'dma_client_axis_sink' with formal parameter declaration list (VERI-1199)
D:/FPGA/mqnic_prj/mqnic_prj.srcs/sources_1/imports/fpga_pcie/lib/pcie/rtl/dma_client_axis_sink.v(133): WARNING: parameter 'PART_OFFSET_WIDTH' becomes localparam in 'dma_client_axis_sink' with formal parameter declaration list (VERI-1199)
D:/FPGA/mqnic_prj/mqnic_prj.srcs/sources_1/imports/fpga_pcie/lib/pcie/rtl/dma_client_axis_sink.v(134): WARNING: parameter 'PARTS_PER_SEG' becomes localparam in 'dma_client_axis_sink' with formal parameter declaration list (VERI-1199)
D:/FPGA/mqnic_prj/mqnic_prj.srcs/sources_1/imports/fpga_pcie/lib/pcie/rtl/dma_client_axis_sink.v(135): WARNING: parameter 'SEGS_PER_PART' becomes localparam in 'dma_client_axis_sink' with formal parameter declaration list (VERI-1199)
D:/FPGA/mqnic_prj/mqnic_prj.srcs/sources_1/imports/fpga_pcie/lib/pcie/rtl/dma_client_axis_sink.v(137): WARNING: parameter 'OFFSET_WIDTH' becomes localparam in 'dma_client_axis_sink' with formal parameter declaration list (VERI-1199)
D:/FPGA/mqnic_prj/mqnic_prj.srcs/sources_1/imports/fpga_pcie/lib/pcie/rtl/dma_client_axis_sink.v(138): WARNING: parameter 'OFFSET_MASK' becomes localparam in 'dma_client_axis_sink' with formal parameter declaration list (VERI-1199)
D:/FPGA/mqnic_prj/mqnic_prj.srcs/sources_1/imports/fpga_pcie/lib/pcie/rtl/dma_client_axis_sink.v(139): WARNING: parameter 'ADDR_MASK' becomes localparam in 'dma_client_axis_sink' with formal parameter declaration list (VERI-1199)
D:/FPGA/mqnic_prj/mqnic_prj.srcs/sources_1/imports/fpga_pcie/lib/pcie/rtl/dma_client_axis_sink.v(140): WARNING: parameter 'CYCLE_COUNT_WIDTH' becomes localparam in 'dma_client_axis_sink' with formal parameter declaration list (VERI-1199)
D:/FPGA/mqnic_prj/mqnic_prj.srcs/sources_1/imports/fpga_pcie/lib/pcie/rtl/dma_client_axis_sink.v(142): WARNING: parameter 'STATUS_FIFO_ADDR_WIDTH' becomes localparam in 'dma_client_axis_sink' with formal parameter declaration list (VERI-1199)
D:/FPGA/mqnic_prj/mqnic_prj.srcs/sources_1/imports/fpga_pcie/lib/pcie/rtl/dma_client_axis_sink.v(143): WARNING: parameter 'OUTPUT_FIFO_ADDR_WIDTH' becomes localparam in 'dma_client_axis_sink' with formal parameter declaration list (VERI-1199)
INFO: analyzing module dma_client_axis_source (VERI-9002)
D:/FPGA/mqnic_prj/mqnic_prj.srcs/sources_1/imports/fpga_pcie/lib/pcie/rtl/dma_client_axis_source.v(122): WARNING: parameter 'RAM_WORD_WIDTH' becomes localparam in 'dma_client_axis_source' with formal parameter declaration list (VERI-1199)
D:/FPGA/mqnic_prj/mqnic_prj.srcs/sources_1/imports/fpga_pcie/lib/pcie/rtl/dma_client_axis_source.v(123): WARNING: parameter 'RAM_WORD_SIZE' becomes localparam in 'dma_client_axis_source' with formal parameter declaration list (VERI-1199)
D:/FPGA/mqnic_prj/mqnic_prj.srcs/sources_1/imports/fpga_pcie/lib/pcie/rtl/dma_client_axis_source.v(125): WARNING: parameter 'AXIS_KEEP_WIDTH_INT' becomes localparam in 'dma_client_axis_source' with formal parameter declaration list (VERI-1199)
D:/FPGA/mqnic_prj/mqnic_prj.srcs/sources_1/imports/fpga_pcie/lib/pcie/rtl/dma_client_axis_source.v(126): WARNING: parameter 'AXIS_WORD_WIDTH' becomes localparam in 'dma_client_axis_source' with formal parameter declaration list (VERI-1199)
D:/FPGA/mqnic_prj/mqnic_prj.srcs/sources_1/imports/fpga_pcie/lib/pcie/rtl/dma_client_axis_source.v(127): WARNING: parameter 'AXIS_WORD_SIZE' becomes localparam in 'dma_client_axis_source' with formal parameter declaration list (VERI-1199)
D:/FPGA/mqnic_prj/mqnic_prj.srcs/sources_1/imports/fpga_pcie/lib/pcie/rtl/dma_client_axis_source.v(129): WARNING: parameter 'PART_COUNT' becomes localparam in 'dma_client_axis_source' with formal parameter declaration list (VERI-1199)
D:/FPGA/mqnic_prj/mqnic_prj.srcs/sources_1/imports/fpga_pcie/lib/pcie/rtl/dma_client_axis_source.v(130): WARNING: parameter 'PART_COUNT_WIDTH' becomes localparam in 'dma_client_axis_source' with formal parameter declaration list (VERI-1199)
D:/FPGA/mqnic_prj/mqnic_prj.srcs/sources_1/imports/fpga_pcie/lib/pcie/rtl/dma_client_axis_source.v(131): WARNING: parameter 'PART_OFFSET_WIDTH' becomes localparam in 'dma_client_axis_source' with formal parameter declaration list (VERI-1199)
D:/FPGA/mqnic_prj/mqnic_prj.srcs/sources_1/imports/fpga_pcie/lib/pcie/rtl/dma_client_axis_source.v(132): WARNING: parameter 'PARTS_PER_SEG' becomes localparam in 'dma_client_axis_source' with formal parameter declaration list (VERI-1199)
D:/FPGA/mqnic_prj/mqnic_prj.srcs/sources_1/imports/fpga_pcie/lib/pcie/rtl/dma_client_axis_source.v(133): WARNING: parameter 'SEGS_PER_PART' becomes localparam in 'dma_client_axis_source' with formal parameter declaration list (VERI-1199)
D:/FPGA/mqnic_prj/mqnic_prj.srcs/sources_1/imports/fpga_pcie/lib/pcie/rtl/dma_client_axis_source.v(135): WARNING: parameter 'OFFSET_WIDTH' becomes localparam in 'dma_client_axis_source' with formal parameter declaration list (VERI-1199)
D:/FPGA/mqnic_prj/mqnic_prj.srcs/sources_1/imports/fpga_pcie/lib/pcie/rtl/dma_client_axis_source.v(136): WARNING: parameter 'OFFSET_MASK' becomes localparam in 'dma_client_axis_source' with formal parameter declaration list (VERI-1199)
D:/FPGA/mqnic_prj/mqnic_prj.srcs/sources_1/imports/fpga_pcie/lib/pcie/rtl/dma_client_axis_source.v(137): WARNING: parameter 'ADDR_MASK' becomes localparam in 'dma_client_axis_source' with formal parameter declaration list (VERI-1199)
D:/FPGA/mqnic_prj/mqnic_prj.srcs/sources_1/imports/fpga_pcie/lib/pcie/rtl/dma_client_axis_source.v(138): WARNING: parameter 'CYCLE_COUNT_WIDTH' becomes localparam in 'dma_client_axis_source' with formal parameter declaration list (VERI-1199)
D:/FPGA/mqnic_prj/mqnic_prj.srcs/sources_1/imports/fpga_pcie/lib/pcie/rtl/dma_client_axis_source.v(140): WARNING: parameter 'OUTPUT_FIFO_ADDR_WIDTH' becomes localparam in 'dma_client_axis_source' with formal parameter declaration list (VERI-1199)
INFO: analyzing module dma_if_desc_mux (VERI-9002)
D:/FPGA/mqnic_prj/mqnic_prj.srcs/sources_1/imports/fpga_pcie/lib/pcie/rtl/dma_if_desc_mux.v(110): WARNING: parameter 'CL_PORTS' becomes localparam in 'dma_if_desc_mux' with formal parameter declaration list (VERI-1199)
D:/FPGA/mqnic_prj/mqnic_prj.srcs/sources_1/imports/fpga_pcie/lib/pcie/rtl/dma_if_desc_mux.v(112): WARNING: parameter 'S_RAM_SEL_WIDTH_INT' becomes localparam in 'dma_if_desc_mux' with formal parameter declaration list (VERI-1199)
D:/FPGA/mqnic_prj/mqnic_prj.srcs/sources_1/imports/fpga_pcie/lib/pcie/rtl/dma_if_desc_mux.v(114): WARNING: parameter 'FIFO_ADDR_WIDTH' becomes localparam in 'dma_if_desc_mux' with formal parameter declaration list (VERI-1199)
INFO: analyzing module dma_if_mux (VERI-9002)
INFO: analyzing module dma_if_mux_rd (VERI-9002)
INFO: analyzing module dma_if_mux_wr (VERI-9002)
INFO: analyzing module dma_if_pcie (VERI-9002)
INFO: analyzing module dma_if_pcie_rd (VERI-9002)
D:/FPGA/mqnic_prj/mqnic_prj.srcs/sources_1/imports/fpga_pcie/lib/pcie/rtl/dma_if_pcie_rd.v(179): WARNING: parameter 'RAM_DATA_WIDTH' becomes localparam in 'dma_if_pcie_rd' with formal parameter declaration list (VERI-1199)
D:/FPGA/mqnic_prj/mqnic_prj.srcs/sources_1/imports/fpga_pcie/lib/pcie/rtl/dma_if_pcie_rd.v(180): WARNING: parameter 'RAM_WORD_WIDTH' becomes localparam in 'dma_if_pcie_rd' with formal parameter declaration list (VERI-1199)
D:/FPGA/mqnic_prj/mqnic_prj.srcs/sources_1/imports/fpga_pcie/lib/pcie/rtl/dma_if_pcie_rd.v(181): WARNING: parameter 'RAM_WORD_SIZE' becomes localparam in 'dma_if_pcie_rd' with formal parameter declaration list (VERI-1199)
D:/FPGA/mqnic_prj/mqnic_prj.srcs/sources_1/imports/fpga_pcie/lib/pcie/rtl/dma_if_pcie_rd.v(183): WARNING: parameter 'TLP_DATA_WIDTH_BYTES' becomes localparam in 'dma_if_pcie_rd' with formal parameter declaration list (VERI-1199)
D:/FPGA/mqnic_prj/mqnic_prj.srcs/sources_1/imports/fpga_pcie/lib/pcie/rtl/dma_if_pcie_rd.v(184): WARNING: parameter 'TLP_DATA_WIDTH_DWORDS' becomes localparam in 'dma_if_pcie_rd' with formal parameter declaration list (VERI-1199)
D:/FPGA/mqnic_prj/mqnic_prj.srcs/sources_1/imports/fpga_pcie/lib/pcie/rtl/dma_if_pcie_rd.v(186): WARNING: parameter 'OFFSET_WIDTH' becomes localparam in 'dma_if_pcie_rd' with formal parameter declaration list (VERI-1199)
D:/FPGA/mqnic_prj/mqnic_prj.srcs/sources_1/imports/fpga_pcie/lib/pcie/rtl/dma_if_pcie_rd.v(187): WARNING: parameter 'RAM_OFFSET_WIDTH' becomes localparam in 'dma_if_pcie_rd' with formal parameter declaration list (VERI-1199)
D:/FPGA/mqnic_prj/mqnic_prj.srcs/sources_1/imports/fpga_pcie/lib/pcie/rtl/dma_if_pcie_rd.v(189): WARNING: parameter 'PCIE_TAG_WIDTH' becomes localparam in 'dma_if_pcie_rd' with formal parameter declaration list (VERI-1199)
D:/FPGA/mqnic_prj/mqnic_prj.srcs/sources_1/imports/fpga_pcie/lib/pcie/rtl/dma_if_pcie_rd.v(190): WARNING: parameter 'PCIE_TAG_COUNT_1' becomes localparam in 'dma_if_pcie_rd' with formal parameter declaration list (VERI-1199)
D:/FPGA/mqnic_prj/mqnic_prj.srcs/sources_1/imports/fpga_pcie/lib/pcie/rtl/dma_if_pcie_rd.v(191): WARNING: parameter 'PCIE_TAG_WIDTH_1' becomes localparam in 'dma_if_pcie_rd' with formal parameter declaration list (VERI-1199)
D:/FPGA/mqnic_prj/mqnic_prj.srcs/sources_1/imports/fpga_pcie/lib/pcie/rtl/dma_if_pcie_rd.v(192): WARNING: parameter 'PCIE_TAG_COUNT_2' becomes localparam in 'dma_if_pcie_rd' with formal parameter declaration list (VERI-1199)
D:/FPGA/mqnic_prj/mqnic_prj.srcs/sources_1/imports/fpga_pcie/lib/pcie/rtl/dma_if_pcie_rd.v(193): WARNING: parameter 'PCIE_TAG_WIDTH_2' becomes localparam in 'dma_if_pcie_rd' with formal parameter declaration list (VERI-1199)
D:/FPGA/mqnic_prj/mqnic_prj.srcs/sources_1/imports/fpga_pcie/lib/pcie/rtl/dma_if_pcie_rd.v(195): WARNING: parameter 'OP_TAG_WIDTH' becomes localparam in 'dma_if_pcie_rd' with formal parameter declaration list (VERI-1199)
D:/FPGA/mqnic_prj/mqnic_prj.srcs/sources_1/imports/fpga_pcie/lib/pcie/rtl/dma_if_pcie_rd.v(196): WARNING: parameter 'OP_TABLE_READ_COUNT_WIDTH' becomes localparam in 'dma_if_pcie_rd' with formal parameter declaration list (VERI-1199)
D:/FPGA/mqnic_prj/mqnic_prj.srcs/sources_1/imports/fpga_pcie/lib/pcie/rtl/dma_if_pcie_rd.v(198): WARNING: parameter 'TX_COUNT_WIDTH' becomes localparam in 'dma_if_pcie_rd' with formal parameter declaration list (VERI-1199)
D:/FPGA/mqnic_prj/mqnic_prj.srcs/sources_1/imports/fpga_pcie/lib/pcie/rtl/dma_if_pcie_rd.v(200): WARNING: parameter 'CL_CPLH_FC_LIMIT' becomes localparam in 'dma_if_pcie_rd' with formal parameter declaration list (VERI-1199)
D:/FPGA/mqnic_prj/mqnic_prj.srcs/sources_1/imports/fpga_pcie/lib/pcie/rtl/dma_if_pcie_rd.v(201): WARNING: parameter 'CL_CPLD_FC_LIMIT' becomes localparam in 'dma_if_pcie_rd' with formal parameter declaration list (VERI-1199)
D:/FPGA/mqnic_prj/mqnic_prj.srcs/sources_1/imports/fpga_pcie/lib/pcie/rtl/dma_if_pcie_rd.v(203): WARNING: parameter 'STATUS_FIFO_ADDR_WIDTH' becomes localparam in 'dma_if_pcie_rd' with formal parameter declaration list (VERI-1199)
D:/FPGA/mqnic_prj/mqnic_prj.srcs/sources_1/imports/fpga_pcie/lib/pcie/rtl/dma_if_pcie_rd.v(204): WARNING: parameter 'OUTPUT_FIFO_ADDR_WIDTH' becomes localparam in 'dma_if_pcie_rd' with formal parameter declaration list (VERI-1199)
D:/FPGA/mqnic_prj/mqnic_prj.srcs/sources_1/imports/fpga_pcie/lib/pcie/rtl/dma_if_pcie_rd.v(206): WARNING: parameter 'INIT_COUNT_WIDTH' becomes localparam in 'dma_if_pcie_rd' with formal parameter declaration list (VERI-1199)
INFO: analyzing module dma_if_pcie_wr (VERI-9002)
D:/FPGA/mqnic_prj/mqnic_prj.srcs/sources_1/imports/fpga_pcie/lib/pcie/rtl/dma_if_pcie_wr.v(164): WARNING: parameter 'RAM_DATA_WIDTH' becomes localparam in 'dma_if_pcie_wr' with formal parameter declaration list (VERI-1199)
D:/FPGA/mqnic_prj/mqnic_prj.srcs/sources_1/imports/fpga_pcie/lib/pcie/rtl/dma_if_pcie_wr.v(165): WARNING: parameter 'RAM_WORD_WIDTH' becomes localparam in 'dma_if_pcie_wr' with formal parameter declaration list (VERI-1199)
D:/FPGA/mqnic_prj/mqnic_prj.srcs/sources_1/imports/fpga_pcie/lib/pcie/rtl/dma_if_pcie_wr.v(166): WARNING: parameter 'RAM_WORD_SIZE' becomes localparam in 'dma_if_pcie_wr' with formal parameter declaration list (VERI-1199)
D:/FPGA/mqnic_prj/mqnic_prj.srcs/sources_1/imports/fpga_pcie/lib/pcie/rtl/dma_if_pcie_wr.v(168): WARNING: parameter 'TLP_DATA_WIDTH_BYTES' becomes localparam in 'dma_if_pcie_wr' with formal parameter declaration list (VERI-1199)
D:/FPGA/mqnic_prj/mqnic_prj.srcs/sources_1/imports/fpga_pcie/lib/pcie/rtl/dma_if_pcie_wr.v(169): WARNING: parameter 'TLP_DATA_WIDTH_DWORDS' becomes localparam in 'dma_if_pcie_wr' with formal parameter declaration list (VERI-1199)
D:/FPGA/mqnic_prj/mqnic_prj.srcs/sources_1/imports/fpga_pcie/lib/pcie/rtl/dma_if_pcie_wr.v(171): WARNING: parameter 'OFFSET_WIDTH' becomes localparam in 'dma_if_pcie_wr' with formal parameter declaration list (VERI-1199)
D:/FPGA/mqnic_prj/mqnic_prj.srcs/sources_1/imports/fpga_pcie/lib/pcie/rtl/dma_if_pcie_wr.v(172): WARNING: parameter 'RAM_OFFSET_WIDTH' becomes localparam in 'dma_if_pcie_wr' with formal parameter declaration list (VERI-1199)
D:/FPGA/mqnic_prj/mqnic_prj.srcs/sources_1/imports/fpga_pcie/lib/pcie/rtl/dma_if_pcie_wr.v(173): WARNING: parameter 'WORD_LEN_WIDTH' becomes localparam in 'dma_if_pcie_wr' with formal parameter declaration list (VERI-1199)
D:/FPGA/mqnic_prj/mqnic_prj.srcs/sources_1/imports/fpga_pcie/lib/pcie/rtl/dma_if_pcie_wr.v(174): WARNING: parameter 'CYCLE_COUNT_WIDTH' becomes localparam in 'dma_if_pcie_wr' with formal parameter declaration list (VERI-1199)
D:/FPGA/mqnic_prj/mqnic_prj.srcs/sources_1/imports/fpga_pcie/lib/pcie/rtl/dma_if_pcie_wr.v(176): WARNING: parameter 'MASK_FIFO_ADDR_WIDTH' becomes localparam in 'dma_if_pcie_wr' with formal parameter declaration list (VERI-1199)
D:/FPGA/mqnic_prj/mqnic_prj.srcs/sources_1/imports/fpga_pcie/lib/pcie/rtl/dma_if_pcie_wr.v(178): WARNING: parameter 'OP_TAG_WIDTH' becomes localparam in 'dma_if_pcie_wr' with formal parameter declaration list (VERI-1199)
D:/FPGA/mqnic_prj/mqnic_prj.srcs/sources_1/imports/fpga_pcie/lib/pcie/rtl/dma_if_pcie_wr.v(180): WARNING: parameter 'TX_COUNT_WIDTH' becomes localparam in 'dma_if_pcie_wr' with formal parameter declaration list (VERI-1199)
INFO: analyzing module dma_psdpram (VERI-9002)
D:/FPGA/mqnic_prj/mqnic_prj.srcs/sources_1/imports/fpga_pcie/lib/pcie/rtl/dma_psdpram.v(74): WARNING: parameter 'INT_ADDR_WIDTH' becomes localparam in 'dma_psdpram' with formal parameter declaration list (VERI-1199)
INFO: analyzing module dma_ram_demux_rd (VERI-9002)
D:/FPGA/mqnic_prj/mqnic_prj.srcs/sources_1/imports/fpga_pcie/lib/pcie/rtl/dma_ram_demux_rd.v(77): WARNING: parameter 'CL_PORTS' becomes localparam in 'dma_ram_demux_rd' with formal parameter declaration list (VERI-1199)
D:/FPGA/mqnic_prj/mqnic_prj.srcs/sources_1/imports/fpga_pcie/lib/pcie/rtl/dma_ram_demux_rd.v(79): WARNING: parameter 'S_RAM_SEL_WIDTH_INT' becomes localparam in 'dma_ram_demux_rd' with formal parameter declaration list (VERI-1199)
D:/FPGA/mqnic_prj/mqnic_prj.srcs/sources_1/imports/fpga_pcie/lib/pcie/rtl/dma_ram_demux_rd.v(81): WARNING: parameter 'FIFO_ADDR_WIDTH' becomes localparam in 'dma_ram_demux_rd' with formal parameter declaration list (VERI-1199)
D:/FPGA/mqnic_prj/mqnic_prj.srcs/sources_1/imports/fpga_pcie/lib/pcie/rtl/dma_ram_demux_rd.v(82): WARNING: parameter 'OUTPUT_FIFO_ADDR_WIDTH' becomes localparam in 'dma_ram_demux_rd' with formal parameter declaration list (VERI-1199)
INFO: analyzing module dma_ram_demux_wr (VERI-9002)
D:/FPGA/mqnic_prj/mqnic_prj.srcs/sources_1/imports/fpga_pcie/lib/pcie/rtl/dma_ram_demux_wr.v(79): WARNING: parameter 'CL_PORTS' becomes localparam in 'dma_ram_demux_wr' with formal parameter declaration list (VERI-1199)
D:/FPGA/mqnic_prj/mqnic_prj.srcs/sources_1/imports/fpga_pcie/lib/pcie/rtl/dma_ram_demux_wr.v(81): WARNING: parameter 'S_RAM_SEL_WIDTH_INT' becomes localparam in 'dma_ram_demux_wr' with formal parameter declaration list (VERI-1199)
D:/FPGA/mqnic_prj/mqnic_prj.srcs/sources_1/imports/fpga_pcie/lib/pcie/rtl/dma_ram_demux_wr.v(83): WARNING: parameter 'FIFO_ADDR_WIDTH' becomes localparam in 'dma_ram_demux_wr' with formal parameter declaration list (VERI-1199)
INFO: analyzing module eth_mac_1g (VERI-9002)
D:/FPGA/mqnic_prj/rtl/gmii_mac/eth_mac_1g.v(191): WARNING: parameter 'MAC_CTRL_ENABLE' becomes localparam in 'eth_mac_1g' with formal parameter declaration list (VERI-1199)
D:/FPGA/mqnic_prj/rtl/gmii_mac/eth_mac_1g.v(192): WARNING: parameter 'TX_USER_WIDTH_INT' becomes localparam in 'eth_mac_1g' with formal parameter declaration list (VERI-1199)
INFO: analyzing module eth_mac_1g_fifo (VERI-9002)
INFO: analyzing module fpga_core (VERI-9002)
D:/FPGA/mqnic_prj/mqnic_prj.srcs/sources_1/imports/fpga_pcie/rtl/fpga_core.v(390): WARNING: parameter 'PORT_COUNT' becomes localparam in 'fpga_core' with formal parameter declaration list (VERI-1199)
D:/FPGA/mqnic_prj/mqnic_prj.srcs/sources_1/imports/fpga_pcie/rtl/fpga_core.v(391): WARNING: parameter 'F_COUNT' becomes localparam in 'fpga_core' with formal parameter declaration list (VERI-1199)
D:/FPGA/mqnic_prj/mqnic_prj.srcs/sources_1/imports/fpga_pcie/rtl/fpga_core.v(392): WARNING: parameter 'AXIL_CTRL_STRB_WIDTH' becomes localparam in 'fpga_core' with formal parameter declaration list (VERI-1199)
D:/FPGA/mqnic_prj/mqnic_prj.srcs/sources_1/imports/fpga_pcie/rtl/fpga_core.v(393): WARNING: parameter 'AXIL_IF_CTRL_ADDR_WIDTH' becomes localparam in 'fpga_core' with formal parameter declaration list (VERI-1199)
D:/FPGA/mqnic_prj/mqnic_prj.srcs/sources_1/imports/fpga_pcie/rtl/fpga_core.v(394): WARNING: parameter 'AXIL_CSR_ADDR_WIDTH' becomes localparam in 'fpga_core' with formal parameter declaration list (VERI-1199)
INFO: analyzing module irq_rate_limit (VERI-9002)
INFO: analyzing module lfsr (VERI-9002)
D:/FPGA/mqnic_prj/mqnic_prj.srcs/sources_1/imports/fpga_pcie/lib/eth/rtl/lfsr.v(355): WARNING: parameter 'STYLE_INT' becomes localparam in 'lfsr' with formal parameter declaration list (VERI-1199)
INFO: analyzing module mac_ctrl_rx (VERI-9002)
D:/FPGA/mqnic_prj/mqnic_prj.srcs/sources_1/imports/fpga_pcie/lib/eth/rtl/mac_ctrl_rx.v(112): WARNING: parameter 'BYTE_LANES' becomes localparam in 'mac_ctrl_rx' with formal parameter declaration list (VERI-1199)
D:/FPGA/mqnic_prj/mqnic_prj.srcs/sources_1/imports/fpga_pcie/lib/eth/rtl/mac_ctrl_rx.v(114): WARNING: parameter 'HDR_SIZE' becomes localparam in 'mac_ctrl_rx' with formal parameter declaration list (VERI-1199)
D:/FPGA/mqnic_prj/mqnic_prj.srcs/sources_1/imports/fpga_pcie/lib/eth/rtl/mac_ctrl_rx.v(116): WARNING: parameter 'CYCLE_COUNT' becomes localparam in 'mac_ctrl_rx' with formal parameter declaration list (VERI-1199)
D:/FPGA/mqnic_prj/mqnic_prj.srcs/sources_1/imports/fpga_pcie/lib/eth/rtl/mac_ctrl_rx.v(118): WARNING: parameter 'PTR_WIDTH' becomes localparam in 'mac_ctrl_rx' with formal parameter declaration list (VERI-1199)
D:/FPGA/mqnic_prj/mqnic_prj.srcs/sources_1/imports/fpga_pcie/lib/eth/rtl/mac_ctrl_rx.v(120): WARNING: parameter 'OFFSET' becomes localparam in 'mac_ctrl_rx' with formal parameter declaration list (VERI-1199)
INFO: analyzing module mac_ctrl_tx (VERI-9002)
D:/FPGA/mqnic_prj/mqnic_prj.srcs/sources_1/imports/fpga_pcie/lib/eth/rtl/mac_ctrl_tx.v(101): WARNING: parameter 'BYTE_LANES' becomes localparam in 'mac_ctrl_tx' with formal parameter declaration list (VERI-1199)
D:/FPGA/mqnic_prj/mqnic_prj.srcs/sources_1/imports/fpga_pcie/lib/eth/rtl/mac_ctrl_tx.v(103): WARNING: parameter 'HDR_SIZE' becomes localparam in 'mac_ctrl_tx' with formal parameter declaration list (VERI-1199)
D:/FPGA/mqnic_prj/mqnic_prj.srcs/sources_1/imports/fpga_pcie/lib/eth/rtl/mac_ctrl_tx.v(105): WARNING: parameter 'CYCLE_COUNT' becomes localparam in 'mac_ctrl_tx' with formal parameter declaration list (VERI-1199)
D:/FPGA/mqnic_prj/mqnic_prj.srcs/sources_1/imports/fpga_pcie/lib/eth/rtl/mac_ctrl_tx.v(107): WARNING: parameter 'PTR_WIDTH' becomes localparam in 'mac_ctrl_tx' with formal parameter declaration list (VERI-1199)
D:/FPGA/mqnic_prj/mqnic_prj.srcs/sources_1/imports/fpga_pcie/lib/eth/rtl/mac_ctrl_tx.v(109): WARNING: parameter 'OFFSET' becomes localparam in 'mac_ctrl_tx' with formal parameter declaration list (VERI-1199)
INFO: analyzing module mac_pause_ctrl_rx (VERI-9002)
INFO: analyzing module mac_pause_ctrl_tx (VERI-9002)
INFO: analyzing module mqnic_core (VERI-9002)
D:/FPGA/mqnic_prj/mqnic_prj.srcs/sources_1/imports/fpga_pcie/rtl/common/mqnic_core.v(576): WARNING: parameter 'IF_COUNT_INT' becomes localparam in 'mqnic_core' with formal parameter declaration list (VERI-1199)
D:/FPGA/mqnic_prj/mqnic_prj.srcs/sources_1/imports/fpga_pcie/rtl/common/mqnic_core.v(578): WARNING: parameter 'IF_DMA_TAG_WIDTH' becomes localparam in 'mqnic_core' with formal parameter declaration list (VERI-1199)
D:/FPGA/mqnic_prj/mqnic_prj.srcs/sources_1/imports/fpga_pcie/rtl/common/mqnic_core.v(580): WARNING: parameter 'AXIS_TX_ID_WIDTH' becomes localparam in 'mqnic_core' with formal parameter declaration list (VERI-1199)
D:/FPGA/mqnic_prj/mqnic_prj.srcs/sources_1/imports/fpga_pcie/rtl/common/mqnic_core.v(581): WARNING: parameter 'AXIS_TX_DEST_WIDTH' becomes localparam in 'mqnic_core' with formal parameter declaration list (VERI-1199)
D:/FPGA/mqnic_prj/mqnic_prj.srcs/sources_1/imports/fpga_pcie/rtl/common/mqnic_core.v(582): WARNING: parameter 'AXIS_RX_DEST_WIDTH' becomes localparam in 'mqnic_core' with formal parameter declaration list (VERI-1199)
D:/FPGA/mqnic_prj/mqnic_prj.srcs/sources_1/imports/fpga_pcie/rtl/common/mqnic_core.v(584): WARNING: parameter 'AXIS_SYNC_KEEP_WIDTH' becomes localparam in 'mqnic_core' with formal parameter declaration list (VERI-1199)
D:/FPGA/mqnic_prj/mqnic_prj.srcs/sources_1/imports/fpga_pcie/rtl/common/mqnic_core.v(586): WARNING: parameter 'AXIS_IF_KEEP_WIDTH' becomes localparam in 'mqnic_core' with formal parameter declaration list (VERI-1199)
D:/FPGA/mqnic_prj/mqnic_prj.srcs/sources_1/imports/fpga_pcie/rtl/common/mqnic_core.v(588): WARNING: parameter 'AXIS_IF_TX_ID_WIDTH' becomes localparam in 'mqnic_core' with formal parameter declaration list (VERI-1199)
D:/FPGA/mqnic_prj/mqnic_prj.srcs/sources_1/imports/fpga_pcie/rtl/common/mqnic_core.v(589): WARNING: parameter 'AXIS_IF_RX_ID_WIDTH' becomes localparam in 'mqnic_core' with formal parameter declaration list (VERI-1199)
D:/FPGA/mqnic_prj/mqnic_prj.srcs/sources_1/imports/fpga_pcie/rtl/common/mqnic_core.v(590): WARNING: parameter 'AXIS_IF_TX_DEST_WIDTH' becomes localparam in 'mqnic_core' with formal parameter declaration list (VERI-1199)
D:/FPGA/mqnic_prj/mqnic_prj.srcs/sources_1/imports/fpga_pcie/rtl/common/mqnic_core.v(591): WARNING: parameter 'AXIS_IF_RX_DEST_WIDTH' becomes localparam in 'mqnic_core' with formal parameter declaration list (VERI-1199)
D:/FPGA/mqnic_prj/mqnic_prj.srcs/sources_1/imports/fpga_pcie/rtl/common/mqnic_core.v(592): WARNING: parameter 'AXIS_IF_TX_USER_WIDTH' becomes localparam in 'mqnic_core' with formal parameter declaration list (VERI-1199)
D:/FPGA/mqnic_prj/mqnic_prj.srcs/sources_1/imports/fpga_pcie/rtl/common/mqnic_core.v(593): WARNING: parameter 'AXIS_IF_RX_USER_WIDTH' becomes localparam in 'mqnic_core' with formal parameter declaration list (VERI-1199)
INFO: analyzing module mqnic_core_pcie (VERI-9002)
D:/FPGA/mqnic_prj/mqnic_prj.srcs/sources_1/imports/fpga_pcie/rtl/common/mqnic_core_pcie.v(554): WARNING: parameter 'DMA_ADDR_WIDTH' becomes localparam in 'mqnic_core_pcie' with formal parameter declaration list (VERI-1199)
D:/FPGA/mqnic_prj/mqnic_prj.srcs/sources_1/imports/fpga_pcie/rtl/common/mqnic_core_pcie.v(556): WARNING: parameter 'IF_RAM_SEL_WIDTH' becomes localparam in 'mqnic_core_pcie' with formal parameter declaration list (VERI-1199)
D:/FPGA/mqnic_prj/mqnic_prj.srcs/sources_1/imports/fpga_pcie/rtl/common/mqnic_core_pcie.v(557): WARNING: parameter 'RAM_SEL_WIDTH' becomes localparam in 'mqnic_core_pcie' with formal parameter declaration list (VERI-1199)
D:/FPGA/mqnic_prj/mqnic_prj.srcs/sources_1/imports/fpga_pcie/rtl/common/mqnic_core_pcie.v(558): WARNING: parameter 'RAM_SEG_COUNT' becomes localparam in 'mqnic_core_pcie' with formal parameter declaration list (VERI-1199)
D:/FPGA/mqnic_prj/mqnic_prj.srcs/sources_1/imports/fpga_pcie/rtl/common/mqnic_core_pcie.v(559): WARNING: parameter 'RAM_SEG_DATA_WIDTH' becomes localparam in 'mqnic_core_pcie' with formal parameter declaration list (VERI-1199)
D:/FPGA/mqnic_prj/mqnic_prj.srcs/sources_1/imports/fpga_pcie/rtl/common/mqnic_core_pcie.v(560): WARNING: parameter 'RAM_SEG_BE_WIDTH' becomes localparam in 'mqnic_core_pcie' with formal parameter declaration list (VERI-1199)
D:/FPGA/mqnic_prj/mqnic_prj.srcs/sources_1/imports/fpga_pcie/rtl/common/mqnic_core_pcie.v(561): WARNING: parameter 'RAM_SEG_ADDR_WIDTH' becomes localparam in 'mqnic_core_pcie' with formal parameter declaration list (VERI-1199)
D:/FPGA/mqnic_prj/mqnic_prj.srcs/sources_1/imports/fpga_pcie/rtl/common/mqnic_core_pcie.v(563): WARNING: parameter 'AXIL_MSIX_ADDR_WIDTH' becomes localparam in 'mqnic_core_pcie' with formal parameter declaration list (VERI-1199)
D:/FPGA/mqnic_prj/mqnic_prj.srcs/sources_1/imports/fpga_pcie/rtl/common/mqnic_core_pcie.v(564): WARNING: parameter 'AXIL_APP_CTRL_STRB_WIDTH' becomes localparam in 'mqnic_core_pcie' with formal parameter declaration list (VERI-1199)
INFO: analyzing module mqnic_core_pcie_us (VERI-9002)
D:/FPGA/mqnic_prj/mqnic_prj.srcs/sources_1/imports/fpga_pcie/rtl/common/mqnic_core_pcie_us.v(559): WARNING: parameter 'TLP_DATA_WIDTH' becomes localparam in 'mqnic_core_pcie_us' with formal parameter declaration list (VERI-1199)
D:/FPGA/mqnic_prj/mqnic_prj.srcs/sources_1/imports/fpga_pcie/rtl/common/mqnic_core_pcie_us.v(560): WARNING: parameter 'TLP_STRB_WIDTH' becomes localparam in 'mqnic_core_pcie_us' with formal parameter declaration list (VERI-1199)
D:/FPGA/mqnic_prj/mqnic_prj.srcs/sources_1/imports/fpga_pcie/rtl/common/mqnic_core_pcie_us.v(561): WARNING: parameter 'TLP_HDR_WIDTH' becomes localparam in 'mqnic_core_pcie_us' with formal parameter declaration list (VERI-1199)
D:/FPGA/mqnic_prj/mqnic_prj.srcs/sources_1/imports/fpga_pcie/rtl/common/mqnic_core_pcie_us.v(562): WARNING: parameter 'TLP_SEG_COUNT' becomes localparam in 'mqnic_core_pcie_us' with formal parameter declaration list (VERI-1199)
D:/FPGA/mqnic_prj/mqnic_prj.srcs/sources_1/imports/fpga_pcie/rtl/common/mqnic_core_pcie_us.v(563): WARNING: parameter 'TX_SEQ_NUM_COUNT' becomes localparam in 'mqnic_core_pcie_us' with formal parameter declaration list (VERI-1199)
D:/FPGA/mqnic_prj/mqnic_prj.srcs/sources_1/imports/fpga_pcie/rtl/common/mqnic_core_pcie_us.v(564): WARNING: parameter 'TX_SEQ_NUM_WIDTH' becomes localparam in 'mqnic_core_pcie_us' with formal parameter declaration list (VERI-1199)
INFO: analyzing module mqnic_dram_if (VERI-9002)
INFO: analyzing module mqnic_egress (VERI-9002)
INFO: analyzing module mqnic_ingress (VERI-9002)
INFO: analyzing module mqnic_interface (VERI-9002)
D:/FPGA/mqnic_prj/mqnic_prj.srcs/sources_1/imports/fpga_pcie/rtl/common/mqnic_interface.v(509): WARNING: parameter 'DESC_SIZE' becomes localparam in 'mqnic_interface' with formal parameter declaration list (VERI-1199)
D:/FPGA/mqnic_prj/mqnic_prj.srcs/sources_1/imports/fpga_pcie/rtl/common/mqnic_interface.v(510): WARNING: parameter 'CPL_SIZE' becomes localparam in 'mqnic_interface' with formal parameter declaration list (VERI-1199)
D:/FPGA/mqnic_prj/mqnic_prj.srcs/sources_1/imports/fpga_pcie/rtl/common/mqnic_interface.v(511): WARNING: parameter 'EVENT_SIZE' becomes localparam in 'mqnic_interface' with formal parameter declaration list (VERI-1199)
D:/FPGA/mqnic_prj/mqnic_prj.srcs/sources_1/imports/fpga_pcie/rtl/common/mqnic_interface.v(513): WARNING: parameter 'AXIS_DESC_DATA_WIDTH' becomes localparam in 'mqnic_interface' with formal parameter declaration list (VERI-1199)
D:/FPGA/mqnic_prj/mqnic_prj.srcs/sources_1/imports/fpga_pcie/rtl/common/mqnic_interface.v(514): WARNING: parameter 'AXIS_DESC_KEEP_WIDTH' becomes localparam in 'mqnic_interface' with formal parameter declaration list (VERI-1199)
D:/FPGA/mqnic_prj/mqnic_prj.srcs/sources_1/imports/fpga_pcie/rtl/common/mqnic_interface.v(516): WARNING: parameter 'EVENT_SOURCE_WIDTH' becomes localparam in 'mqnic_interface' with formal parameter declaration list (VERI-1199)
D:/FPGA/mqnic_prj/mqnic_prj.srcs/sources_1/imports/fpga_pcie/rtl/common/mqnic_interface.v(517): WARNING: parameter 'EVENT_TYPE_WIDTH' becomes localparam in 'mqnic_interface' with formal parameter declaration list (VERI-1199)
D:/FPGA/mqnic_prj/mqnic_prj.srcs/sources_1/imports/fpga_pcie/rtl/common/mqnic_interface.v(519): WARNING: parameter 'MAX_DESC_TABLE_SIZE' becomes localparam in 'mqnic_interface' with formal parameter declaration list (VERI-1199)
D:/FPGA/mqnic_prj/mqnic_prj.srcs/sources_1/imports/fpga_pcie/rtl/common/mqnic_interface.v(521): WARNING: parameter 'REQ_TAG_WIDTH_INT' becomes localparam in 'mqnic_interface' with formal parameter declaration list (VERI-1199)
D:/FPGA/mqnic_prj/mqnic_prj.srcs/sources_1/imports/fpga_pcie/rtl/common/mqnic_interface.v(522): WARNING: parameter 'REQ_TAG_WIDTH' becomes localparam in 'mqnic_interface' with formal parameter declaration list (VERI-1199)
D:/FPGA/mqnic_prj/mqnic_prj.srcs/sources_1/imports/fpga_pcie/rtl/common/mqnic_interface.v(524): WARNING: parameter 'DESC_REQ_TAG_WIDTH_INT' becomes localparam in 'mqnic_interface' with formal parameter declaration list (VERI-1199)
D:/FPGA/mqnic_prj/mqnic_prj.srcs/sources_1/imports/fpga_pcie/rtl/common/mqnic_interface.v(525): WARNING: parameter 'DESC_REQ_TAG_WIDTH' becomes localparam in 'mqnic_interface' with formal parameter declaration list (VERI-1199)
D:/FPGA/mqnic_prj/mqnic_prj.srcs/sources_1/imports/fpga_pcie/rtl/common/mqnic_interface.v(527): WARNING: parameter 'CPL_REQ_TAG_WIDTH_INT' becomes localparam in 'mqnic_interface' with formal parameter declaration list (VERI-1199)
D:/FPGA/mqnic_prj/mqnic_prj.srcs/sources_1/imports/fpga_pcie/rtl/common/mqnic_interface.v(528): WARNING: parameter 'CPL_REQ_TAG_WIDTH' becomes localparam in 'mqnic_interface' with formal parameter declaration list (VERI-1199)
D:/FPGA/mqnic_prj/mqnic_prj.srcs/sources_1/imports/fpga_pcie/rtl/common/mqnic_interface.v(530): WARNING: parameter 'QUEUE_REQ_TAG_WIDTH' becomes localparam in 'mqnic_interface' with formal parameter declaration list (VERI-1199)
D:/FPGA/mqnic_prj/mqnic_prj.srcs/sources_1/imports/fpga_pcie/rtl/common/mqnic_interface.v(531): WARNING: parameter 'CPL_QUEUE_REQ_TAG_WIDTH' becomes localparam in 'mqnic_interface' with formal parameter declaration list (VERI-1199)
D:/FPGA/mqnic_prj/mqnic_prj.srcs/sources_1/imports/fpga_pcie/rtl/common/mqnic_interface.v(532): WARNING: parameter 'QUEUE_OP_TAG_WIDTH' becomes localparam in 'mqnic_interface' with formal parameter declaration list (VERI-1199)
D:/FPGA/mqnic_prj/mqnic_prj.srcs/sources_1/imports/fpga_pcie/rtl/common/mqnic_interface.v(534): WARNING: parameter 'DMA_CLIENT_LEN_WIDTH' becomes localparam in 'mqnic_interface' with formal parameter declaration list (VERI-1199)
D:/FPGA/mqnic_prj/mqnic_prj.srcs/sources_1/imports/fpga_pcie/rtl/common/mqnic_interface.v(536): WARNING: parameter 'QUEUE_INDEX_WIDTH' becomes localparam in 'mqnic_interface' with formal parameter declaration list (VERI-1199)
D:/FPGA/mqnic_prj/mqnic_prj.srcs/sources_1/imports/fpga_pcie/rtl/common/mqnic_interface.v(538): WARNING: parameter 'AXIL_CSR_ADDR_WIDTH' becomes localparam in 'mqnic_interface' with formal parameter declaration list (VERI-1199)
D:/FPGA/mqnic_prj/mqnic_prj.srcs/sources_1/imports/fpga_pcie/rtl/common/mqnic_interface.v(539): WARNING: parameter 'AXIL_CTRL_ADDR_WIDTH' becomes localparam in 'mqnic_interface' with formal parameter declaration list (VERI-1199)
D:/FPGA/mqnic_prj/mqnic_prj.srcs/sources_1/imports/fpga_pcie/rtl/common/mqnic_interface.v(540): WARNING: parameter 'AXIL_RX_INDIR_TBL_ADDR_WIDTH' becomes localparam in 'mqnic_interface' with formal parameter declaration list (VERI-1199)
D:/FPGA/mqnic_prj/mqnic_prj.srcs/sources_1/imports/fpga_pcie/rtl/common/mqnic_interface.v(541): WARNING: parameter 'AXIL_EQM_ADDR_WIDTH' becomes localparam in 'mqnic_interface' with formal parameter declaration list (VERI-1199)
D:/FPGA/mqnic_prj/mqnic_prj.srcs/sources_1/imports/fpga_pcie/rtl/common/mqnic_interface.v(542): WARNING: parameter 'AXIL_CQM_ADDR_WIDTH' becomes localparam in 'mqnic_interface' with formal parameter declaration list (VERI-1199)
D:/FPGA/mqnic_prj/mqnic_prj.srcs/sources_1/imports/fpga_pcie/rtl/common/mqnic_interface.v(543): WARNING: parameter 'AXIL_TX_QM_ADDR_WIDTH' becomes localparam in 'mqnic_interface' with formal parameter declaration list (VERI-1199)
D:/FPGA/mqnic_prj/mqnic_prj.srcs/sources_1/imports/fpga_pcie/rtl/common/mqnic_interface.v(544): WARNING: parameter 'AXIL_RX_QM_ADDR_WIDTH' becomes localparam in 'mqnic_interface' with formal parameter declaration list (VERI-1199)
D:/FPGA/mqnic_prj/mqnic_prj.srcs/sources_1/imports/fpga_pcie/rtl/common/mqnic_interface.v(545): WARNING: parameter 'AXIL_SCHED_ADDR_WIDTH' becomes localparam in 'mqnic_interface' with formal parameter declaration list (VERI-1199)
D:/FPGA/mqnic_prj/mqnic_prj.srcs/sources_1/imports/fpga_pcie/rtl/common/mqnic_interface.v(547): WARNING: parameter 'AXIL_CSR_BASE_ADDR' becomes localparam in 'mqnic_interface' with formal parameter declaration list (VERI-1199)
D:/FPGA/mqnic_prj/mqnic_prj.srcs/sources_1/imports/fpga_pcie/rtl/common/mqnic_interface.v(548): WARNING: parameter 'AXIL_CTRL_BASE_ADDR' becomes localparam in 'mqnic_interface' with formal parameter declaration list (VERI-1199)
D:/FPGA/mqnic_prj/mqnic_prj.srcs/sources_1/imports/fpga_pcie/rtl/common/mqnic_interface.v(549): WARNING: parameter 'AXIL_RX_INDIR_TBL_BASE_ADDR' becomes localparam in 'mqnic_interface' with formal parameter declaration list (VERI-1199)
D:/FPGA/mqnic_prj/mqnic_prj.srcs/sources_1/imports/fpga_pcie/rtl/common/mqnic_interface.v(550): WARNING: parameter 'AXIL_EQM_BASE_ADDR' becomes localparam in 'mqnic_interface' with formal parameter declaration list (VERI-1199)
D:/FPGA/mqnic_prj/mqnic_prj.srcs/sources_1/imports/fpga_pcie/rtl/common/mqnic_interface.v(551): WARNING: parameter 'AXIL_CQM_BASE_ADDR' becomes localparam in 'mqnic_interface' with formal parameter declaration list (VERI-1199)
D:/FPGA/mqnic_prj/mqnic_prj.srcs/sources_1/imports/fpga_pcie/rtl/common/mqnic_interface.v(552): WARNING: parameter 'AXIL_TX_QM_BASE_ADDR' becomes localparam in 'mqnic_interface' with formal parameter declaration list (VERI-1199)
D:/FPGA/mqnic_prj/mqnic_prj.srcs/sources_1/imports/fpga_pcie/rtl/common/mqnic_interface.v(553): WARNING: parameter 'AXIL_RX_QM_BASE_ADDR' becomes localparam in 'mqnic_interface' with formal parameter declaration list (VERI-1199)
D:/FPGA/mqnic_prj/mqnic_prj.srcs/sources_1/imports/fpga_pcie/rtl/common/mqnic_interface.v(554): WARNING: parameter 'AXIL_SCHED_BASE_ADDR' becomes localparam in 'mqnic_interface' with formal parameter declaration list (VERI-1199)
D:/FPGA/mqnic_prj/mqnic_prj.srcs/sources_1/imports/fpga_pcie/rtl/common/mqnic_interface.v(1183): WARNING: parameter 'AXIL_S_COUNT' becomes localparam in 'mqnic_interface' with formal parameter declaration list (VERI-1199)
D:/FPGA/mqnic_prj/mqnic_prj.srcs/sources_1/imports/fpga_pcie/rtl/common/mqnic_interface.v(1184): WARNING: parameter 'AXIL_M_COUNT' becomes localparam in 'mqnic_interface' with formal parameter declaration list (VERI-1199)
INFO: analyzing module mqnic_interface_rx (VERI-9002)
D:/FPGA/mqnic_prj/mqnic_prj.srcs/sources_1/imports/fpga_pcie/rtl/common/mqnic_interface_rx.v(215): WARNING: identifier 'DMA_CLIENT_LEN_WIDTH' is used before its declaration (VERI-1875)
D:/FPGA/mqnic_prj/mqnic_prj.srcs/sources_1/imports/fpga_pcie/rtl/common/mqnic_interface_rx.v(218): WARNING: parameter 'DMA_CLIENT_TAG_WIDTH' becomes localparam in 'mqnic_interface_rx' with formal parameter declaration list (VERI-1199)
D:/FPGA/mqnic_prj/mqnic_prj.srcs/sources_1/imports/fpga_pcie/rtl/common/mqnic_interface_rx.v(219): WARNING: parameter 'DMA_CLIENT_LEN_WIDTH' becomes localparam in 'mqnic_interface_rx' with formal parameter declaration list (VERI-1199)
D:/FPGA/mqnic_prj/mqnic_prj.srcs/sources_1/imports/fpga_pcie/rtl/common/mqnic_interface_rx.v(221): WARNING: parameter 'REQ_TAG_WIDTH' becomes localparam in 'mqnic_interface_rx' with formal parameter declaration list (VERI-1199)
INFO: analyzing module mqnic_interface_tx (VERI-9002)
D:/FPGA/mqnic_prj/mqnic_prj.srcs/sources_1/imports/fpga_pcie/rtl/common/mqnic_interface_tx.v(87): WARNING: identifier 'DMA_CLIENT_LEN_WIDTH' is used before its declaration (VERI-1875)
D:/FPGA/mqnic_prj/mqnic_prj.srcs/sources_1/imports/fpga_pcie/rtl/common/mqnic_interface_tx.v(188): WARNING: identifier 'DMA_CLIENT_LEN_WIDTH' is used before its declaration (VERI-1875)
D:/FPGA/mqnic_prj/mqnic_prj.srcs/sources_1/imports/fpga_pcie/rtl/common/mqnic_interface_tx.v(191): WARNING: parameter 'DMA_CLIENT_TAG_WIDTH' becomes localparam in 'mqnic_interface_tx' with formal parameter declaration list (VERI-1199)
D:/FPGA/mqnic_prj/mqnic_prj.srcs/sources_1/imports/fpga_pcie/rtl/common/mqnic_interface_tx.v(192): WARNING: parameter 'DMA_CLIENT_LEN_WIDTH' becomes localparam in 'mqnic_interface_tx' with formal parameter declaration list (VERI-1199)
INFO: analyzing module mqnic_l2_egress (VERI-9002)
INFO: analyzing module mqnic_l2_ingress (VERI-9002)
INFO: analyzing module mqnic_port (VERI-9002)
INFO: analyzing module mqnic_port_rx (VERI-9002)
INFO: analyzing module mqnic_port_tx (VERI-9002)
INFO: analyzing module mqnic_ptp (VERI-9002)
INFO: analyzing module mqnic_ptp_clock (VERI-9002)
D:/FPGA/mqnic_prj/mqnic_prj.srcs/sources_1/imports/fpga_pcie/rtl/common/mqnic_ptp_clock.v(63): WARNING: parameter 'PTP_FNS_WIDTH' becomes localparam in 'mqnic_ptp_clock' with formal parameter declaration list (VERI-1199)
D:/FPGA/mqnic_prj/mqnic_prj.srcs/sources_1/imports/fpga_pcie/rtl/common/mqnic_ptp_clock.v(65): WARNING: parameter 'PTP_CLK_PERIOD_NS' becomes localparam in 'mqnic_ptp_clock' with formal parameter declaration list (VERI-1199)
D:/FPGA/mqnic_prj/mqnic_prj.srcs/sources_1/imports/fpga_pcie/rtl/common/mqnic_ptp_clock.v(66): WARNING: parameter 'PTP_CLK_PERIOD_NS_REM' becomes localparam in 'mqnic_ptp_clock' with formal parameter declaration list (VERI-1199)
D:/FPGA/mqnic_prj/mqnic_prj.srcs/sources_1/imports/fpga_pcie/rtl/common/mqnic_ptp_clock.v(67): WARNING: parameter 'PTP_CLK_PERIOD_FNS' becomes localparam in 'mqnic_ptp_clock' with formal parameter declaration list (VERI-1199)
D:/FPGA/mqnic_prj/mqnic_prj.srcs/sources_1/imports/fpga_pcie/rtl/common/mqnic_ptp_clock.v(68): WARNING: parameter 'PTP_CLK_PERIOD_FNS_REM' becomes localparam in 'mqnic_ptp_clock' with formal parameter declaration list (VERI-1199)
INFO: analyzing module mqnic_ptp_perout (VERI-9002)
INFO: analyzing module mqnic_rb_clk_info (VERI-9002)
INFO: analyzing module mqnic_rx_queue_map (VERI-9002)
INFO: analyzing module mqnic_tx_scheduler_block (VERI-9002)
D:/FPGA/mqnic_prj/mqnic_prj.srcs/sources_1/imports/fpga_pcie/rtl/common/mqnic_tx_scheduler_block_rr.v(151): WARNING: parameter 'SCHED_COUNT' becomes localparam in 'mqnic_tx_scheduler_block' with formal parameter declaration list (VERI-1199)
D:/FPGA/mqnic_prj/mqnic_prj.srcs/sources_1/imports/fpga_pcie/rtl/common/mqnic_tx_scheduler_block_rr.v(152): WARNING: parameter 'AXIL_SCHED_ADDR_WIDTH' becomes localparam in 'mqnic_tx_scheduler_block' with formal parameter declaration list (VERI-1199)
INFO: analyzing module pcie_axil_master (VERI-9002)
D:/FPGA/mqnic_prj/mqnic_prj.srcs/sources_1/imports/fpga_pcie/lib/pcie/rtl/pcie_axil_master.v(113): WARNING: parameter 'TLP_DATA_WIDTH_BYTES' becomes localparam in 'pcie_axil_master' with formal parameter declaration list (VERI-1199)
D:/FPGA/mqnic_prj/mqnic_prj.srcs/sources_1/imports/fpga_pcie/lib/pcie/rtl/pcie_axil_master.v(114): WARNING: parameter 'TLP_DATA_WIDTH_DWORDS' becomes localparam in 'pcie_axil_master' with formal parameter declaration list (VERI-1199)
D:/FPGA/mqnic_prj/mqnic_prj.srcs/sources_1/imports/fpga_pcie/lib/pcie/rtl/pcie_axil_master.v(116): WARNING: parameter 'CHUNK_WIDTH' becomes localparam in 'pcie_axil_master' with formal parameter declaration list (VERI-1199)
D:/FPGA/mqnic_prj/mqnic_prj.srcs/sources_1/imports/fpga_pcie/lib/pcie/rtl/pcie_axil_master.v(118): WARNING: parameter 'RESP_FIFO_ADDR_WIDTH' becomes localparam in 'pcie_axil_master' with formal parameter declaration list (VERI-1199)
INFO: analyzing module pcie_msix (VERI-9002)
D:/FPGA/mqnic_prj/mqnic_prj.srcs/sources_1/imports/fpga_pcie/lib/pcie/rtl/pcie_msix.v(101): WARNING: parameter 'TBL_ADDR_WIDTH' becomes localparam in 'pcie_msix' with formal parameter declaration list (VERI-1199)
D:/FPGA/mqnic_prj/mqnic_prj.srcs/sources_1/imports/fpga_pcie/lib/pcie/rtl/pcie_msix.v(102): WARNING: parameter 'PBA_ADDR_WIDTH' becomes localparam in 'pcie_msix' with formal parameter declaration list (VERI-1199)
D:/FPGA/mqnic_prj/mqnic_prj.srcs/sources_1/imports/fpga_pcie/lib/pcie/rtl/pcie_msix.v(103): WARNING: parameter 'PBA_ADDR_WIDTH_INT' becomes localparam in 'pcie_msix' with formal parameter declaration list (VERI-1199)
D:/FPGA/mqnic_prj/mqnic_prj.srcs/sources_1/imports/fpga_pcie/lib/pcie/rtl/pcie_msix.v(105): WARNING: parameter 'INDEX_SHIFT' becomes localparam in 'pcie_msix' with formal parameter declaration list (VERI-1199)
D:/FPGA/mqnic_prj/mqnic_prj.srcs/sources_1/imports/fpga_pcie/lib/pcie/rtl/pcie_msix.v(106): WARNING: parameter 'WORD_SELECT_SHIFT' becomes localparam in 'pcie_msix' with formal parameter declaration list (VERI-1199)
D:/FPGA/mqnic_prj/mqnic_prj.srcs/sources_1/imports/fpga_pcie/lib/pcie/rtl/pcie_msix.v(107): WARNING: parameter 'WORD_SELECT_WIDTH' becomes localparam in 'pcie_msix' with formal parameter declaration list (VERI-1199)
INFO: analyzing module pcie_tlp_demux (VERI-9002)
D:/FPGA/mqnic_prj/mqnic_prj.srcs/sources_1/imports/fpga_pcie/lib/pcie/rtl/pcie_tlp_demux.v(112): WARNING: parameter 'CL_PORTS' becomes localparam in 'pcie_tlp_demux' with formal parameter declaration list (VERI-1199)
D:/FPGA/mqnic_prj/mqnic_prj.srcs/sources_1/imports/fpga_pcie/lib/pcie/rtl/pcie_tlp_demux.v(114): WARNING: parameter 'TLP_SEG_DATA_WIDTH' becomes localparam in 'pcie_tlp_demux' with formal parameter declaration list (VERI-1199)
D:/FPGA/mqnic_prj/mqnic_prj.srcs/sources_1/imports/fpga_pcie/lib/pcie/rtl/pcie_tlp_demux.v(115): WARNING: parameter 'TLP_SEG_STRB_WIDTH' becomes localparam in 'pcie_tlp_demux' with formal parameter declaration list (VERI-1199)
D:/FPGA/mqnic_prj/mqnic_prj.srcs/sources_1/imports/fpga_pcie/lib/pcie/rtl/pcie_tlp_demux.v(117): WARNING: parameter 'SEG_SEL_WIDTH' becomes localparam in 'pcie_tlp_demux' with formal parameter declaration list (VERI-1199)
INFO: analyzing module pcie_tlp_demux_bar (VERI-9002)
D:/FPGA/mqnic_prj/mqnic_prj.srcs/sources_1/imports/fpga_pcie/lib/pcie/rtl/pcie_tlp_demux_bar.v(123): WARNING: parameter 'BAR_IDS_INT' becomes localparam in 'pcie_tlp_demux_bar' with formal parameter declaration list (VERI-1199)
INFO: analyzing module pcie_tlp_fifo (VERI-9002)
D:/FPGA/mqnic_prj/mqnic_prj.srcs/sources_1/imports/fpga_pcie/lib/pcie/rtl/pcie_tlp_fifo.v(94): WARNING: parameter 'INT_TLP_SEG_COUNT' becomes localparam in 'pcie_tlp_fifo' with formal parameter declaration list (VERI-1199)
D:/FPGA/mqnic_prj/mqnic_prj.srcs/sources_1/imports/fpga_pcie/lib/pcie/rtl/pcie_tlp_fifo.v(96): WARNING: parameter 'IN_TLP_SEG_DATA_WIDTH' becomes localparam in 'pcie_tlp_fifo' with formal parameter declaration list (VERI-1199)
D:/FPGA/mqnic_prj/mqnic_prj.srcs/sources_1/imports/fpga_pcie/lib/pcie/rtl/pcie_tlp_fifo.v(97): WARNING: parameter 'IN_TLP_SEG_STRB_WIDTH' becomes localparam in 'pcie_tlp_fifo' with formal parameter declaration list (VERI-1199)
D:/FPGA/mqnic_prj/mqnic_prj.srcs/sources_1/imports/fpga_pcie/lib/pcie/rtl/pcie_tlp_fifo.v(99): WARNING: parameter 'INT_TLP_SEG_DATA_WIDTH' becomes localparam in 'pcie_tlp_fifo' with formal parameter declaration list (VERI-1199)
D:/FPGA/mqnic_prj/mqnic_prj.srcs/sources_1/imports/fpga_pcie/lib/pcie/rtl/pcie_tlp_fifo.v(100): WARNING: parameter 'INT_TLP_SEG_STRB_WIDTH' becomes localparam in 'pcie_tlp_fifo' with formal parameter declaration list (VERI-1199)
D:/FPGA/mqnic_prj/mqnic_prj.srcs/sources_1/imports/fpga_pcie/lib/pcie/rtl/pcie_tlp_fifo.v(102): WARNING: parameter 'OUT_TLP_SEG_DATA_WIDTH' becomes localparam in 'pcie_tlp_fifo' with formal parameter declaration list (VERI-1199)
D:/FPGA/mqnic_prj/mqnic_prj.srcs/sources_1/imports/fpga_pcie/lib/pcie/rtl/pcie_tlp_fifo.v(103): WARNING: parameter 'OUT_TLP_SEG_STRB_WIDTH' becomes localparam in 'pcie_tlp_fifo' with formal parameter declaration list (VERI-1199)
D:/FPGA/mqnic_prj/mqnic_prj.srcs/sources_1/imports/fpga_pcie/lib/pcie/rtl/pcie_tlp_fifo.v(105): WARNING: parameter 'SEG_RATIO' becomes localparam in 'pcie_tlp_fifo' with formal parameter declaration list (VERI-1199)
D:/FPGA/mqnic_prj/mqnic_prj.srcs/sources_1/imports/fpga_pcie/lib/pcie/rtl/pcie_tlp_fifo.v(106): WARNING: parameter 'SEG_SEL_WIDTH' becomes localparam in 'pcie_tlp_fifo' with formal parameter declaration list (VERI-1199)
D:/FPGA/mqnic_prj/mqnic_prj.srcs/sources_1/imports/fpga_pcie/lib/pcie/rtl/pcie_tlp_fifo.v(108): WARNING: parameter 'OUTPUT_FIFO_ADDR_WIDTH' becomes localparam in 'pcie_tlp_fifo' with formal parameter declaration list (VERI-1199)
INFO: analyzing module pcie_tlp_fifo_raw (VERI-9002)
D:/FPGA/mqnic_prj/mqnic_prj.srcs/sources_1/imports/fpga_pcie/lib/pcie/rtl/pcie_tlp_fifo_raw.v(111): WARNING: parameter 'IN_TLP_SEG_DATA_WIDTH' becomes localparam in 'pcie_tlp_fifo_raw' with formal parameter declaration list (VERI-1199)
D:/FPGA/mqnic_prj/mqnic_prj.srcs/sources_1/imports/fpga_pcie/lib/pcie/rtl/pcie_tlp_fifo_raw.v(112): WARNING: parameter 'IN_TLP_SEG_STRB_WIDTH' becomes localparam in 'pcie_tlp_fifo_raw' with formal parameter declaration list (VERI-1199)
D:/FPGA/mqnic_prj/mqnic_prj.srcs/sources_1/imports/fpga_pcie/lib/pcie/rtl/pcie_tlp_fifo_raw.v(114): WARNING: parameter 'OUT_TLP_SEG_DATA_WIDTH' becomes localparam in 'pcie_tlp_fifo_raw' with formal parameter declaration list (VERI-1199)
D:/FPGA/mqnic_prj/mqnic_prj.srcs/sources_1/imports/fpga_pcie/lib/pcie/rtl/pcie_tlp_fifo_raw.v(115): WARNING: parameter 'OUT_TLP_SEG_STRB_WIDTH' becomes localparam in 'pcie_tlp_fifo_raw' with formal parameter declaration list (VERI-1199)
D:/FPGA/mqnic_prj/mqnic_prj.srcs/sources_1/imports/fpga_pcie/lib/pcie/rtl/pcie_tlp_fifo_raw.v(117): WARNING: parameter 'SEG_RATIO' becomes localparam in 'pcie_tlp_fifo_raw' with formal parameter declaration list (VERI-1199)
D:/FPGA/mqnic_prj/mqnic_prj.srcs/sources_1/imports/fpga_pcie/lib/pcie/rtl/pcie_tlp_fifo_raw.v(118): WARNING: parameter 'ADDR_WIDTH' becomes localparam in 'pcie_tlp_fifo_raw' with formal parameter declaration list (VERI-1199)
D:/FPGA/mqnic_prj/mqnic_prj.srcs/sources_1/imports/fpga_pcie/lib/pcie/rtl/pcie_tlp_fifo_raw.v(119): WARNING: parameter 'PTR_WIDTH' becomes localparam in 'pcie_tlp_fifo_raw' with formal parameter declaration list (VERI-1199)
INFO: analyzing module pcie_tlp_mux (VERI-9002)
D:/FPGA/mqnic_prj/mqnic_prj.srcs/sources_1/imports/fpga_pcie/lib/pcie/rtl/pcie_tlp_mux.v(99): WARNING: parameter 'CL_PORTS' becomes localparam in 'pcie_tlp_mux' with formal parameter declaration list (VERI-1199)
D:/FPGA/mqnic_prj/mqnic_prj.srcs/sources_1/imports/fpga_pcie/lib/pcie/rtl/pcie_tlp_mux.v(101): WARNING: parameter 'TLP_SEG_DATA_WIDTH' becomes localparam in 'pcie_tlp_mux' with formal parameter declaration list (VERI-1199)
D:/FPGA/mqnic_prj/mqnic_prj.srcs/sources_1/imports/fpga_pcie/lib/pcie/rtl/pcie_tlp_mux.v(102): WARNING: parameter 'TLP_SEG_STRB_WIDTH' becomes localparam in 'pcie_tlp_mux' with formal parameter declaration list (VERI-1199)
D:/FPGA/mqnic_prj/mqnic_prj.srcs/sources_1/imports/fpga_pcie/lib/pcie/rtl/pcie_tlp_mux.v(104): WARNING: parameter 'SEG_SEL_WIDTH' becomes localparam in 'pcie_tlp_mux' with formal parameter declaration list (VERI-1199)
INFO: analyzing module pcie_us_cfg (VERI-9002)
INFO: analyzing module pcie_us_if (VERI-9002)
INFO: analyzing module pcie_us_if_cc (VERI-9002)
D:/FPGA/mqnic_prj/mqnic_prj.srcs/sources_1/imports/fpga_pcie/lib/pcie/rtl/pcie_us_if_cc.v(79): WARNING: parameter 'TLP_DATA_WIDTH_BYTES' becomes localparam in 'pcie_us_if_cc' with formal parameter declaration list (VERI-1199)
D:/FPGA/mqnic_prj/mqnic_prj.srcs/sources_1/imports/fpga_pcie/lib/pcie/rtl/pcie_us_if_cc.v(80): WARNING: parameter 'TLP_DATA_WIDTH_DWORDS' becomes localparam in 'pcie_us_if_cc' with formal parameter declaration list (VERI-1199)
D:/FPGA/mqnic_prj/mqnic_prj.srcs/sources_1/imports/fpga_pcie/lib/pcie/rtl/pcie_us_if_cc.v(82): WARNING: parameter 'INT_TLP_SEG_COUNT' becomes localparam in 'pcie_us_if_cc' with formal parameter declaration list (VERI-1199)
D:/FPGA/mqnic_prj/mqnic_prj.srcs/sources_1/imports/fpga_pcie/lib/pcie/rtl/pcie_us_if_cc.v(83): WARNING: parameter 'INT_TLP_SEG_DATA_WIDTH' becomes localparam in 'pcie_us_if_cc' with formal parameter declaration list (VERI-1199)
D:/FPGA/mqnic_prj/mqnic_prj.srcs/sources_1/imports/fpga_pcie/lib/pcie/rtl/pcie_us_if_cc.v(84): WARNING: parameter 'INT_TLP_SEG_STRB_WIDTH' becomes localparam in 'pcie_us_if_cc' with formal parameter declaration list (VERI-1199)
D:/FPGA/mqnic_prj/mqnic_prj.srcs/sources_1/imports/fpga_pcie/lib/pcie/rtl/pcie_us_if_cc.v(86): WARNING: parameter 'SEG_SEL_WIDTH' becomes localparam in 'pcie_us_if_cc' with formal parameter declaration list (VERI-1199)
INFO: analyzing module pcie_us_if_cq (VERI-9002)
D:/FPGA/mqnic_prj/mqnic_prj.srcs/sources_1/imports/fpga_pcie/lib/pcie/rtl/pcie_us_if_cq.v(81): WARNING: parameter 'TLP_DATA_WIDTH_BYTES' becomes localparam in 'pcie_us_if_cq' with formal parameter declaration list (VERI-1199)
D:/FPGA/mqnic_prj/mqnic_prj.srcs/sources_1/imports/fpga_pcie/lib/pcie/rtl/pcie_us_if_cq.v(82): WARNING: parameter 'TLP_DATA_WIDTH_DWORDS' becomes localparam in 'pcie_us_if_cq' with formal parameter declaration list (VERI-1199)
D:/FPGA/mqnic_prj/mqnic_prj.srcs/sources_1/imports/fpga_pcie/lib/pcie/rtl/pcie_us_if_cq.v(84): WARNING: parameter 'INT_TLP_SEG_COUNT' becomes localparam in 'pcie_us_if_cq' with formal parameter declaration list (VERI-1199)
D:/FPGA/mqnic_prj/mqnic_prj.srcs/sources_1/imports/fpga_pcie/lib/pcie/rtl/pcie_us_if_cq.v(85): WARNING: parameter 'INT_TLP_SEG_DATA_WIDTH' becomes localparam in 'pcie_us_if_cq' with formal parameter declaration list (VERI-1199)
D:/FPGA/mqnic_prj/mqnic_prj.srcs/sources_1/imports/fpga_pcie/lib/pcie/rtl/pcie_us_if_cq.v(86): WARNING: parameter 'INT_TLP_SEG_STRB_WIDTH' becomes localparam in 'pcie_us_if_cq' with formal parameter declaration list (VERI-1199)
INFO: analyzing module pcie_us_if_rc (VERI-9002)
D:/FPGA/mqnic_prj/mqnic_prj.srcs/sources_1/imports/fpga_pcie/lib/pcie/rtl/pcie_us_if_rc.v(80): WARNING: parameter 'INT_TLP_SEG_COUNT' becomes localparam in 'pcie_us_if_rc' with formal parameter declaration list (VERI-1199)
D:/FPGA/mqnic_prj/mqnic_prj.srcs/sources_1/imports/fpga_pcie/lib/pcie/rtl/pcie_us_if_rc.v(81): WARNING: parameter 'INT_TLP_SEG_DATA_WIDTH' becomes localparam in 'pcie_us_if_rc' with formal parameter declaration list (VERI-1199)
D:/FPGA/mqnic_prj/mqnic_prj.srcs/sources_1/imports/fpga_pcie/lib/pcie/rtl/pcie_us_if_rc.v(82): WARNING: parameter 'INT_TLP_SEG_STRB_WIDTH' becomes localparam in 'pcie_us_if_rc' with formal parameter declaration list (VERI-1199)
INFO: analyzing module pcie_us_if_rq (VERI-9002)
D:/FPGA/mqnic_prj/mqnic_prj.srcs/sources_1/imports/fpga_pcie/lib/pcie/rtl/pcie_us_if_rq.v(129): WARNING: parameter 'TLP_DATA_WIDTH_BYTES' becomes localparam in 'pcie_us_if_rq' with formal parameter declaration list (VERI-1199)
D:/FPGA/mqnic_prj/mqnic_prj.srcs/sources_1/imports/fpga_pcie/lib/pcie/rtl/pcie_us_if_rq.v(130): WARNING: parameter 'TLP_DATA_WIDTH_DWORDS' becomes localparam in 'pcie_us_if_rq' with formal parameter declaration list (VERI-1199)
D:/FPGA/mqnic_prj/mqnic_prj.srcs/sources_1/imports/fpga_pcie/lib/pcie/rtl/pcie_us_if_rq.v(132): WARNING: parameter 'INT_TLP_SEG_COUNT' becomes localparam in 'pcie_us_if_rq' with formal parameter declaration list (VERI-1199)
D:/FPGA/mqnic_prj/mqnic_prj.srcs/sources_1/imports/fpga_pcie/lib/pcie/rtl/pcie_us_if_rq.v(133): WARNING: parameter 'INT_TLP_SEG_DATA_WIDTH' becomes localparam in 'pcie_us_if_rq' with formal parameter declaration list (VERI-1199)
D:/FPGA/mqnic_prj/mqnic_prj.srcs/sources_1/imports/fpga_pcie/lib/pcie/rtl/pcie_us_if_rq.v(134): WARNING: parameter 'INT_TLP_SEG_STRB_WIDTH' becomes localparam in 'pcie_us_if_rq' with formal parameter declaration list (VERI-1199)
D:/FPGA/mqnic_prj/mqnic_prj.srcs/sources_1/imports/fpga_pcie/lib/pcie/rtl/pcie_us_if_rq.v(136): WARNING: parameter 'SEG_SEL_WIDTH' becomes localparam in 'pcie_us_if_rq' with formal parameter declaration list (VERI-1199)
D:/FPGA/mqnic_prj/mqnic_prj.srcs/sources_1/imports/fpga_pcie/lib/pcie/rtl/pcie_us_if_rq.v(138): WARNING: parameter 'PORTS' becomes localparam in 'pcie_us_if_rq' with formal parameter declaration list (VERI-1199)
D:/FPGA/mqnic_prj/mqnic_prj.srcs/sources_1/imports/fpga_pcie/lib/pcie/rtl/pcie_us_if_rq.v(139): WARNING: parameter 'CL_PORTS' becomes localparam in 'pcie_us_if_rq' with formal parameter declaration list (VERI-1199)
D:/FPGA/mqnic_prj/mqnic_prj.srcs/sources_1/imports/fpga_pcie/lib/pcie/rtl/pcie_us_if_rq.v(141): WARNING: parameter 'SEQ_NUM_MASK' becomes localparam in 'pcie_us_if_rq' with formal parameter declaration list (VERI-1199)
D:/FPGA/mqnic_prj/mqnic_prj.srcs/sources_1/imports/fpga_pcie/lib/pcie/rtl/pcie_us_if_rq.v(142): WARNING: parameter 'SEQ_NUM_FLAG' becomes localparam in 'pcie_us_if_rq' with formal parameter declaration list (VERI-1199)
INFO: analyzing module priority_encoder (VERI-9002)
D:/FPGA/mqnic_prj/mqnic_prj.srcs/sources_1/imports/fpga_pcie/lib/axi/rtl/priority_encoder.v(47): WARNING: parameter 'LEVELS' becomes localparam in 'priority_encoder' with formal parameter declaration list (VERI-1199)
D:/FPGA/mqnic_prj/mqnic_prj.srcs/sources_1/imports/fpga_pcie/lib/axi/rtl/priority_encoder.v(48): WARNING: parameter 'W' becomes localparam in 'priority_encoder' with formal parameter declaration list (VERI-1199)
INFO: analyzing module ptp_perout (VERI-9002)
INFO: analyzing module ptp_td_leaf (VERI-9002)
INFO: analyzing module ptp_td_phc (VERI-9002)
INFO: analyzing module pulse_merge (VERI-9002)
INFO: analyzing module queue_manager (VERI-9002)
D:/FPGA/mqnic_prj/mqnic_prj.srcs/sources_1/imports/fpga_pcie/rtl/common/queue_manager.v(116): WARNING: parameter 'QUEUE_COUNT' becomes localparam in 'queue_manager' with formal parameter declaration list (VERI-1199)
D:/FPGA/mqnic_prj/mqnic_prj.srcs/sources_1/imports/fpga_pcie/rtl/common/queue_manager.v(118): WARNING: parameter 'CL_OP_TABLE_SIZE' becomes localparam in 'queue_manager' with formal parameter declaration list (VERI-1199)
D:/FPGA/mqnic_prj/mqnic_prj.srcs/sources_1/imports/fpga_pcie/rtl/common/queue_manager.v(120): WARNING: parameter 'CL_DESC_SIZE' becomes localparam in 'queue_manager' with formal parameter declaration list (VERI-1199)
D:/FPGA/mqnic_prj/mqnic_prj.srcs/sources_1/imports/fpga_pcie/rtl/common/queue_manager.v(122): WARNING: parameter 'QUEUE_RAM_BE_WIDTH' becomes localparam in 'queue_manager' with formal parameter declaration list (VERI-1199)
D:/FPGA/mqnic_prj/mqnic_prj.srcs/sources_1/imports/fpga_pcie/rtl/common/queue_manager.v(123): WARNING: parameter 'QUEUE_RAM_WIDTH' becomes localparam in 'queue_manager' with formal parameter declaration list (VERI-1199)
INFO: analyzing module rx_checksum (VERI-9002)
D:/FPGA/mqnic_prj/mqnic_prj.srcs/sources_1/imports/fpga_pcie/rtl/common/rx_checksum.v(43): WARNING: parameter 'LEVELS' becomes localparam in 'rx_checksum' with formal parameter declaration list (VERI-1199)
D:/FPGA/mqnic_prj/mqnic_prj.srcs/sources_1/imports/fpga_pcie/rtl/common/rx_checksum.v(44): WARNING: parameter 'OFFSET_WIDTH' becomes localparam in 'rx_checksum' with formal parameter declaration list (VERI-1199)
INFO: analyzing module rx_engine (VERI-9002)
D:/FPGA/mqnic_prj/mqnic_prj.srcs/sources_1/imports/fpga_pcie/rtl/common/rx_engine.v(254): WARNING: parameter 'CL_DESC_TABLE_SIZE' becomes localparam in 'rx_engine' with formal parameter declaration list (VERI-1199)
D:/FPGA/mqnic_prj/mqnic_prj.srcs/sources_1/imports/fpga_pcie/rtl/common/rx_engine.v(255): WARNING: parameter 'DESC_PTR_MASK' becomes localparam in 'rx_engine' with formal parameter declaration list (VERI-1199)
D:/FPGA/mqnic_prj/mqnic_prj.srcs/sources_1/imports/fpga_pcie/rtl/common/rx_engine.v(257): WARNING: parameter 'CL_MAX_RX_SIZE' becomes localparam in 'rx_engine' with formal parameter declaration list (VERI-1199)
D:/FPGA/mqnic_prj/mqnic_prj.srcs/sources_1/imports/fpga_pcie/rtl/common/rx_engine.v(258): WARNING: parameter 'CL_RX_BUFFER_SIZE' becomes localparam in 'rx_engine' with formal parameter declaration list (VERI-1199)
D:/FPGA/mqnic_prj/mqnic_prj.srcs/sources_1/imports/fpga_pcie/rtl/common/rx_engine.v(259): WARNING: parameter 'RX_BUFFER_PTR_MASK' becomes localparam in 'rx_engine' with formal parameter declaration list (VERI-1199)
D:/FPGA/mqnic_prj/mqnic_prj.srcs/sources_1/imports/fpga_pcie/rtl/common/rx_engine.v(260): WARNING: parameter 'RX_BUFFER_PTR_MASK_LOWER' becomes localparam in 'rx_engine' with formal parameter declaration list (VERI-1199)
D:/FPGA/mqnic_prj/mqnic_prj.srcs/sources_1/imports/fpga_pcie/rtl/common/rx_engine.v(261): WARNING: parameter 'RX_BUFFER_PTR_MASK_UPPER' becomes localparam in 'rx_engine' with formal parameter declaration list (VERI-1199)
D:/FPGA/mqnic_prj/mqnic_prj.srcs/sources_1/imports/fpga_pcie/rtl/common/rx_engine.v(263): WARNING: parameter 'CL_MAX_DESC_REQ' becomes localparam in 'rx_engine' with formal parameter declaration list (VERI-1199)
INFO: analyzing module rx_fifo (VERI-9002)
INFO: analyzing module rx_hash (VERI-9002)
D:/FPGA/mqnic_prj/mqnic_prj.srcs/sources_1/imports/fpga_pcie/rtl/common/rx_hash.v(47): WARNING: parameter 'CYCLE_COUNT' becomes localparam in 'rx_hash' with formal parameter declaration list (VERI-1199)
D:/FPGA/mqnic_prj/mqnic_prj.srcs/sources_1/imports/fpga_pcie/rtl/common/rx_hash.v(49): WARNING: parameter 'PTR_WIDTH' becomes localparam in 'rx_hash' with formal parameter declaration list (VERI-1199)
INFO: analyzing module stats_collect (VERI-9002)
D:/FPGA/mqnic_prj/mqnic_prj.srcs/sources_1/imports/fpga_pcie/rtl/common/stats_collect.v(159): WARNING: empty statement in sequential block (VERI-1988)
D:/FPGA/mqnic_prj/mqnic_prj.srcs/sources_1/imports/fpga_pcie/rtl/common/stats_collect.v(71): WARNING: parameter 'COUNT_WIDTH' becomes localparam in 'stats_collect' with formal parameter declaration list (VERI-1199)
D:/FPGA/mqnic_prj/mqnic_prj.srcs/sources_1/imports/fpga_pcie/rtl/common/stats_collect.v(72): WARNING: parameter 'PERIOD_COUNT_WIDTH' becomes localparam in 'stats_collect' with formal parameter declaration list (VERI-1199)
D:/FPGA/mqnic_prj/mqnic_prj.srcs/sources_1/imports/fpga_pcie/rtl/common/stats_collect.v(73): WARNING: parameter 'ACC_WIDTH' becomes localparam in 'stats_collect' with formal parameter declaration list (VERI-1199)
INFO: analyzing module stats_counter (VERI-9002)
D:/FPGA/mqnic_prj/mqnic_prj.srcs/sources_1/imports/fpga_pcie/rtl/common/stats_counter.v(87): WARNING: parameter 'ID_SHIFT' becomes localparam in 'stats_counter' with formal parameter declaration list (VERI-1199)
D:/FPGA/mqnic_prj/mqnic_prj.srcs/sources_1/imports/fpga_pcie/rtl/common/stats_counter.v(88): WARNING: parameter 'WORD_SELECT_SHIFT' becomes localparam in 'stats_counter' with formal parameter declaration list (VERI-1199)
D:/FPGA/mqnic_prj/mqnic_prj.srcs/sources_1/imports/fpga_pcie/rtl/common/stats_counter.v(89): WARNING: parameter 'WORD_SELECT_WIDTH' becomes localparam in 'stats_counter' with formal parameter declaration list (VERI-1199)
INFO: analyzing module stats_dma_if_pcie (VERI-9002)
INFO: analyzing module stats_dma_latency (VERI-9002)
INFO: analyzing module stats_pcie_if (VERI-9002)
INFO: analyzing module stats_pcie_tlp (VERI-9002)
INFO: analyzing module sync_reset (VERI-9002)
INFO: analyzing module sync_signal (VERI-9002)
INFO: analyzing module tx_checksum (VERI-9002)
D:/FPGA/mqnic_prj/mqnic_prj.srcs/sources_1/imports/fpga_pcie/rtl/common/tx_checksum.v(79): WARNING: parameter 'LEVELS' becomes localparam in 'tx_checksum' with formal parameter declaration list (VERI-1199)
INFO: analyzing module tx_engine (VERI-9002)
D:/FPGA/mqnic_prj/mqnic_prj.srcs/sources_1/imports/fpga_pcie/rtl/common/tx_engine.v(206): WARNING: parameter 'CL_DESC_TABLE_SIZE' becomes localparam in 'tx_engine' with formal parameter declaration list (VERI-1199)
D:/FPGA/mqnic_prj/mqnic_prj.srcs/sources_1/imports/fpga_pcie/rtl/common/tx_engine.v(207): WARNING: parameter 'DESC_PTR_MASK' becomes localparam in 'tx_engine' with formal parameter declaration list (VERI-1199)
D:/FPGA/mqnic_prj/mqnic_prj.srcs/sources_1/imports/fpga_pcie/rtl/common/tx_engine.v(209): WARNING: parameter 'CL_MAX_TX_SIZE' becomes localparam in 'tx_engine' with formal parameter declaration list (VERI-1199)
D:/FPGA/mqnic_prj/mqnic_prj.srcs/sources_1/imports/fpga_pcie/rtl/common/tx_engine.v(210): WARNING: parameter 'CL_TX_BUFFER_SIZE' becomes localparam in 'tx_engine' with formal parameter declaration list (VERI-1199)
D:/FPGA/mqnic_prj/mqnic_prj.srcs/sources_1/imports/fpga_pcie/rtl/common/tx_engine.v(211): WARNING: parameter 'TX_BUFFER_PTR_MASK' becomes localparam in 'tx_engine' with formal parameter declaration list (VERI-1199)
D:/FPGA/mqnic_prj/mqnic_prj.srcs/sources_1/imports/fpga_pcie/rtl/common/tx_engine.v(212): WARNING: parameter 'TX_BUFFER_PTR_MASK_LOWER' becomes localparam in 'tx_engine' with formal parameter declaration list (VERI-1199)
D:/FPGA/mqnic_prj/mqnic_prj.srcs/sources_1/imports/fpga_pcie/rtl/common/tx_engine.v(213): WARNING: parameter 'TX_BUFFER_PTR_MASK_UPPER' becomes localparam in 'tx_engine' with formal parameter declaration list (VERI-1199)
D:/FPGA/mqnic_prj/mqnic_prj.srcs/sources_1/imports/fpga_pcie/rtl/common/tx_engine.v(215): WARNING: parameter 'CL_MAX_DESC_REQ' becomes localparam in 'tx_engine' with formal parameter declaration list (VERI-1199)
INFO: analyzing module tx_fifo (VERI-9002)
INFO: analyzing module tx_req_mux (VERI-9002)
D:/FPGA/mqnic_prj/mqnic_prj.srcs/sources_1/imports/fpga_pcie/rtl/common/tx_req_mux.v(76): WARNING: parameter 'CL_PORTS' becomes localparam in 'tx_req_mux' with formal parameter declaration list (VERI-1199)
INFO: analyzing module tx_scheduler_rr (VERI-9002)
D:/FPGA/mqnic_prj/mqnic_prj.srcs/sources_1/imports/fpga_pcie/rtl/common/tx_scheduler_rr.v(653): WARNING: empty statement in sequential block (VERI-1988)
D:/FPGA/mqnic_prj/mqnic_prj.srcs/sources_1/imports/fpga_pcie/rtl/common/tx_scheduler_rr.v(99): WARNING: parameter 'QUEUE_COUNT' becomes localparam in 'tx_scheduler_rr' with formal parameter declaration list (VERI-1199)
D:/FPGA/mqnic_prj/mqnic_prj.srcs/sources_1/imports/fpga_pcie/rtl/common/tx_scheduler_rr.v(101): WARNING: parameter 'CL_OP_TABLE_SIZE' becomes localparam in 'tx_scheduler_rr' with formal parameter declaration list (VERI-1199)
D:/FPGA/mqnic_prj/mqnic_prj.srcs/sources_1/imports/fpga_pcie/rtl/common/tx_scheduler_rr.v(103): WARNING: parameter 'QUEUE_RAM_BE_WIDTH' becomes localparam in 'tx_scheduler_rr' with formal parameter declaration list (VERI-1199)
D:/FPGA/mqnic_prj/mqnic_prj.srcs/sources_1/imports/fpga_pcie/rtl/common/tx_scheduler_rr.v(104): WARNING: parameter 'QUEUE_RAM_WIDTH' becomes localparam in 'tx_scheduler_rr' with formal parameter declaration list (VERI-1199)
INFO: analyzing module fpga (VERI-9002)
C:/Users/920/AppData/Local/Temp/VivadoEditorAssist4843320372012265743.tmp(220): WARNING: parameter 'PTP_CLK_PERIOD_NS_NUM' becomes localparam in 'fpga' with formal parameter declaration list (VERI-1199)
C:/Users/920/AppData/Local/Temp/VivadoEditorAssist4843320372012265743.tmp(221): WARNING: parameter 'PTP_CLK_PERIOD_NS_DENOM' becomes localparam in 'fpga' with formal parameter declaration list (VERI-1199)
C:/Users/920/AppData/Local/Temp/VivadoEditorAssist4843320372012265743.tmp(222): WARNING: parameter 'PTP_TS_WIDTH' becomes localparam in 'fpga' with formal parameter declaration list (VERI-1199)
C:/Users/920/AppData/Local/Temp/VivadoEditorAssist4843320372012265743.tmp(223): WARNING: parameter 'IF_PTP_PERIOD_NS' becomes localparam in 'fpga' with formal parameter declaration list (VERI-1199)
C:/Users/920/AppData/Local/Temp/VivadoEditorAssist4843320372012265743.tmp(224): WARNING: parameter 'IF_PTP_PERIOD_FNS' becomes localparam in 'fpga' with formal parameter declaration list (VERI-1199)
C:/Users/920/AppData/Local/Temp/VivadoEditorAssist4843320372012265743.tmp(227): WARNING: parameter 'TX_TAG_WIDTH' becomes localparam in 'fpga' with formal parameter declaration list (VERI-1199)
C:/Users/920/AppData/Local/Temp/VivadoEditorAssist4843320372012265743.tmp(230): WARNING: parameter 'AXI_DDR_STRB_WIDTH' becomes localparam in 'fpga' with formal parameter declaration list (VERI-1199)
C:/Users/920/AppData/Local/Temp/VivadoEditorAssist4843320372012265743.tmp(233): WARNING: parameter 'AXIS_PCIE_KEEP_WIDTH' becomes localparam in 'fpga' with formal parameter declaration list (VERI-1199)
C:/Users/920/AppData/Local/Temp/VivadoEditorAssist4843320372012265743.tmp(234): WARNING: parameter 'AXIS_PCIE_RC_USER_WIDTH' becomes localparam in 'fpga' with formal parameter declaration list (VERI-1199)
C:/Users/920/AppData/Local/Temp/VivadoEditorAssist4843320372012265743.tmp(235): WARNING: parameter 'AXIS_PCIE_RQ_USER_WIDTH' becomes localparam in 'fpga' with formal parameter declaration list (VERI-1199)
C:/Users/920/AppData/Local/Temp/VivadoEditorAssist4843320372012265743.tmp(236): WARNING: parameter 'AXIS_PCIE_CQ_USER_WIDTH' becomes localparam in 'fpga' with formal parameter declaration list (VERI-1199)
C:/Users/920/AppData/Local/Temp/VivadoEditorAssist4843320372012265743.tmp(237): WARNING: parameter 'AXIS_PCIE_CC_USER_WIDTH' becomes localparam in 'fpga' with formal parameter declaration list (VERI-1199)
C:/Users/920/AppData/Local/Temp/VivadoEditorAssist4843320372012265743.tmp(238): WARNING: parameter 'RC_STRADDLE' becomes localparam in 'fpga' with formal parameter declaration list (VERI-1199)
C:/Users/920/AppData/Local/Temp/VivadoEditorAssist4843320372012265743.tmp(239): WARNING: parameter 'RQ_STRADDLE' becomes localparam in 'fpga' with formal parameter declaration list (VERI-1199)
C:/Users/920/AppData/Local/Temp/VivadoEditorAssist4843320372012265743.tmp(240): WARNING: parameter 'CQ_STRADDLE' becomes localparam in 'fpga' with formal parameter declaration list (VERI-1199)
C:/Users/920/AppData/Local/Temp/VivadoEditorAssist4843320372012265743.tmp(241): WARNING: parameter 'CC_STRADDLE' becomes localparam in 'fpga' with formal parameter declaration list (VERI-1199)
C:/Users/920/AppData/Local/Temp/VivadoEditorAssist4843320372012265743.tmp(242): WARNING: parameter 'RQ_SEQ_NUM_WIDTH' becomes localparam in 'fpga' with formal parameter declaration list (VERI-1199)
C:/Users/920/AppData/Local/Temp/VivadoEditorAssist4843320372012265743.tmp(243): WARNING: parameter 'PCIE_TAG_COUNT' becomes localparam in 'fpga' with formal parameter declaration list (VERI-1199)
C:/Users/920/AppData/Local/Temp/VivadoEditorAssist4843320372012265743.tmp(246): WARNING: parameter 'XGMII_DATA_WIDTH' becomes localparam in 'fpga' with formal parameter declaration list (VERI-1199)
C:/Users/920/AppData/Local/Temp/VivadoEditorAssist4843320372012265743.tmp(247): WARNING: parameter 'XGMII_CTRL_WIDTH' becomes localparam in 'fpga' with formal parameter declaration list (VERI-1199)
C:/Users/920/AppData/Local/Temp/VivadoEditorAssist4843320372012265743.tmp(248): WARNING: parameter 'AXIS_ETH_DATA_WIDTH' becomes localparam in 'fpga' with formal parameter declaration list (VERI-1199)
C:/Users/920/AppData/Local/Temp/VivadoEditorAssist4843320372012265743.tmp(249): WARNING: parameter 'AXIS_ETH_KEEP_WIDTH' becomes localparam in 'fpga' with formal parameter declaration list (VERI-1199)
C:/Users/920/AppData/Local/Temp/VivadoEditorAssist4843320372012265743.tmp(250): WARNING: parameter 'AXIS_ETH_SYNC_DATA_WIDTH' becomes localparam in 'fpga' with formal parameter declaration list (VERI-1199)
C:/Users/920/AppData/Local/Temp/VivadoEditorAssist4843320372012265743.tmp(251): WARNING: parameter 'AXIS_ETH_TX_USER_WIDTH' becomes localparam in 'fpga' with formal parameter declaration list (VERI-1199)
C:/Users/920/AppData/Local/Temp/VivadoEditorAssist4843320372012265743.tmp(252): WARNING: parameter 'AXIS_ETH_RX_USER_WIDTH' becomes localparam in 'fpga' with formal parameter declaration list (VERI-1199)
C:/Users/920/AppData/Local/Temp/VivadoEditorAssist4843320372012265743.tmp(1481): ERROR: 'clk_125mhz_ila' is not declared (VERI-1128)
INFO: analyzing module axil_interconnect (VERI-9002)
D:/FPGA/mqnic_prj/mqnic_prj.srcs/sources_1/imports/fpga_pcie/lib/axi/rtl/axil_interconnect.v(116): WARNING: parameter 'CL_S_COUNT' becomes localparam in 'axil_interconnect' with formal parameter declaration list (VERI-1199)
D:/FPGA/mqnic_prj/mqnic_prj.srcs/sources_1/imports/fpga_pcie/lib/axi/rtl/axil_interconnect.v(117): WARNING: parameter 'CL_M_COUNT' becomes localparam in 'axil_interconnect' with formal parameter declaration list (VERI-1199)
D:/FPGA/mqnic_prj/mqnic_prj.srcs/sources_1/imports/fpga_pcie/lib/axi/rtl/axil_interconnect.v(144): WARNING: parameter 'M_BASE_ADDR_INT' becomes localparam in 'axil_interconnect' with formal parameter declaration list (VERI-1199)
INFO: analyzing module eth_mac_1g_gmii (VERI-9002)
INFO: analyzing module eth_mac_1g_gmii_fifo (VERI-9002)
INFO: analyzing module gmii_phy_if (VERI-9002)
INFO: analyzing module mqnic_port_map_phy_xgmii (VERI-9002)
INFO: analyzing module oddr (VERI-9002)
INFO: analyzing module rb_drp (VERI-9002)
INFO: analyzing module ssio_sdr_in (VERI-9002)
INFO: analyzing module ssio_sdr_out (VERI-9002)
INFO: analyzing module tdma_ber (VERI-9002)
D:/FPGA/mqnic_prj/mqnic_prj.srcs/sources_1/imports/fpga_pcie/rtl/common/tdma_ber.v(319): WARNING: parameter 'CH_ADDR_WIDTH' becomes localparam in 'tdma_ber' with formal parameter declaration list (VERI-1199)
D:/FPGA/mqnic_prj/mqnic_prj.srcs/sources_1/imports/fpga_pcie/rtl/common/tdma_ber.v(320): WARNING: parameter 'CH_BASE_ADDR_WIDTH' becomes localparam in 'tdma_ber' with formal parameter declaration list (VERI-1199)
D:/FPGA/mqnic_prj/mqnic_prj.srcs/sources_1/imports/fpga_pcie/rtl/common/tdma_ber.v(321): WARNING: parameter 'CH_BASE_ADDR' becomes localparam in 'tdma_ber' with formal parameter declaration list (VERI-1199)
INFO: analyzing module tdma_ber_ch (VERI-9002)
D:/FPGA/mqnic_prj/mqnic_prj.srcs/sources_1/imports/fpga_pcie/rtl/common/tdma_ber_ch.v(74): WARNING: parameter 'VALID_ADDR_WIDTH' becomes localparam in 'tdma_ber_ch' with formal parameter declaration list (VERI-1199)
D:/FPGA/mqnic_prj/mqnic_prj.srcs/sources_1/imports/fpga_pcie/rtl/common/tdma_ber_ch.v(75): WARNING: parameter 'WORD_WIDTH' becomes localparam in 'tdma_ber_ch' with formal parameter declaration list (VERI-1199)
D:/FPGA/mqnic_prj/mqnic_prj.srcs/sources_1/imports/fpga_pcie/rtl/common/tdma_ber_ch.v(76): WARNING: parameter 'WORD_SIZE' becomes localparam in 'tdma_ber_ch' with formal parameter declaration list (VERI-1199)
INFO: analyzing module tdma_scheduler (VERI-9002)
INFO: analyzing module axis_xgmii_rx_64 (VERI-9002)
INFO: analyzing module axis_xgmii_tx_64 (VERI-9002)
D:/FPGA/mqnic_prj/mqnic_prj.srcs/sources_1/imports/fpga_pcie/lib/eth/rtl/axis_xgmii_tx_64.v(92): WARNING: parameter 'EMPTY_WIDTH' becomes localparam in 'axis_xgmii_tx_64' with formal parameter declaration list (VERI-1199)
D:/FPGA/mqnic_prj/mqnic_prj.srcs/sources_1/imports/fpga_pcie/lib/eth/rtl/axis_xgmii_tx_64.v(93): WARNING: parameter 'MIN_LEN_WIDTH' becomes localparam in 'axis_xgmii_tx_64' with formal parameter declaration list (VERI-1199)
INFO: analyzing module eth_mac_10g (VERI-9002)
D:/FPGA/mqnic_prj/mqnic_prj.srcs/sources_1/imports/fpga_pcie/lib/eth/rtl/eth_mac_10g.v(189): WARNING: parameter 'MAC_CTRL_ENABLE' becomes localparam in 'eth_mac_10g' with formal parameter declaration list (VERI-1199)
D:/FPGA/mqnic_prj/mqnic_prj.srcs/sources_1/imports/fpga_pcie/lib/eth/rtl/eth_mac_10g.v(190): WARNING: parameter 'TX_USER_WIDTH_INT' becomes localparam in 'eth_mac_10g' with formal parameter declaration list (VERI-1199)
INFO: analyzing module eth_phy_10g (VERI-9002)
INFO: analyzing module eth_phy_10g_rx (VERI-9002)
INFO: analyzing module eth_phy_10g_rx_ber_mon (VERI-9002)
D:/FPGA/mqnic_prj/mqnic_prj.srcs/sources_1/imports/fpga_pcie/lib/eth/rtl/eth_phy_10g_rx_ber_mon.v(62): WARNING: parameter 'COUNT_WIDTH' becomes localparam in 'eth_phy_10g_rx_ber_mon' with formal parameter declaration list (VERI-1199)
INFO: analyzing module eth_phy_10g_rx_frame_sync (VERI-9002)
D:/FPGA/mqnic_prj/mqnic_prj.srcs/sources_1/imports/fpga_pcie/lib/eth/rtl/eth_phy_10g_rx_frame_sync.v(56): WARNING: parameter 'BITSLIP_MAX_CYCLES' becomes localparam in 'eth_phy_10g_rx_frame_sync' with formal parameter declaration list (VERI-1199)
D:/FPGA/mqnic_prj/mqnic_prj.srcs/sources_1/imports/fpga_pcie/lib/eth/rtl/eth_phy_10g_rx_frame_sync.v(57): WARNING: parameter 'BITSLIP_COUNT_WIDTH' becomes localparam in 'eth_phy_10g_rx_frame_sync' with formal parameter declaration list (VERI-1199)
INFO: analyzing module eth_phy_10g_rx_if (VERI-9002)
INFO: analyzing module eth_phy_10g_rx_watchdog (VERI-9002)
D:/FPGA/mqnic_prj/mqnic_prj.srcs/sources_1/imports/fpga_pcie/lib/eth/rtl/eth_phy_10g_rx_watchdog.v(71): WARNING: parameter 'COUNT_WIDTH' becomes localparam in 'eth_phy_10g_rx_watchdog' with formal parameter declaration list (VERI-1199)
INFO: analyzing module eth_phy_10g_tx (VERI-9002)
INFO: analyzing module eth_phy_10g_tx_if (VERI-9002)
INFO: analyzing module eth_xcvr_phy_10g_gty_quad_wrapper (VERI-9002)
INFO: analyzing module eth_xcvr_phy_10g_gty_wrapper (VERI-9002)
INFO: analyzing module xgmii_baser_dec_64 (VERI-9002)
INFO: analyzing module xgmii_baser_enc_64 (VERI-9002)
INFO: analyzing module axis_register (VERI-9002)
srcscan exits with return value 0
