
*** Running vivado
    with args -log gig_ethernet_pcs_pma_0.vds -m64 -product Vivado -mode batch -messageDb vivado.pb -notrace -source gig_ethernet_pcs_pma_0.tcl



****** Vivado v2023.2 (64-bit)
  **** SW Build 4029153 on Fri Oct 13 20:14:34 MDT 2023
  **** IP Build 4028589 on Sat Oct 14 00:45:43 MDT 2023
  **** SharedData Build 4025554 on Tue Oct 10 17:18:54 MDT 2023
    ** Copyright 1986-2022 Xilinx, Inc. All Rights Reserved.
    ** Copyright 2022-2023 Advanced Micro Devices, Inc. All Rights Reserved.

source gig_ethernet_pcs_pma_0.tcl -notrace
create_project: Time (s): cpu = 00:00:04 ; elapsed = 00:00:05 . Memory (MB): peak = 565.793 ; gain = 182.918
INFO: [IP_Flow 19-6924] IPCACHE: Running cache check for IP inst: gig_ethernet_pcs_pma_0
Command: synth_design -top gig_ethernet_pcs_pma_0 -part xczu7ev-ffvc1156-2-e -incremental_mode off -mode out_of_context
Starting synth_design
Attempting to get a license for feature 'Synthesis' and/or device 'xczu7ev'
INFO: [Common 17-349] Got license for feature 'Synthesis' and/or device 'xczu7ev'
INFO: [Device 21-403] Loading part xczu7ev-ffvc1156-2-e
INFO: [Synth 8-7079] Multithreading enabled for synth_design using a maximum of 2 processes.
INFO: [Synth 8-7078] Launching helper process for spawning children vivado processes
INFO: [Synth 8-7075] Helper process launched with PID 21492
---------------------------------------------------------------------------------
Starting RTL Elaboration : Time (s): cpu = 00:00:04 ; elapsed = 00:00:04 . Memory (MB): peak = 2114.613 ; gain = 386.711
---------------------------------------------------------------------------------
INFO: [Synth 8-6157] synthesizing module 'gig_ethernet_pcs_pma_0' [d:/FPGA/mqnic_prj/mqnic_prj.gen/sources_1/ip/gig_ethernet_pcs_pma_0/synth/gig_ethernet_pcs_pma_0.v:83]
INFO: [Synth 8-6157] synthesizing module 'gig_ethernet_pcs_pma_0_support' [d:/FPGA/mqnic_prj/mqnic_prj.gen/sources_1/ip/gig_ethernet_pcs_pma_0/synth/gig_ethernet_pcs_pma_0_support.v:58]
	Parameter EXAMPLE_SIMULATION bound to: 0 - type: integer 
INFO: [Synth 8-6157] synthesizing module 'gig_ethernet_pcs_pma_0_block' [d:/FPGA/mqnic_prj/mqnic_prj.gen/sources_1/ip/gig_ethernet_pcs_pma_0/synth/gig_ethernet_pcs_pma_0_block.v:84]
	Parameter EXAMPLE_SIMULATION bound to: 0 - type: integer 
WARNING: [Synth 8-7071] port 's_axi_aclk' of module 'gig_ethernet_pcs_pma_v16_2_15' is unconnected for instance 'gig_ethernet_pcs_pma_0_core' [d:/FPGA/mqnic_prj/mqnic_prj.gen/sources_1/ip/gig_ethernet_pcs_pma_0/synth/gig_ethernet_pcs_pma_0_block.v:212]
WARNING: [Synth 8-7071] port 's_axi_resetn' of module 'gig_ethernet_pcs_pma_v16_2_15' is unconnected for instance 'gig_ethernet_pcs_pma_0_core' [d:/FPGA/mqnic_prj/mqnic_prj.gen/sources_1/ip/gig_ethernet_pcs_pma_0/synth/gig_ethernet_pcs_pma_0_block.v:212]
WARNING: [Synth 8-7071] port 's_axi_awaddr' of module 'gig_ethernet_pcs_pma_v16_2_15' is unconnected for instance 'gig_ethernet_pcs_pma_0_core' [d:/FPGA/mqnic_prj/mqnic_prj.gen/sources_1/ip/gig_ethernet_pcs_pma_0/synth/gig_ethernet_pcs_pma_0_block.v:212]
WARNING: [Synth 8-7071] port 's_axi_awvalid' of module 'gig_ethernet_pcs_pma_v16_2_15' is unconnected for instance 'gig_ethernet_pcs_pma_0_core' [d:/FPGA/mqnic_prj/mqnic_prj.gen/sources_1/ip/gig_ethernet_pcs_pma_0/synth/gig_ethernet_pcs_pma_0_block.v:212]
WARNING: [Synth 8-7071] port 's_axi_awready' of module 'gig_ethernet_pcs_pma_v16_2_15' is unconnected for instance 'gig_ethernet_pcs_pma_0_core' [d:/FPGA/mqnic_prj/mqnic_prj.gen/sources_1/ip/gig_ethernet_pcs_pma_0/synth/gig_ethernet_pcs_pma_0_block.v:212]
WARNING: [Synth 8-7071] port 's_axi_wdata' of module 'gig_ethernet_pcs_pma_v16_2_15' is unconnected for instance 'gig_ethernet_pcs_pma_0_core' [d:/FPGA/mqnic_prj/mqnic_prj.gen/sources_1/ip/gig_ethernet_pcs_pma_0/synth/gig_ethernet_pcs_pma_0_block.v:212]
WARNING: [Synth 8-7071] port 's_axi_wvalid' of module 'gig_ethernet_pcs_pma_v16_2_15' is unconnected for instance 'gig_ethernet_pcs_pma_0_core' [d:/FPGA/mqnic_prj/mqnic_prj.gen/sources_1/ip/gig_ethernet_pcs_pma_0/synth/gig_ethernet_pcs_pma_0_block.v:212]
WARNING: [Synth 8-7071] port 's_axi_wready' of module 'gig_ethernet_pcs_pma_v16_2_15' is unconnected for instance 'gig_ethernet_pcs_pma_0_core' [d:/FPGA/mqnic_prj/mqnic_prj.gen/sources_1/ip/gig_ethernet_pcs_pma_0/synth/gig_ethernet_pcs_pma_0_block.v:212]
WARNING: [Synth 8-7071] port 's_axi_bresp' of module 'gig_ethernet_pcs_pma_v16_2_15' is unconnected for instance 'gig_ethernet_pcs_pma_0_core' [d:/FPGA/mqnic_prj/mqnic_prj.gen/sources_1/ip/gig_ethernet_pcs_pma_0/synth/gig_ethernet_pcs_pma_0_block.v:212]
WARNING: [Synth 8-7071] port 's_axi_bvalid' of module 'gig_ethernet_pcs_pma_v16_2_15' is unconnected for instance 'gig_ethernet_pcs_pma_0_core' [d:/FPGA/mqnic_prj/mqnic_prj.gen/sources_1/ip/gig_ethernet_pcs_pma_0/synth/gig_ethernet_pcs_pma_0_block.v:212]
WARNING: [Synth 8-7071] port 's_axi_bready' of module 'gig_ethernet_pcs_pma_v16_2_15' is unconnected for instance 'gig_ethernet_pcs_pma_0_core' [d:/FPGA/mqnic_prj/mqnic_prj.gen/sources_1/ip/gig_ethernet_pcs_pma_0/synth/gig_ethernet_pcs_pma_0_block.v:212]
WARNING: [Synth 8-7071] port 's_axi_araddr' of module 'gig_ethernet_pcs_pma_v16_2_15' is unconnected for instance 'gig_ethernet_pcs_pma_0_core' [d:/FPGA/mqnic_prj/mqnic_prj.gen/sources_1/ip/gig_ethernet_pcs_pma_0/synth/gig_ethernet_pcs_pma_0_block.v:212]
WARNING: [Synth 8-7071] port 's_axi_arvalid' of module 'gig_ethernet_pcs_pma_v16_2_15' is unconnected for instance 'gig_ethernet_pcs_pma_0_core' [d:/FPGA/mqnic_prj/mqnic_prj.gen/sources_1/ip/gig_ethernet_pcs_pma_0/synth/gig_ethernet_pcs_pma_0_block.v:212]
WARNING: [Synth 8-7071] port 's_axi_arready' of module 'gig_ethernet_pcs_pma_v16_2_15' is unconnected for instance 'gig_ethernet_pcs_pma_0_core' [d:/FPGA/mqnic_prj/mqnic_prj.gen/sources_1/ip/gig_ethernet_pcs_pma_0/synth/gig_ethernet_pcs_pma_0_block.v:212]
WARNING: [Synth 8-7071] port 's_axi_rdata' of module 'gig_ethernet_pcs_pma_v16_2_15' is unconnected for instance 'gig_ethernet_pcs_pma_0_core' [d:/FPGA/mqnic_prj/mqnic_prj.gen/sources_1/ip/gig_ethernet_pcs_pma_0/synth/gig_ethernet_pcs_pma_0_block.v:212]
WARNING: [Synth 8-7071] port 's_axi_rresp' of module 'gig_ethernet_pcs_pma_v16_2_15' is unconnected for instance 'gig_ethernet_pcs_pma_0_core' [d:/FPGA/mqnic_prj/mqnic_prj.gen/sources_1/ip/gig_ethernet_pcs_pma_0/synth/gig_ethernet_pcs_pma_0_block.v:212]
WARNING: [Synth 8-7071] port 's_axi_rvalid' of module 'gig_ethernet_pcs_pma_v16_2_15' is unconnected for instance 'gig_ethernet_pcs_pma_0_core' [d:/FPGA/mqnic_prj/mqnic_prj.gen/sources_1/ip/gig_ethernet_pcs_pma_0/synth/gig_ethernet_pcs_pma_0_block.v:212]
WARNING: [Synth 8-7071] port 's_axi_rready' of module 'gig_ethernet_pcs_pma_v16_2_15' is unconnected for instance 'gig_ethernet_pcs_pma_0_core' [d:/FPGA/mqnic_prj/mqnic_prj.gen/sources_1/ip/gig_ethernet_pcs_pma_0/synth/gig_ethernet_pcs_pma_0_block.v:212]
WARNING: [Synth 8-7023] instance 'gig_ethernet_pcs_pma_0_core' of module 'gig_ethernet_pcs_pma_v16_2_15' has 94 connections declared, but only 76 given [d:/FPGA/mqnic_prj/mqnic_prj.gen/sources_1/ip/gig_ethernet_pcs_pma_0/synth/gig_ethernet_pcs_pma_0_block.v:212]
INFO: [Synth 8-6157] synthesizing module 'gig_ethernet_pcs_pma_0_transceiver' [d:/FPGA/mqnic_prj/mqnic_prj.gen/sources_1/ip/gig_ethernet_pcs_pma_0/synth/transceiver/gig_ethernet_pcs_pma_0_transceiver.v:61]
	Parameter EXAMPLE_SIMULATION bound to: 0 - type: integer 
INFO: [Synth 8-6157] synthesizing module 'gig_ethernet_pcs_pma_0_reset_sync' [d:/FPGA/mqnic_prj/mqnic_prj.gen/sources_1/ip/gig_ethernet_pcs_pma_0/synth/gig_ethernet_pcs_pma_0_reset_sync.v:62]
INFO: [Synth 8-6157] synthesizing module 'FDP' [F:/xilinx_2023_2/Vivado/2023.2/scripts/rt/data/unisim_comp.v:40932]
	Parameter INIT bound to: 1'b1 
INFO: [Synth 8-6155] done synthesizing module 'FDP' (0#1) [F:/xilinx_2023_2/Vivado/2023.2/scripts/rt/data/unisim_comp.v:40932]
INFO: [Synth 8-6155] done synthesizing module 'gig_ethernet_pcs_pma_0_reset_sync' (0#1) [d:/FPGA/mqnic_prj/mqnic_prj.gen/sources_1/ip/gig_ethernet_pcs_pma_0/synth/gig_ethernet_pcs_pma_0_reset_sync.v:62]
INFO: [Synth 8-6157] synthesizing module 'gig_ethernet_pcs_pma_0_gt' [d:/FPGA/mqnic_prj/mqnic_prj.gen/sources_1/ip/gig_ethernet_pcs_pma_0/ip_0/synth/gig_ethernet_pcs_pma_0_gt.v:53]
INFO: [Synth 8-6157] synthesizing module 'gig_ethernet_pcs_pma_0_gt_gtwizard_top' [d:/FPGA/mqnic_prj/mqnic_prj.gen/sources_1/ip/gig_ethernet_pcs_pma_0/ip_0/synth/gig_ethernet_pcs_pma_0_gt_gtwizard_top.v:173]
INFO: [Synth 8-6157] synthesizing module 'gig_ethernet_pcs_pma_0_gt_gtwizard_gthe4' [d:/FPGA/mqnic_prj/mqnic_prj.gen/sources_1/ip/gig_ethernet_pcs_pma_0/ip_0/synth/gig_ethernet_pcs_pma_0_gt_gtwizard_gthe4.v:141]
INFO: [Synth 8-6157] synthesizing module 'gig_ethernet_pcs_pma_0_gt_gthe4_channel_wrapper' [d:/FPGA/mqnic_prj/mqnic_prj.gen/sources_1/ip/gig_ethernet_pcs_pma_0/ip_0/synth/gig_ethernet_pcs_pma_0_gt_gthe4_channel_wrapper.v:56]
INFO: [Synth 8-6157] synthesizing module 'gtwizard_ultrascale_v1_7_17_gthe4_channel' [d:/FPGA/mqnic_prj/mqnic_prj.gen/sources_1/ip/gig_ethernet_pcs_pma_0/ip_0/synth/gtwizard_ultrascale_v1_7_gthe4_channel.v:53]
INFO: [Synth 8-6157] synthesizing module 'GTHE4_CHANNEL' [F:/xilinx_2023_2/Vivado/2023.2/scripts/rt/data/unisim_comp.v:45445]
INFO: [Synth 8-6155] done synthesizing module 'GTHE4_CHANNEL' (0#1) [F:/xilinx_2023_2/Vivado/2023.2/scripts/rt/data/unisim_comp.v:45445]
INFO: [Synth 8-6155] done synthesizing module 'gtwizard_ultrascale_v1_7_17_gthe4_channel' (0#1) [d:/FPGA/mqnic_prj/mqnic_prj.gen/sources_1/ip/gig_ethernet_pcs_pma_0/ip_0/synth/gtwizard_ultrascale_v1_7_gthe4_channel.v:53]
INFO: [Synth 8-6155] done synthesizing module 'gig_ethernet_pcs_pma_0_gt_gthe4_channel_wrapper' (0#1) [d:/FPGA/mqnic_prj/mqnic_prj.gen/sources_1/ip/gig_ethernet_pcs_pma_0/ip_0/synth/gig_ethernet_pcs_pma_0_gt_gthe4_channel_wrapper.v:56]
INFO: [Synth 8-6157] synthesizing module 'gtwizard_ultrascale_v1_7_17_gthe4_cpll_cal' [d:/FPGA/mqnic_prj/mqnic_prj.gen/sources_1/ip/gig_ethernet_pcs_pma_0/ip_0/hdl/gtwizard_ultrascale_v1_7_gthe4_cpll_cal.v:53]
INFO: [Synth 8-6157] synthesizing module 'gtwizard_ultrascale_v1_7_17_reset_synchronizer' [d:/FPGA/mqnic_prj/mqnic_prj.gen/sources_1/ip/gig_ethernet_pcs_pma_0/ip_0/hdl/gtwizard_ultrascale_v1_7_reset_sync.v:53]
INFO: [Synth 8-6155] done synthesizing module 'gtwizard_ultrascale_v1_7_17_reset_synchronizer' (0#1) [d:/FPGA/mqnic_prj/mqnic_prj.gen/sources_1/ip/gig_ethernet_pcs_pma_0/ip_0/hdl/gtwizard_ultrascale_v1_7_reset_sync.v:53]
INFO: [Synth 8-6157] synthesizing module 'gtwizard_ultrascale_v1_7_17_bit_synchronizer' [d:/FPGA/mqnic_prj/mqnic_prj.gen/sources_1/ip/gig_ethernet_pcs_pma_0/ip_0/hdl/gtwizard_ultrascale_v1_7_bit_sync.v:53]
INFO: [Synth 8-6155] done synthesizing module 'gtwizard_ultrascale_v1_7_17_bit_synchronizer' (0#1) [d:/FPGA/mqnic_prj/mqnic_prj.gen/sources_1/ip/gig_ethernet_pcs_pma_0/ip_0/hdl/gtwizard_ultrascale_v1_7_bit_sync.v:53]
INFO: [Synth 8-6157] synthesizing module 'gtwizard_ultrascale_v1_7_17_gthe4_cpll_cal_tx' [d:/FPGA/mqnic_prj/mqnic_prj.gen/sources_1/ip/gig_ethernet_pcs_pma_0/ip_0/hdl/gtwizard_ultrascale_v1_7_gthe4_cpll_cal_tx.v:53]
INFO: [Synth 8-6157] synthesizing module 'BUFG_GT' [F:/xilinx_2023_2/Vivado/2023.2/scripts/rt/data/unisim_comp.v:2127]
INFO: [Synth 8-6155] done synthesizing module 'BUFG_GT' (0#1) [F:/xilinx_2023_2/Vivado/2023.2/scripts/rt/data/unisim_comp.v:2127]
INFO: [Synth 8-6157] synthesizing module 'gtwizard_ultrascale_v1_7_17_gthe4_cpll_cal_freq_counter' [d:/FPGA/mqnic_prj/mqnic_prj.gen/sources_1/ip/gig_ethernet_pcs_pma_0/ip_0/hdl/gtwizard_ultrascale_v1_7_gthe4_cal_freqcnt.v:53]
INFO: [Synth 8-6155] done synthesizing module 'gtwizard_ultrascale_v1_7_17_gthe4_cpll_cal_freq_counter' (0#1) [d:/FPGA/mqnic_prj/mqnic_prj.gen/sources_1/ip/gig_ethernet_pcs_pma_0/ip_0/hdl/gtwizard_ultrascale_v1_7_gthe4_cal_freqcnt.v:53]
INFO: [Synth 8-6155] done synthesizing module 'gtwizard_ultrascale_v1_7_17_gthe4_cpll_cal_tx' (0#1) [d:/FPGA/mqnic_prj/mqnic_prj.gen/sources_1/ip/gig_ethernet_pcs_pma_0/ip_0/hdl/gtwizard_ultrascale_v1_7_gthe4_cpll_cal_tx.v:53]
INFO: [Synth 8-6157] synthesizing module 'gtwizard_ultrascale_v1_7_17_gthe4_cpll_cal_rx' [d:/FPGA/mqnic_prj/mqnic_prj.gen/sources_1/ip/gig_ethernet_pcs_pma_0/ip_0/hdl/gtwizard_ultrascale_v1_7_gthe4_cpll_cal_rx.v:53]
INFO: [Synth 8-6155] done synthesizing module 'gtwizard_ultrascale_v1_7_17_gthe4_cpll_cal_rx' (0#1) [d:/FPGA/mqnic_prj/mqnic_prj.gen/sources_1/ip/gig_ethernet_pcs_pma_0/ip_0/hdl/gtwizard_ultrascale_v1_7_gthe4_cpll_cal_rx.v:53]
INFO: [Synth 8-6157] synthesizing module 'gtwizard_ultrascale_v1_7_17_gte4_drp_arb' [d:/FPGA/mqnic_prj/mqnic_prj.gen/sources_1/ip/gig_ethernet_pcs_pma_0/ip_0/hdl/gtwizard_ultrascale_v1_7_gte4_drp_arb.v:53]
INFO: [Synth 8-6155] done synthesizing module 'gtwizard_ultrascale_v1_7_17_gte4_drp_arb' (0#1) [d:/FPGA/mqnic_prj/mqnic_prj.gen/sources_1/ip/gig_ethernet_pcs_pma_0/ip_0/hdl/gtwizard_ultrascale_v1_7_gte4_drp_arb.v:53]
INFO: [Synth 8-6155] done synthesizing module 'gtwizard_ultrascale_v1_7_17_gthe4_cpll_cal' (0#1) [d:/FPGA/mqnic_prj/mqnic_prj.gen/sources_1/ip/gig_ethernet_pcs_pma_0/ip_0/hdl/gtwizard_ultrascale_v1_7_gthe4_cpll_cal.v:53]
INFO: [Synth 8-6157] synthesizing module 'gtwizard_ultrascale_v1_7_17_gthe4_delay_powergood' [d:/FPGA/mqnic_prj/mqnic_prj.gen/sources_1/ip/gig_ethernet_pcs_pma_0/ip_0/hdl/gtwizard_ultrascale_v1_7_gthe4_delay_powergood.v:53]
INFO: [Synth 8-226] default block is never used [d:/FPGA/mqnic_prj/mqnic_prj.gen/sources_1/ip/gig_ethernet_pcs_pma_0/ip_0/hdl/gtwizard_ultrascale_v1_7_gthe4_delay_powergood.v:136]
INFO: [Synth 8-6155] done synthesizing module 'gtwizard_ultrascale_v1_7_17_gthe4_delay_powergood' (0#1) [d:/FPGA/mqnic_prj/mqnic_prj.gen/sources_1/ip/gig_ethernet_pcs_pma_0/ip_0/hdl/gtwizard_ultrascale_v1_7_gthe4_delay_powergood.v:53]
INFO: [Synth 8-6157] synthesizing module 'gtwizard_ultrascale_v1_7_17_gtwiz_reset' [d:/FPGA/mqnic_prj/mqnic_prj.gen/sources_1/ip/gig_ethernet_pcs_pma_0/ip_0/hdl/gtwizard_ultrascale_v1_7_gtwiz_reset.v:53]
INFO: [Synth 8-155] case statement is not full and has no default [d:/FPGA/mqnic_prj/mqnic_prj.gen/sources_1/ip/gig_ethernet_pcs_pma_0/ip_0/hdl/gtwizard_ultrascale_v1_7_gtwiz_reset.v:162]
INFO: [Synth 8-6157] synthesizing module 'gtwizard_ultrascale_v1_7_17_reset_inv_synchronizer' [d:/FPGA/mqnic_prj/mqnic_prj.gen/sources_1/ip/gig_ethernet_pcs_pma_0/ip_0/hdl/gtwizard_ultrascale_v1_7_reset_inv_sync.v:53]
INFO: [Synth 8-6155] done synthesizing module 'gtwizard_ultrascale_v1_7_17_reset_inv_synchronizer' (0#1) [d:/FPGA/mqnic_prj/mqnic_prj.gen/sources_1/ip/gig_ethernet_pcs_pma_0/ip_0/hdl/gtwizard_ultrascale_v1_7_reset_inv_sync.v:53]
INFO: [Synth 8-6155] done synthesizing module 'gtwizard_ultrascale_v1_7_17_gtwiz_reset' (0#1) [d:/FPGA/mqnic_prj/mqnic_prj.gen/sources_1/ip/gig_ethernet_pcs_pma_0/ip_0/hdl/gtwizard_ultrascale_v1_7_gtwiz_reset.v:53]
INFO: [Synth 8-6157] synthesizing module 'gtwizard_ultrascale_v1_7_17_gtwiz_userdata_tx' [d:/FPGA/mqnic_prj/mqnic_prj.gen/sources_1/ip/gig_ethernet_pcs_pma_0/ip_0/hdl/gtwizard_ultrascale_v1_7_gtwiz_userdata_tx.v:53]
INFO: [Synth 8-6155] done synthesizing module 'gtwizard_ultrascale_v1_7_17_gtwiz_userdata_tx' (0#1) [d:/FPGA/mqnic_prj/mqnic_prj.gen/sources_1/ip/gig_ethernet_pcs_pma_0/ip_0/hdl/gtwizard_ultrascale_v1_7_gtwiz_userdata_tx.v:53]
INFO: [Synth 8-6157] synthesizing module 'gtwizard_ultrascale_v1_7_17_gtwiz_userdata_rx' [d:/FPGA/mqnic_prj/mqnic_prj.gen/sources_1/ip/gig_ethernet_pcs_pma_0/ip_0/hdl/gtwizard_ultrascale_v1_7_gtwiz_userdata_rx.v:53]
INFO: [Synth 8-6155] done synthesizing module 'gtwizard_ultrascale_v1_7_17_gtwiz_userdata_rx' (0#1) [d:/FPGA/mqnic_prj/mqnic_prj.gen/sources_1/ip/gig_ethernet_pcs_pma_0/ip_0/hdl/gtwizard_ultrascale_v1_7_gtwiz_userdata_rx.v:53]
INFO: [Synth 8-6155] done synthesizing module 'gig_ethernet_pcs_pma_0_gt_gtwizard_gthe4' (0#1) [d:/FPGA/mqnic_prj/mqnic_prj.gen/sources_1/ip/gig_ethernet_pcs_pma_0/ip_0/synth/gig_ethernet_pcs_pma_0_gt_gtwizard_gthe4.v:141]
INFO: [Synth 8-6155] done synthesizing module 'gig_ethernet_pcs_pma_0_gt_gtwizard_top' (0#1) [d:/FPGA/mqnic_prj/mqnic_prj.gen/sources_1/ip/gig_ethernet_pcs_pma_0/ip_0/synth/gig_ethernet_pcs_pma_0_gt_gtwizard_top.v:173]
INFO: [Synth 8-6155] done synthesizing module 'gig_ethernet_pcs_pma_0_gt' (0#1) [d:/FPGA/mqnic_prj/mqnic_prj.gen/sources_1/ip/gig_ethernet_pcs_pma_0/ip_0/synth/gig_ethernet_pcs_pma_0_gt.v:53]
INFO: [Synth 8-6155] done synthesizing module 'gig_ethernet_pcs_pma_0_transceiver' (0#1) [d:/FPGA/mqnic_prj/mqnic_prj.gen/sources_1/ip/gig_ethernet_pcs_pma_0/synth/transceiver/gig_ethernet_pcs_pma_0_transceiver.v:61]
WARNING: [Synth 8-7071] port 'gt0_rxbyteisaligned_out' of module 'gig_ethernet_pcs_pma_0_transceiver' is unconnected for instance 'transceiver_inst' [d:/FPGA/mqnic_prj/mqnic_prj.gen/sources_1/ip/gig_ethernet_pcs_pma_0/synth/gig_ethernet_pcs_pma_0_block.v:307]
WARNING: [Synth 8-7071] port 'gt0_rxbyterealign_out' of module 'gig_ethernet_pcs_pma_0_transceiver' is unconnected for instance 'transceiver_inst' [d:/FPGA/mqnic_prj/mqnic_prj.gen/sources_1/ip/gig_ethernet_pcs_pma_0/synth/gig_ethernet_pcs_pma_0_block.v:307]
WARNING: [Synth 8-7023] instance 'transceiver_inst' of module 'gig_ethernet_pcs_pma_0_transceiver' has 79 connections declared, but only 77 given [d:/FPGA/mqnic_prj/mqnic_prj.gen/sources_1/ip/gig_ethernet_pcs_pma_0/synth/gig_ethernet_pcs_pma_0_block.v:307]
INFO: [Synth 8-6157] synthesizing module 'gig_ethernet_pcs_pma_0_sync_block' [d:/FPGA/mqnic_prj/mqnic_prj.gen/sources_1/ip/gig_ethernet_pcs_pma_0/synth/gig_ethernet_pcs_pma_0_sync_block.v:62]
INFO: [Synth 8-6157] synthesizing module 'FD' [F:/xilinx_2023_2/Vivado/2023.2/scripts/rt/data/unisim_comp.v:40764]
	Parameter INIT bound to: 1'b0 
INFO: [Synth 8-6155] done synthesizing module 'FD' (0#1) [F:/xilinx_2023_2/Vivado/2023.2/scripts/rt/data/unisim_comp.v:40764]
INFO: [Synth 8-6155] done synthesizing module 'gig_ethernet_pcs_pma_0_sync_block' (0#1) [d:/FPGA/mqnic_prj/mqnic_prj.gen/sources_1/ip/gig_ethernet_pcs_pma_0/synth/gig_ethernet_pcs_pma_0_sync_block.v:62]
INFO: [Synth 8-6155] done synthesizing module 'gig_ethernet_pcs_pma_0_block' (0#1) [d:/FPGA/mqnic_prj/mqnic_prj.gen/sources_1/ip/gig_ethernet_pcs_pma_0/synth/gig_ethernet_pcs_pma_0_block.v:84]
INFO: [Synth 8-6157] synthesizing module 'gig_ethernet_pcs_pma_0_clocking' [d:/FPGA/mqnic_prj/mqnic_prj.gen/sources_1/ip/gig_ethernet_pcs_pma_0/synth/gig_ethernet_pcs_pma_0_clocking.v:63]
INFO: [Synth 8-6157] synthesizing module 'IBUFDS_GTE4' [F:/xilinx_2023_2/Vivado/2023.2/scripts/rt/data/unisim_comp.v:73823]
INFO: [Synth 8-6155] done synthesizing module 'IBUFDS_GTE4' (0#1) [F:/xilinx_2023_2/Vivado/2023.2/scripts/rt/data/unisim_comp.v:73823]
WARNING: [Synth 8-7071] port 'CEMASK' of module 'BUFG_GT' is unconnected for instance 'usrclk2_bufg_inst' [d:/FPGA/mqnic_prj/mqnic_prj.gen/sources_1/ip/gig_ethernet_pcs_pma_0/synth/gig_ethernet_pcs_pma_0_clocking.v:102]
WARNING: [Synth 8-7071] port 'CLR' of module 'BUFG_GT' is unconnected for instance 'usrclk2_bufg_inst' [d:/FPGA/mqnic_prj/mqnic_prj.gen/sources_1/ip/gig_ethernet_pcs_pma_0/synth/gig_ethernet_pcs_pma_0_clocking.v:102]
WARNING: [Synth 8-7071] port 'CLRMASK' of module 'BUFG_GT' is unconnected for instance 'usrclk2_bufg_inst' [d:/FPGA/mqnic_prj/mqnic_prj.gen/sources_1/ip/gig_ethernet_pcs_pma_0/synth/gig_ethernet_pcs_pma_0_clocking.v:102]
WARNING: [Synth 8-7071] port 'DIV' of module 'BUFG_GT' is unconnected for instance 'usrclk2_bufg_inst' [d:/FPGA/mqnic_prj/mqnic_prj.gen/sources_1/ip/gig_ethernet_pcs_pma_0/synth/gig_ethernet_pcs_pma_0_clocking.v:102]
WARNING: [Synth 8-7023] instance 'usrclk2_bufg_inst' of module 'BUFG_GT' has 7 connections declared, but only 3 given [d:/FPGA/mqnic_prj/mqnic_prj.gen/sources_1/ip/gig_ethernet_pcs_pma_0/synth/gig_ethernet_pcs_pma_0_clocking.v:102]
WARNING: [Synth 8-7071] port 'CEMASK' of module 'BUFG_GT' is unconnected for instance 'usrclk_bufg_inst' [d:/FPGA/mqnic_prj/mqnic_prj.gen/sources_1/ip/gig_ethernet_pcs_pma_0/synth/gig_ethernet_pcs_pma_0_clocking.v:108]
WARNING: [Synth 8-7071] port 'CLR' of module 'BUFG_GT' is unconnected for instance 'usrclk_bufg_inst' [d:/FPGA/mqnic_prj/mqnic_prj.gen/sources_1/ip/gig_ethernet_pcs_pma_0/synth/gig_ethernet_pcs_pma_0_clocking.v:108]
WARNING: [Synth 8-7071] port 'CLRMASK' of module 'BUFG_GT' is unconnected for instance 'usrclk_bufg_inst' [d:/FPGA/mqnic_prj/mqnic_prj.gen/sources_1/ip/gig_ethernet_pcs_pma_0/synth/gig_ethernet_pcs_pma_0_clocking.v:108]
WARNING: [Synth 8-7023] instance 'usrclk_bufg_inst' of module 'BUFG_GT' has 7 connections declared, but only 4 given [d:/FPGA/mqnic_prj/mqnic_prj.gen/sources_1/ip/gig_ethernet_pcs_pma_0/synth/gig_ethernet_pcs_pma_0_clocking.v:108]
WARNING: [Synth 8-7071] port 'CEMASK' of module 'BUFG_GT' is unconnected for instance 'rxrecclk_bufg_inst' [d:/FPGA/mqnic_prj/mqnic_prj.gen/sources_1/ip/gig_ethernet_pcs_pma_0/synth/gig_ethernet_pcs_pma_0_clocking.v:122]
WARNING: [Synth 8-7071] port 'CLR' of module 'BUFG_GT' is unconnected for instance 'rxrecclk_bufg_inst' [d:/FPGA/mqnic_prj/mqnic_prj.gen/sources_1/ip/gig_ethernet_pcs_pma_0/synth/gig_ethernet_pcs_pma_0_clocking.v:122]
WARNING: [Synth 8-7071] port 'CLRMASK' of module 'BUFG_GT' is unconnected for instance 'rxrecclk_bufg_inst' [d:/FPGA/mqnic_prj/mqnic_prj.gen/sources_1/ip/gig_ethernet_pcs_pma_0/synth/gig_ethernet_pcs_pma_0_clocking.v:122]
WARNING: [Synth 8-7071] port 'DIV' of module 'BUFG_GT' is unconnected for instance 'rxrecclk_bufg_inst' [d:/FPGA/mqnic_prj/mqnic_prj.gen/sources_1/ip/gig_ethernet_pcs_pma_0/synth/gig_ethernet_pcs_pma_0_clocking.v:122]
WARNING: [Synth 8-7023] instance 'rxrecclk_bufg_inst' of module 'BUFG_GT' has 7 connections declared, but only 3 given [d:/FPGA/mqnic_prj/mqnic_prj.gen/sources_1/ip/gig_ethernet_pcs_pma_0/synth/gig_ethernet_pcs_pma_0_clocking.v:122]
INFO: [Synth 8-6155] done synthesizing module 'gig_ethernet_pcs_pma_0_clocking' (0#1) [d:/FPGA/mqnic_prj/mqnic_prj.gen/sources_1/ip/gig_ethernet_pcs_pma_0/synth/gig_ethernet_pcs_pma_0_clocking.v:63]
INFO: [Synth 8-6157] synthesizing module 'gig_ethernet_pcs_pma_0_resets' [d:/FPGA/mqnic_prj/mqnic_prj.gen/sources_1/ip/gig_ethernet_pcs_pma_0/synth/gig_ethernet_pcs_pma_0_resets.v:63]
INFO: [Synth 8-6155] done synthesizing module 'gig_ethernet_pcs_pma_0_resets' (0#1) [d:/FPGA/mqnic_prj/mqnic_prj.gen/sources_1/ip/gig_ethernet_pcs_pma_0/synth/gig_ethernet_pcs_pma_0_resets.v:63]
INFO: [Synth 8-6155] done synthesizing module 'gig_ethernet_pcs_pma_0_support' (0#1) [d:/FPGA/mqnic_prj/mqnic_prj.gen/sources_1/ip/gig_ethernet_pcs_pma_0/synth/gig_ethernet_pcs_pma_0_support.v:58]
INFO: [Synth 8-6155] done synthesizing module 'gig_ethernet_pcs_pma_0' (0#1) [d:/FPGA/mqnic_prj/mqnic_prj.gen/sources_1/ip/gig_ethernet_pcs_pma_0/synth/gig_ethernet_pcs_pma_0.v:83]
WARNING: [Synth 8-3301] Unused top level parameter/generic FPGA_ID
WARNING: [Synth 8-3301] Unused top level parameter/generic FW_ID
WARNING: [Synth 8-3301] Unused top level parameter/generic FW_VER
WARNING: [Synth 8-3301] Unused top level parameter/generic BOARD_ID
WARNING: [Synth 8-3301] Unused top level parameter/generic BOARD_VER
WARNING: [Synth 8-3301] Unused top level parameter/generic BUILD_DATE
WARNING: [Synth 8-3301] Unused top level parameter/generic GIT_HASH
WARNING: [Synth 8-3301] Unused top level parameter/generic RELEASE_INFO
WARNING: [Synth 8-3301] Unused top level parameter/generic TDMA_BER_ENABLE
WARNING: [Synth 8-3301] Unused top level parameter/generic IF_COUNT
WARNING: [Synth 8-3301] Unused top level parameter/generic PORTS_PER_IF
WARNING: [Synth 8-3301] Unused top level parameter/generic SCHED_PER_IF
WARNING: [Synth 8-3301] Unused top level parameter/generic PORT_MASK
WARNING: [Synth 8-3301] Unused top level parameter/generic CLK_PERIOD_NS_NUM
WARNING: [Synth 8-3301] Unused top level parameter/generic CLK_PERIOD_NS_DENOM
WARNING: [Synth 8-3301] Unused top level parameter/generic PTP_CLOCK_PIPELINE
WARNING: [Synth 8-3301] Unused top level parameter/generic PTP_CLOCK_CDC_PIPELINE
WARNING: [Synth 8-3301] Unused top level parameter/generic PTP_PORT_CDC_PIPELINE
WARNING: [Synth 8-3301] Unused top level parameter/generic PTP_PEROUT_ENABLE
WARNING: [Synth 8-3301] Unused top level parameter/generic PTP_PEROUT_COUNT
WARNING: [Synth 8-3301] Unused top level parameter/generic EVENT_QUEUE_OP_TABLE_SIZE
WARNING: [Synth 8-3301] Unused top level parameter/generic TX_QUEUE_OP_TABLE_SIZE
WARNING: [Synth 8-3301] Unused top level parameter/generic RX_QUEUE_OP_TABLE_SIZE
WARNING: [Synth 8-3301] Unused top level parameter/generic CQ_OP_TABLE_SIZE
WARNING: [Synth 8-3301] Unused top level parameter/generic EQN_WIDTH
WARNING: [Synth 8-3301] Unused top level parameter/generic TX_QUEUE_INDEX_WIDTH
WARNING: [Synth 8-3301] Unused top level parameter/generic RX_QUEUE_INDEX_WIDTH
WARNING: [Synth 8-3301] Unused top level parameter/generic CQN_WIDTH
WARNING: [Synth 8-3301] Unused top level parameter/generic EQ_PIPELINE
WARNING: [Synth 8-3301] Unused top level parameter/generic TX_QUEUE_PIPELINE
WARNING: [Synth 8-3301] Unused top level parameter/generic RX_QUEUE_PIPELINE
WARNING: [Synth 8-3301] Unused top level parameter/generic CQ_PIPELINE
WARNING: [Synth 8-3301] Unused top level parameter/generic TX_DESC_TABLE_SIZE
WARNING: [Synth 8-3301] Unused top level parameter/generic RX_DESC_TABLE_SIZE
WARNING: [Synth 8-3301] Unused top level parameter/generic RX_INDIR_TBL_ADDR_WIDTH
WARNING: [Synth 8-3301] Unused top level parameter/generic TX_SCHEDULER_OP_TABLE_SIZE
WARNING: [Synth 8-3301] Unused top level parameter/generic TX_SCHEDULER_PIPELINE
WARNING: [Synth 8-3301] Unused top level parameter/generic TDMA_INDEX_WIDTH
WARNING: [Synth 8-3301] Unused top level parameter/generic PTP_TS_ENABLE
WARNING: [Synth 8-3301] Unused top level parameter/generic TX_CPL_FIFO_DEPTH
WARNING: [Synth 8-3301] Unused top level parameter/generic TX_CHECKSUM_ENABLE
WARNING: [Synth 8-3301] Unused top level parameter/generic RX_HASH_ENABLE
WARNING: [Synth 8-3301] Unused top level parameter/generic RX_CHECKSUM_ENABLE
WARNING: [Synth 8-3301] Unused top level parameter/generic PFC_ENABLE
WARNING: [Synth 8-3301] Unused top level parameter/generic LFC_ENABLE
WARNING: [Synth 8-3301] Unused top level parameter/generic ENABLE_PADDING
WARNING: [Synth 8-3301] Unused top level parameter/generic ENABLE_DIC
WARNING: [Synth 8-3301] Unused top level parameter/generic MIN_FRAME_LENGTH
WARNING: [Synth 8-3301] Unused top level parameter/generic TX_FIFO_DEPTH
WARNING: [Synth 8-3301] Unused top level parameter/generic RX_FIFO_DEPTH
WARNING: [Synth 8-3301] Unused top level parameter/generic MAX_TX_SIZE
WARNING: [Synth 8-3301] Unused top level parameter/generic MAX_RX_SIZE
WARNING: [Synth 8-3301] Unused top level parameter/generic TX_RAM_SIZE
WARNING: [Synth 8-3301] Unused top level parameter/generic RX_RAM_SIZE
WARNING: [Synth 8-3301] Unused top level parameter/generic DDR_CH
WARNING: [Synth 8-3301] Unused top level parameter/generic DDR_ENABLE
WARNING: [Synth 8-3301] Unused top level parameter/generic AXI_DDR_ID_WIDTH
WARNING: [Synth 8-3301] Unused top level parameter/generic AXI_DDR_MAX_BURST_LEN
WARNING: [Synth 8-3301] Unused top level parameter/generic APP_ID
WARNING: [Synth 8-3301] Unused top level parameter/generic APP_ENABLE
WARNING: [Synth 8-3301] Unused top level parameter/generic APP_CTRL_ENABLE
WARNING: [Synth 8-3301] Unused top level parameter/generic APP_DMA_ENABLE
WARNING: [Synth 8-3301] Unused top level parameter/generic APP_AXIS_DIRECT_ENABLE
WARNING: [Synth 8-3301] Unused top level parameter/generic APP_AXIS_SYNC_ENABLE
WARNING: [Synth 8-3301] Unused top level parameter/generic APP_AXIS_IF_ENABLE
WARNING: [Synth 8-3301] Unused top level parameter/generic APP_STAT_ENABLE
WARNING: [Synth 8-3301] Unused top level parameter/generic DMA_IMM_ENABLE
WARNING: [Synth 8-3301] Unused top level parameter/generic DMA_IMM_WIDTH
WARNING: [Synth 8-3301] Unused top level parameter/generic DMA_LEN_WIDTH
WARNING: [Synth 8-3301] Unused top level parameter/generic DMA_TAG_WIDTH
WARNING: [Synth 8-3301] Unused top level parameter/generic RAM_ADDR_WIDTH
WARNING: [Synth 8-3301] Unused top level parameter/generic RAM_PIPELINE
WARNING: [Synth 8-3301] Unused top level parameter/generic IRQ_INDEX_WIDTH
WARNING: [Synth 8-3301] Unused top level parameter/generic AXIL_CTRL_DATA_WIDTH
WARNING: [Synth 8-3301] Unused top level parameter/generic AXIL_CTRL_ADDR_WIDTH
WARNING: [Synth 8-3301] Unused top level parameter/generic AXIL_APP_CTRL_DATA_WIDTH
WARNING: [Synth 8-3301] Unused top level parameter/generic AXIL_APP_CTRL_ADDR_WIDTH
WARNING: [Synth 8-3301] Unused top level parameter/generic AXIS_ETH_TX_PIPELINE
WARNING: [Synth 8-3301] Unused top level parameter/generic AXIS_ETH_TX_FIFO_PIPELINE
WARNING: [Synth 8-3301] Unused top level parameter/generic AXIS_ETH_TX_TS_PIPELINE
WARNING: [Synth 8-3301] Unused top level parameter/generic AXIS_ETH_RX_PIPELINE
WARNING: [Synth 8-3301] Unused top level parameter/generic AXIS_ETH_RX_FIFO_PIPELINE
WARNING: [Synth 8-3301] Unused top level parameter/generic STAT_ENABLE
WARNING: [Synth 8-3301] Unused top level parameter/generic STAT_DMA_ENABLE
WARNING: [Synth 8-3301] Unused top level parameter/generic STAT_PCIE_ENABLE
WARNING: [Synth 8-3301] Unused top level parameter/generic STAT_INC_WIDTH
WARNING: [Synth 8-3301] Unused top level parameter/generic STAT_ID_WIDTH
WARNING: [Synth 8-3301] Unused top level parameter/generic AXIS_PCIE_DATA_WIDTH
WARNING: [Synth 8-7137] Register freq_cnt_o_reg in module gtwizard_ultrascale_v1_7_17_gthe4_cpll_cal_freq_counter has both Set and reset with same priority. This may cause simulation mismatches. Consider rewriting code  [d:/FPGA/mqnic_prj/mqnic_prj.gen/sources_1/ip/gig_ethernet_pcs_pma_0/ip_0/hdl/gtwizard_ultrascale_v1_7_gthe4_cal_freqcnt.v:188]
WARNING: [Synth 8-6014] Unused sequential element mask_reg was removed.  [d:/FPGA/mqnic_prj/mqnic_prj.gen/sources_1/ip/gig_ethernet_pcs_pma_0/ip_0/hdl/gtwizard_ultrascale_v1_7_gthe4_cpll_cal_tx.v:1077]
WARNING: [Synth 8-7129] Port mmcm_reset in module gig_ethernet_pcs_pma_0_clocking is either unconnected or has no load
WARNING: [Synth 8-7129] Port rxdata_in[127] in module gtwizard_ultrascale_v1_7_17_gtwiz_userdata_rx is either unconnected or has no load
WARNING: [Synth 8-7129] Port rxdata_in[126] in module gtwizard_ultrascale_v1_7_17_gtwiz_userdata_rx is either unconnected or has no load
WARNING: [Synth 8-7129] Port rxdata_in[125] in module gtwizard_ultrascale_v1_7_17_gtwiz_userdata_rx is either unconnected or has no load
WARNING: [Synth 8-7129] Port rxdata_in[124] in module gtwizard_ultrascale_v1_7_17_gtwiz_userdata_rx is either unconnected or has no load
WARNING: [Synth 8-7129] Port rxdata_in[123] in module gtwizard_ultrascale_v1_7_17_gtwiz_userdata_rx is either unconnected or has no load
WARNING: [Synth 8-7129] Port rxdata_in[122] in module gtwizard_ultrascale_v1_7_17_gtwiz_userdata_rx is either unconnected or has no load
WARNING: [Synth 8-7129] Port rxdata_in[121] in module gtwizard_ultrascale_v1_7_17_gtwiz_userdata_rx is either unconnected or has no load
WARNING: [Synth 8-7129] Port rxdata_in[120] in module gtwizard_ultrascale_v1_7_17_gtwiz_userdata_rx is either unconnected or has no load
WARNING: [Synth 8-7129] Port rxdata_in[119] in module gtwizard_ultrascale_v1_7_17_gtwiz_userdata_rx is either unconnected or has no load
WARNING: [Synth 8-7129] Port rxdata_in[118] in module gtwizard_ultrascale_v1_7_17_gtwiz_userdata_rx is either unconnected or has no load
WARNING: [Synth 8-7129] Port rxdata_in[117] in module gtwizard_ultrascale_v1_7_17_gtwiz_userdata_rx is either unconnected or has no load
WARNING: [Synth 8-7129] Port rxdata_in[116] in module gtwizard_ultrascale_v1_7_17_gtwiz_userdata_rx is either unconnected or has no load
WARNING: [Synth 8-7129] Port rxdata_in[115] in module gtwizard_ultrascale_v1_7_17_gtwiz_userdata_rx is either unconnected or has no load
WARNING: [Synth 8-7129] Port rxdata_in[114] in module gtwizard_ultrascale_v1_7_17_gtwiz_userdata_rx is either unconnected or has no load
WARNING: [Synth 8-7129] Port rxdata_in[113] in module gtwizard_ultrascale_v1_7_17_gtwiz_userdata_rx is either unconnected or has no load
WARNING: [Synth 8-7129] Port rxdata_in[112] in module gtwizard_ultrascale_v1_7_17_gtwiz_userdata_rx is either unconnected or has no load
WARNING: [Synth 8-7129] Port rxdata_in[111] in module gtwizard_ultrascale_v1_7_17_gtwiz_userdata_rx is either unconnected or has no load
WARNING: [Synth 8-7129] Port rxdata_in[110] in module gtwizard_ultrascale_v1_7_17_gtwiz_userdata_rx is either unconnected or has no load
WARNING: [Synth 8-7129] Port rxdata_in[109] in module gtwizard_ultrascale_v1_7_17_gtwiz_userdata_rx is either unconnected or has no load
WARNING: [Synth 8-7129] Port rxdata_in[108] in module gtwizard_ultrascale_v1_7_17_gtwiz_userdata_rx is either unconnected or has no load
WARNING: [Synth 8-7129] Port rxdata_in[107] in module gtwizard_ultrascale_v1_7_17_gtwiz_userdata_rx is either unconnected or has no load
WARNING: [Synth 8-7129] Port rxdata_in[106] in module gtwizard_ultrascale_v1_7_17_gtwiz_userdata_rx is either unconnected or has no load
WARNING: [Synth 8-7129] Port rxdata_in[105] in module gtwizard_ultrascale_v1_7_17_gtwiz_userdata_rx is either unconnected or has no load
WARNING: [Synth 8-7129] Port rxdata_in[104] in module gtwizard_ultrascale_v1_7_17_gtwiz_userdata_rx is either unconnected or has no load
WARNING: [Synth 8-7129] Port rxdata_in[103] in module gtwizard_ultrascale_v1_7_17_gtwiz_userdata_rx is either unconnected or has no load
WARNING: [Synth 8-7129] Port rxdata_in[102] in module gtwizard_ultrascale_v1_7_17_gtwiz_userdata_rx is either unconnected or has no load
WARNING: [Synth 8-7129] Port rxdata_in[101] in module gtwizard_ultrascale_v1_7_17_gtwiz_userdata_rx is either unconnected or has no load
WARNING: [Synth 8-7129] Port rxdata_in[100] in module gtwizard_ultrascale_v1_7_17_gtwiz_userdata_rx is either unconnected or has no load
WARNING: [Synth 8-7129] Port rxdata_in[99] in module gtwizard_ultrascale_v1_7_17_gtwiz_userdata_rx is either unconnected or has no load
WARNING: [Synth 8-7129] Port rxdata_in[98] in module gtwizard_ultrascale_v1_7_17_gtwiz_userdata_rx is either unconnected or has no load
WARNING: [Synth 8-7129] Port rxdata_in[97] in module gtwizard_ultrascale_v1_7_17_gtwiz_userdata_rx is either unconnected or has no load
WARNING: [Synth 8-7129] Port rxdata_in[96] in module gtwizard_ultrascale_v1_7_17_gtwiz_userdata_rx is either unconnected or has no load
WARNING: [Synth 8-7129] Port rxdata_in[95] in module gtwizard_ultrascale_v1_7_17_gtwiz_userdata_rx is either unconnected or has no load
WARNING: [Synth 8-7129] Port rxdata_in[94] in module gtwizard_ultrascale_v1_7_17_gtwiz_userdata_rx is either unconnected or has no load
WARNING: [Synth 8-7129] Port rxdata_in[93] in module gtwizard_ultrascale_v1_7_17_gtwiz_userdata_rx is either unconnected or has no load
WARNING: [Synth 8-7129] Port rxdata_in[92] in module gtwizard_ultrascale_v1_7_17_gtwiz_userdata_rx is either unconnected or has no load
WARNING: [Synth 8-7129] Port rxdata_in[91] in module gtwizard_ultrascale_v1_7_17_gtwiz_userdata_rx is either unconnected or has no load
WARNING: [Synth 8-7129] Port rxdata_in[90] in module gtwizard_ultrascale_v1_7_17_gtwiz_userdata_rx is either unconnected or has no load
WARNING: [Synth 8-7129] Port rxdata_in[89] in module gtwizard_ultrascale_v1_7_17_gtwiz_userdata_rx is either unconnected or has no load
WARNING: [Synth 8-7129] Port rxdata_in[88] in module gtwizard_ultrascale_v1_7_17_gtwiz_userdata_rx is either unconnected or has no load
WARNING: [Synth 8-7129] Port rxdata_in[87] in module gtwizard_ultrascale_v1_7_17_gtwiz_userdata_rx is either unconnected or has no load
WARNING: [Synth 8-7129] Port rxdata_in[86] in module gtwizard_ultrascale_v1_7_17_gtwiz_userdata_rx is either unconnected or has no load
WARNING: [Synth 8-7129] Port rxdata_in[85] in module gtwizard_ultrascale_v1_7_17_gtwiz_userdata_rx is either unconnected or has no load
WARNING: [Synth 8-7129] Port rxdata_in[84] in module gtwizard_ultrascale_v1_7_17_gtwiz_userdata_rx is either unconnected or has no load
WARNING: [Synth 8-7129] Port rxdata_in[83] in module gtwizard_ultrascale_v1_7_17_gtwiz_userdata_rx is either unconnected or has no load
WARNING: [Synth 8-7129] Port rxdata_in[82] in module gtwizard_ultrascale_v1_7_17_gtwiz_userdata_rx is either unconnected or has no load
WARNING: [Synth 8-7129] Port rxdata_in[81] in module gtwizard_ultrascale_v1_7_17_gtwiz_userdata_rx is either unconnected or has no load
WARNING: [Synth 8-7129] Port rxdata_in[80] in module gtwizard_ultrascale_v1_7_17_gtwiz_userdata_rx is either unconnected or has no load
WARNING: [Synth 8-7129] Port rxdata_in[79] in module gtwizard_ultrascale_v1_7_17_gtwiz_userdata_rx is either unconnected or has no load
WARNING: [Synth 8-7129] Port rxdata_in[78] in module gtwizard_ultrascale_v1_7_17_gtwiz_userdata_rx is either unconnected or has no load
WARNING: [Synth 8-7129] Port rxdata_in[77] in module gtwizard_ultrascale_v1_7_17_gtwiz_userdata_rx is either unconnected or has no load
WARNING: [Synth 8-7129] Port rxdata_in[76] in module gtwizard_ultrascale_v1_7_17_gtwiz_userdata_rx is either unconnected or has no load
WARNING: [Synth 8-7129] Port rxdata_in[75] in module gtwizard_ultrascale_v1_7_17_gtwiz_userdata_rx is either unconnected or has no load
WARNING: [Synth 8-7129] Port rxdata_in[74] in module gtwizard_ultrascale_v1_7_17_gtwiz_userdata_rx is either unconnected or has no load
WARNING: [Synth 8-7129] Port rxdata_in[73] in module gtwizard_ultrascale_v1_7_17_gtwiz_userdata_rx is either unconnected or has no load
WARNING: [Synth 8-7129] Port rxdata_in[72] in module gtwizard_ultrascale_v1_7_17_gtwiz_userdata_rx is either unconnected or has no load
WARNING: [Synth 8-7129] Port rxdata_in[71] in module gtwizard_ultrascale_v1_7_17_gtwiz_userdata_rx is either unconnected or has no load
WARNING: [Synth 8-7129] Port rxdata_in[70] in module gtwizard_ultrascale_v1_7_17_gtwiz_userdata_rx is either unconnected or has no load
WARNING: [Synth 8-7129] Port rxdata_in[69] in module gtwizard_ultrascale_v1_7_17_gtwiz_userdata_rx is either unconnected or has no load
WARNING: [Synth 8-7129] Port rxdata_in[68] in module gtwizard_ultrascale_v1_7_17_gtwiz_userdata_rx is either unconnected or has no load
WARNING: [Synth 8-7129] Port rxdata_in[67] in module gtwizard_ultrascale_v1_7_17_gtwiz_userdata_rx is either unconnected or has no load
WARNING: [Synth 8-7129] Port rxdata_in[66] in module gtwizard_ultrascale_v1_7_17_gtwiz_userdata_rx is either unconnected or has no load
WARNING: [Synth 8-7129] Port rxdata_in[65] in module gtwizard_ultrascale_v1_7_17_gtwiz_userdata_rx is either unconnected or has no load
WARNING: [Synth 8-7129] Port rxdata_in[64] in module gtwizard_ultrascale_v1_7_17_gtwiz_userdata_rx is either unconnected or has no load
WARNING: [Synth 8-7129] Port rxdata_in[63] in module gtwizard_ultrascale_v1_7_17_gtwiz_userdata_rx is either unconnected or has no load
WARNING: [Synth 8-7129] Port rxdata_in[62] in module gtwizard_ultrascale_v1_7_17_gtwiz_userdata_rx is either unconnected or has no load
WARNING: [Synth 8-7129] Port rxdata_in[61] in module gtwizard_ultrascale_v1_7_17_gtwiz_userdata_rx is either unconnected or has no load
WARNING: [Synth 8-7129] Port rxdata_in[60] in module gtwizard_ultrascale_v1_7_17_gtwiz_userdata_rx is either unconnected or has no load
WARNING: [Synth 8-7129] Port rxdata_in[59] in module gtwizard_ultrascale_v1_7_17_gtwiz_userdata_rx is either unconnected or has no load
WARNING: [Synth 8-7129] Port rxdata_in[58] in module gtwizard_ultrascale_v1_7_17_gtwiz_userdata_rx is either unconnected or has no load
WARNING: [Synth 8-7129] Port rxdata_in[57] in module gtwizard_ultrascale_v1_7_17_gtwiz_userdata_rx is either unconnected or has no load
WARNING: [Synth 8-7129] Port rxdata_in[56] in module gtwizard_ultrascale_v1_7_17_gtwiz_userdata_rx is either unconnected or has no load
WARNING: [Synth 8-7129] Port rxdata_in[55] in module gtwizard_ultrascale_v1_7_17_gtwiz_userdata_rx is either unconnected or has no load
WARNING: [Synth 8-7129] Port rxdata_in[54] in module gtwizard_ultrascale_v1_7_17_gtwiz_userdata_rx is either unconnected or has no load
WARNING: [Synth 8-7129] Port rxdata_in[53] in module gtwizard_ultrascale_v1_7_17_gtwiz_userdata_rx is either unconnected or has no load
WARNING: [Synth 8-7129] Port rxdata_in[52] in module gtwizard_ultrascale_v1_7_17_gtwiz_userdata_rx is either unconnected or has no load
WARNING: [Synth 8-7129] Port rxdata_in[51] in module gtwizard_ultrascale_v1_7_17_gtwiz_userdata_rx is either unconnected or has no load
WARNING: [Synth 8-7129] Port rxdata_in[50] in module gtwizard_ultrascale_v1_7_17_gtwiz_userdata_rx is either unconnected or has no load
WARNING: [Synth 8-7129] Port rxdata_in[49] in module gtwizard_ultrascale_v1_7_17_gtwiz_userdata_rx is either unconnected or has no load
WARNING: [Synth 8-7129] Port rxdata_in[48] in module gtwizard_ultrascale_v1_7_17_gtwiz_userdata_rx is either unconnected or has no load
WARNING: [Synth 8-7129] Port rxdata_in[47] in module gtwizard_ultrascale_v1_7_17_gtwiz_userdata_rx is either unconnected or has no load
WARNING: [Synth 8-7129] Port rxdata_in[46] in module gtwizard_ultrascale_v1_7_17_gtwiz_userdata_rx is either unconnected or has no load
WARNING: [Synth 8-7129] Port rxdata_in[45] in module gtwizard_ultrascale_v1_7_17_gtwiz_userdata_rx is either unconnected or has no load
WARNING: [Synth 8-7129] Port rxdata_in[44] in module gtwizard_ultrascale_v1_7_17_gtwiz_userdata_rx is either unconnected or has no load
WARNING: [Synth 8-7129] Port rxdata_in[43] in module gtwizard_ultrascale_v1_7_17_gtwiz_userdata_rx is either unconnected or has no load
WARNING: [Synth 8-7129] Port rxdata_in[42] in module gtwizard_ultrascale_v1_7_17_gtwiz_userdata_rx is either unconnected or has no load
WARNING: [Synth 8-7129] Port rxdata_in[41] in module gtwizard_ultrascale_v1_7_17_gtwiz_userdata_rx is either unconnected or has no load
WARNING: [Synth 8-7129] Port rxdata_in[40] in module gtwizard_ultrascale_v1_7_17_gtwiz_userdata_rx is either unconnected or has no load
WARNING: [Synth 8-7129] Port rxdata_in[39] in module gtwizard_ultrascale_v1_7_17_gtwiz_userdata_rx is either unconnected or has no load
WARNING: [Synth 8-7129] Port rxdata_in[38] in module gtwizard_ultrascale_v1_7_17_gtwiz_userdata_rx is either unconnected or has no load
WARNING: [Synth 8-7129] Port rxdata_in[37] in module gtwizard_ultrascale_v1_7_17_gtwiz_userdata_rx is either unconnected or has no load
WARNING: [Synth 8-7129] Port rxdata_in[36] in module gtwizard_ultrascale_v1_7_17_gtwiz_userdata_rx is either unconnected or has no load
WARNING: [Synth 8-7129] Port rxdata_in[35] in module gtwizard_ultrascale_v1_7_17_gtwiz_userdata_rx is either unconnected or has no load
WARNING: [Synth 8-7129] Port rxdata_in[34] in module gtwizard_ultrascale_v1_7_17_gtwiz_userdata_rx is either unconnected or has no load
WARNING: [Synth 8-7129] Port rxdata_in[33] in module gtwizard_ultrascale_v1_7_17_gtwiz_userdata_rx is either unconnected or has no load
WARNING: [Synth 8-7129] Port rxdata_in[32] in module gtwizard_ultrascale_v1_7_17_gtwiz_userdata_rx is either unconnected or has no load
WARNING: [Synth 8-7129] Port rxdata_in[31] in module gtwizard_ultrascale_v1_7_17_gtwiz_userdata_rx is either unconnected or has no load
WARNING: [Synth 8-7129] Port rxdata_in[30] in module gtwizard_ultrascale_v1_7_17_gtwiz_userdata_rx is either unconnected or has no load
WARNING: [Synth 8-7129] Port rxdata_in[29] in module gtwizard_ultrascale_v1_7_17_gtwiz_userdata_rx is either unconnected or has no load
INFO: [Common 17-14] Message 'Synth 8-7129' appears 100 times and further instances of the messages will be disabled. Use the Tcl command set_msg_config to change the current settings.
---------------------------------------------------------------------------------
Finished RTL Elaboration : Time (s): cpu = 00:00:07 ; elapsed = 00:00:07 . Memory (MB): peak = 2286.008 ; gain = 558.105
---------------------------------------------------------------------------------
---------------------------------------------------------------------------------
Start Handling Custom Attributes
---------------------------------------------------------------------------------
---------------------------------------------------------------------------------
Finished Handling Custom Attributes : Time (s): cpu = 00:00:07 ; elapsed = 00:00:07 . Memory (MB): peak = 2286.008 ; gain = 558.105
---------------------------------------------------------------------------------
---------------------------------------------------------------------------------
Finished RTL Optimization Phase 1 : Time (s): cpu = 00:00:07 ; elapsed = 00:00:07 . Memory (MB): peak = 2286.008 ; gain = 558.105
---------------------------------------------------------------------------------
Netlist sorting complete. Time (s): cpu = 00:00:00 ; elapsed = 00:00:00.082 . Memory (MB): peak = 2286.008 ; gain = 0.000
INFO: [Netlist 29-17] Analyzing 38 Unisim elements for replacement
INFO: [Netlist 29-28] Unisim Transformation completed in 0 CPU seconds
INFO: [Project 1-570] Preparing netlist for logic optimization

Processing XDC Constraints
Initializing timing engine
Parsing XDC File [d:/FPGA/mqnic_prj/mqnic_prj.gen/sources_1/ip/gig_ethernet_pcs_pma_0/synth/gig_ethernet_pcs_pma_0_ooc.xdc] for cell 'inst'
Finished Parsing XDC File [d:/FPGA/mqnic_prj/mqnic_prj.gen/sources_1/ip/gig_ethernet_pcs_pma_0/synth/gig_ethernet_pcs_pma_0_ooc.xdc] for cell 'inst'
Parsing XDC File [d:/FPGA/mqnic_prj/mqnic_prj.gen/sources_1/ip/gig_ethernet_pcs_pma_0/ip_0/synth/gig_ethernet_pcs_pma_0_gt.xdc] for cell 'inst/pcs_pma_block_i/transceiver_inst/gig_ethernet_pcs_pma_0_gt_i/inst'
Finished Parsing XDC File [d:/FPGA/mqnic_prj/mqnic_prj.gen/sources_1/ip/gig_ethernet_pcs_pma_0/ip_0/synth/gig_ethernet_pcs_pma_0_gt.xdc] for cell 'inst/pcs_pma_block_i/transceiver_inst/gig_ethernet_pcs_pma_0_gt_i/inst'
INFO: [Project 1-236] Implementation specific constraints were found while reading constraint file [d:/FPGA/mqnic_prj/mqnic_prj.gen/sources_1/ip/gig_ethernet_pcs_pma_0/ip_0/synth/gig_ethernet_pcs_pma_0_gt.xdc]. These constraints will be ignored for synthesis but will be used in implementation. Impacted constraints are listed in the file [.Xil/gig_ethernet_pcs_pma_0_propImpl.xdc].
Resolution: To avoid this warning, move constraints listed in [.Xil/gig_ethernet_pcs_pma_0_propImpl.xdc] to another XDC file and exclude this new file from synthesis with the used_in_synthesis property (File Properties dialog in GUI) and re-run elaboration/synthesis.
Parsing XDC File [d:/FPGA/mqnic_prj/mqnic_prj.gen/sources_1/ip/gig_ethernet_pcs_pma_0/gig_ethernet_pcs_pma_0_board.xdc] for cell 'inst'
Finished Parsing XDC File [d:/FPGA/mqnic_prj/mqnic_prj.gen/sources_1/ip/gig_ethernet_pcs_pma_0/gig_ethernet_pcs_pma_0_board.xdc] for cell 'inst'
Parsing XDC File [d:/FPGA/mqnic_prj/mqnic_prj.gen/sources_1/ip/gig_ethernet_pcs_pma_0/synth/gig_ethernet_pcs_pma_0_clocks.xdc] for cell 'inst'
Finished Parsing XDC File [d:/FPGA/mqnic_prj/mqnic_prj.gen/sources_1/ip/gig_ethernet_pcs_pma_0/synth/gig_ethernet_pcs_pma_0_clocks.xdc] for cell 'inst'
INFO: [Timing 38-2] Deriving generated clocks
Parsing XDC File [D:/FPGA/mqnic_prj/mqnic_prj.runs/gig_ethernet_pcs_pma_0_synth_1/dont_touch.xdc]
Finished Parsing XDC File [D:/FPGA/mqnic_prj/mqnic_prj.runs/gig_ethernet_pcs_pma_0_synth_1/dont_touch.xdc]
INFO: [Project 1-236] Implementation specific constraints were found while reading constraint file [D:/FPGA/mqnic_prj/mqnic_prj.runs/gig_ethernet_pcs_pma_0_synth_1/dont_touch.xdc]. These constraints will be ignored for synthesis but will be used in implementation. Impacted constraints are listed in the file [.Xil/gig_ethernet_pcs_pma_0_propImpl.xdc].
Resolution: To avoid this warning, move constraints listed in [.Xil/gig_ethernet_pcs_pma_0_propImpl.xdc] to another XDC file and exclude this new file from synthesis with the used_in_synthesis property (File Properties dialog in GUI) and re-run elaboration/synthesis.
Parsing XDC File [d:/FPGA/mqnic_prj/mqnic_prj.gen/sources_1/ip/gig_ethernet_pcs_pma_0/synth/gig_ethernet_pcs_pma_0.xdc] for cell 'inst'
Finished Parsing XDC File [d:/FPGA/mqnic_prj/mqnic_prj.gen/sources_1/ip/gig_ethernet_pcs_pma_0/synth/gig_ethernet_pcs_pma_0.xdc] for cell 'inst'
INFO: [Project 1-236] Implementation specific constraints were found while reading constraint file [d:/FPGA/mqnic_prj/mqnic_prj.gen/sources_1/ip/gig_ethernet_pcs_pma_0/synth/gig_ethernet_pcs_pma_0.xdc]. These constraints will be ignored for synthesis but will be used in implementation. Impacted constraints are listed in the file [.Xil/gig_ethernet_pcs_pma_0_propImpl.xdc].
Resolution: To avoid this warning, move constraints listed in [.Xil/gig_ethernet_pcs_pma_0_propImpl.xdc] to another XDC file and exclude this new file from synthesis with the used_in_synthesis property (File Properties dialog in GUI) and re-run elaboration/synthesis.
Completed Processing XDC Constraints

Netlist sorting complete. Time (s): cpu = 00:00:00 ; elapsed = 00:00:00.001 . Memory (MB): peak = 2385.285 ; gain = 0.000
INFO: [Project 1-111] Unisim Transformation Summary:
  A total of 38 instances were transformed.
  FD => FDRE: 12 instances
  FDP => FDPE: 24 instances
  SRL16 => SRL16E: 2 instances

系统找不到指定的路径。
Constraint Validation Runtime : Time (s): cpu = 00:00:00 ; elapsed = 00:00:00.036 . Memory (MB): peak = 2385.340 ; gain = 0.055
INFO: [Designutils 20-5008] Incremental synthesis strategy off
---------------------------------------------------------------------------------
Finished Constraint Validation : Time (s): cpu = 00:00:16 ; elapsed = 00:00:16 . Memory (MB): peak = 2385.340 ; gain = 657.438
---------------------------------------------------------------------------------
---------------------------------------------------------------------------------
Start Loading Part and Timing Information
---------------------------------------------------------------------------------
Loading part: xczu7ev-ffvc1156-2-e
INFO: [Synth 8-6742] Reading net delay rules and data
---------------------------------------------------------------------------------
Finished Loading Part and Timing Information : Time (s): cpu = 00:00:16 ; elapsed = 00:00:16 . Memory (MB): peak = 2385.340 ; gain = 657.438
---------------------------------------------------------------------------------
---------------------------------------------------------------------------------
Start Applying 'set_property' XDC Constraints
---------------------------------------------------------------------------------
Applied set_property KEEP_HIERARCHY = SOFT for inst/pcs_pma_block_i/transceiver_inst/gig_ethernet_pcs_pma_0_gt_i/inst. (constraint file  D:/FPGA/mqnic_prj/mqnic_prj.runs/gig_ethernet_pcs_pma_0_synth_1/dont_touch.xdc, line 13).
Applied set_property KEEP_HIERARCHY = SOFT for inst. (constraint file  D:/FPGA/mqnic_prj/mqnic_prj.runs/gig_ethernet_pcs_pma_0_synth_1/dont_touch.xdc, line 17).
Applied set_property KEEP_HIERARCHY = SOFT for inst/pcs_pma_block_i/transceiver_inst/gig_ethernet_pcs_pma_0_gt_i. (constraint file  auto generated constraint).
---------------------------------------------------------------------------------
Finished applying 'set_property' XDC Constraints : Time (s): cpu = 00:00:16 ; elapsed = 00:00:16 . Memory (MB): peak = 2385.340 ; gain = 657.438
---------------------------------------------------------------------------------
INFO: [Synth 8-802] inferred FSM for state register 'STATE_reg' in module 'SYNCHRONISE'
INFO: [Synth 8-802] inferred FSM for state register 'USE_ROCKET_IO.TX_RST_SM_reg' in module 'GPCS_PMA_GEN'
INFO: [Synth 8-802] inferred FSM for state register 'USE_ROCKET_IO.RX_RST_SM_TXOUTCLK.RX_RST_SM_reg' in module 'GPCS_PMA_GEN'
WARNING: [Synth 8-3936] Found unconnected internal register 'progclk_sel_store_reg' and it is trimmed from '16' to '15' bits. [d:/FPGA/mqnic_prj/mqnic_prj.gen/sources_1/ip/gig_ethernet_pcs_pma_0/ip_0/hdl/gtwizard_ultrascale_v1_7_gthe4_cpll_cal_tx.v:705]
WARNING: [Synth 8-3936] Found unconnected internal register 'x0e1_store_reg' and it is trimmed from '16' to '15' bits. [d:/FPGA/mqnic_prj/mqnic_prj.gen/sources_1/ip/gig_ethernet_pcs_pma_0/ip_0/hdl/gtwizard_ultrascale_v1_7_gthe4_cpll_cal_tx.v:778]
INFO: [Synth 8-802] inferred FSM for state register 'arb_state_reg' in module 'gtwizard_ultrascale_v1_7_17_gte4_drp_arb'
INFO: [Synth 8-802] inferred FSM for state register 'sm_reset_all_reg' in module 'gtwizard_ultrascale_v1_7_17_gtwiz_reset'
INFO: [Synth 8-802] inferred FSM for state register 'sm_reset_tx_reg' in module 'gtwizard_ultrascale_v1_7_17_gtwiz_reset'
INFO: [Synth 8-802] inferred FSM for state register 'sm_reset_rx_reg' in module 'gtwizard_ultrascale_v1_7_17_gtwiz_reset'
---------------------------------------------------------------------------------------------------
                   State |                     New Encoding |                Previous Encoding 
---------------------------------------------------------------------------------------------------
            loss_of_sync |                    0000000000100 |                             0000
          comma_detect_1 |                    0010000000000 |                             0001
           aquire_sync_1 |                    0000000010000 |                             0010
          comma_detect_2 |                    0000000000001 |                             0011
           aquire_sync_2 |                    0000000000010 |                             0100
          comma_detect_3 |                    0000000001000 |                             0101
         sync_acquired_1 |                    1000000000000 |                             0110
         sync_acquired_2 |                    0001000000000 |                             0111
        sync_acquired_2a |                    0100000000000 |                             1000
         sync_acquired_3 |                    0000001000000 |                             1001
        sync_acquired_3a |                    0000100000000 |                             1010
         sync_acquired_4 |                    0000010000000 |                             1011
        sync_acquired_4a |                    0000000100000 |                             1100
---------------------------------------------------------------------------------------------------
INFO: [Synth 8-3354] encoded FSM with state register 'STATE_reg' using encoding 'one-hot' in module 'SYNCHRONISE'
---------------------------------------------------------------------------------------------------
                   State |                     New Encoding |                Previous Encoding 
---------------------------------------------------------------------------------------------------
                 iSTATE7 |                  000000000000001 |                             0000
                 iSTATE6 |                  000000000000010 |                             0001
                 iSTATE2 |                  000000000000100 |                             0010
                  iSTATE |                  000000000001000 |                             0011
                 iSTATE0 |                  000000000010000 |                             0100
                iSTATE13 |                  000000000100000 |                             0101
                iSTATE11 |                  000000001000000 |                             0110
                 iSTATE9 |                  000000010000000 |                             0111
                iSTATE10 |                  000000100000000 |                             1000
                 iSTATE8 |                  000001000000000 |                             1001
                 iSTATE5 |                  000010000000000 |                             1010
                 iSTATE3 |                  000100000000000 |                             1011
                 iSTATE4 |                  001000000000000 |                             1100
                 iSTATE1 |                  010000000000000 |                             1101
                iSTATE12 |                  100000000000000 |                             1110
*
---------------------------------------------------------------------------------------------------
INFO: [Synth 8-3354] encoded FSM with state register 'USE_ROCKET_IO.RX_RST_SM_TXOUTCLK.RX_RST_SM_reg' using encoding 'one-hot' in module 'GPCS_PMA_GEN'
---------------------------------------------------------------------------------------------------
                   State |                     New Encoding |                Previous Encoding 
---------------------------------------------------------------------------------------------------
                 iSTATE7 |                  000000000000001 |                             0000
                 iSTATE6 |                  000000000000010 |                             0001
                 iSTATE2 |                  000000000000100 |                             0010
                  iSTATE |                  000000000001000 |                             0011
                 iSTATE0 |                  000000000010000 |                             0100
                iSTATE13 |                  000000000100000 |                             0101
                iSTATE11 |                  000000001000000 |                             0110
                 iSTATE9 |                  000000010000000 |                             0111
                iSTATE10 |                  000000100000000 |                             1000
                 iSTATE8 |                  000001000000000 |                             1001
                 iSTATE5 |                  000010000000000 |                             1010
                 iSTATE3 |                  000100000000000 |                             1011
                 iSTATE4 |                  001000000000000 |                             1100
                 iSTATE1 |                  010000000000000 |                             1101
                iSTATE12 |                  100000000000000 |                             1110
*
---------------------------------------------------------------------------------------------------
INFO: [Synth 8-3354] encoded FSM with state register 'USE_ROCKET_IO.TX_RST_SM_reg' using encoding 'one-hot' in module 'GPCS_PMA_GEN'
---------------------------------------------------------------------------------------------------
                   State |                     New Encoding |                Previous Encoding 
---------------------------------------------------------------------------------------------------
*
               ARB_START |                             0001 |                             0001
                ARB_WAIT |                             0010 |                             0010
              ARB_REPORT |                             0100 |                             0100
                 ARB_INC |                             1000 |                             1000
---------------------------------------------------------------------------------------------------
INFO: [Synth 8-3898] No Re-encoding of one hot register 'arb_state_reg' in module 'gtwizard_ultrascale_v1_7_17_gte4_drp_arb'
---------------------------------------------------------------------------------------------------
                   State |                     New Encoding |                Previous Encoding 
---------------------------------------------------------------------------------------------------
      ST_RESET_TX_BRANCH |                              000 |                              000
         ST_RESET_TX_PLL |                              001 |                              001
    ST_RESET_TX_DATAPATH |                              010 |                              010
   ST_RESET_TX_WAIT_LOCK |                              011 |                              011
ST_RESET_TX_WAIT_USERRDY |                              100 |                              100
ST_RESET_TX_WAIT_RESETDONE |                              101 |                              101
        ST_RESET_TX_IDLE |                              110 |                              110
---------------------------------------------------------------------------------------------------
INFO: [Synth 8-3354] encoded FSM with state register 'sm_reset_tx_reg' using encoding 'sequential' in module 'gtwizard_ultrascale_v1_7_17_gtwiz_reset'
---------------------------------------------------------------------------------------------------
                   State |                     New Encoding |                Previous Encoding 
---------------------------------------------------------------------------------------------------
      ST_RESET_RX_BRANCH |                              000 |                              000
         ST_RESET_RX_PLL |                              001 |                              001
    ST_RESET_RX_DATAPATH |                              010 |                              010
   ST_RESET_RX_WAIT_LOCK |                              011 |                              011
    ST_RESET_RX_WAIT_CDR |                              100 |                              100
ST_RESET_RX_WAIT_USERRDY |                              101 |                              101
ST_RESET_RX_WAIT_RESETDONE |                              110 |                              110
        ST_RESET_RX_IDLE |                              111 |                              111
---------------------------------------------------------------------------------------------------
INFO: [Synth 8-3354] encoded FSM with state register 'sm_reset_rx_reg' using encoding 'sequential' in module 'gtwizard_ultrascale_v1_7_17_gtwiz_reset'
---------------------------------------------------------------------------------------------------
                   State |                     New Encoding |                Previous Encoding 
---------------------------------------------------------------------------------------------------
     ST_RESET_ALL_BRANCH |                              000 |                              001
     ST_RESET_ALL_TX_PLL |                              001 |                              010
ST_RESET_ALL_TX_PLL_WAIT |                              010 |                              011
      ST_RESET_ALL_RX_DP |                              011 |                              100
     ST_RESET_ALL_RX_PLL |                              100 |                              101
    ST_RESET_ALL_RX_WAIT |                              101 |                              110
                  iSTATE |                              110 |                              111
       ST_RESET_ALL_INIT |                              111 |                              000
---------------------------------------------------------------------------------------------------
INFO: [Synth 8-3354] encoded FSM with state register 'sm_reset_all_reg' using encoding 'sequential' in module 'gtwizard_ultrascale_v1_7_17_gtwiz_reset'
---------------------------------------------------------------------------------
Finished RTL Optimization Phase 2 : Time (s): cpu = 00:00:17 ; elapsed = 00:00:17 . Memory (MB): peak = 2385.340 ; gain = 657.438
---------------------------------------------------------------------------------
---------------------------------------------------------------------------------
Start RTL Component Statistics 
---------------------------------------------------------------------------------
Detailed RTL Component Info : 
+---Adders : 
	   2 Input   25 Bit       Adders := 1     
	   2 Input   18 Bit       Adders := 1     
	   3 Input   18 Bit       Adders := 1     
	   2 Input   16 Bit       Adders := 1     
	   2 Input   13 Bit       Adders := 1     
	   2 Input   12 Bit       Adders := 1     
	   2 Input   10 Bit       Adders := 3     
	   2 Input    8 Bit       Adders := 1     
	   2 Input    6 Bit       Adders := 1     
	   2 Input    4 Bit       Adders := 1     
	   2 Input    3 Bit       Adders := 3     
	   2 Input    2 Bit       Adders := 3     
+---XORs : 
	   2 Input      1 Bit         XORs := 6     
+---Registers : 
	               48 Bit    Registers := 2     
	               32 Bit    Registers := 1     
	               30 Bit    Registers := 1     
	               25 Bit    Registers := 1     
	               18 Bit    Registers := 1     
	               16 Bit    Registers := 18    
	               15 Bit    Registers := 2     
	               13 Bit    Registers := 1     
	               12 Bit    Registers := 1     
	               10 Bit    Registers := 5     
	                9 Bit    Registers := 1     
	                8 Bit    Registers := 16    
	                7 Bit    Registers := 2     
	                6 Bit    Registers := 1     
	                5 Bit    Registers := 3     
	                4 Bit    Registers := 6     
	                3 Bit    Registers := 12    
	                2 Bit    Registers := 26    
	                1 Bit    Registers := 398   
+---Muxes : 
	   5 Input   48 Bit        Muxes := 1     
	   2 Input   48 Bit        Muxes := 2     
	  33 Input   32 Bit        Muxes := 1     
	   3 Input   32 Bit        Muxes := 1     
	   2 Input   30 Bit        Muxes := 3     
	   2 Input   28 Bit        Muxes := 1     
	   2 Input   27 Bit        Muxes := 1     
	   2 Input   26 Bit        Muxes := 1     
	  33 Input   25 Bit        Muxes := 1     
	   2 Input   25 Bit        Muxes := 1     
	   2 Input   24 Bit        Muxes := 1     
	   2 Input   23 Bit        Muxes := 1     
	   4 Input   22 Bit        Muxes := 1     
	   2 Input   21 Bit        Muxes := 1     
	   2 Input   20 Bit        Muxes := 1     
	   2 Input   19 Bit        Muxes := 1     
	   2 Input   18 Bit        Muxes := 1     
	   2 Input   17 Bit        Muxes := 1     
	   2 Input   16 Bit        Muxes := 9     
	   5 Input   16 Bit        Muxes := 2     
	  33 Input   16 Bit        Muxes := 2     
	   4 Input   16 Bit        Muxes := 1     
	  15 Input   15 Bit        Muxes := 2     
	   2 Input   15 Bit        Muxes := 1     
	  13 Input   13 Bit        Muxes := 1     
	   2 Input   13 Bit        Muxes := 19    
	   3 Input   12 Bit        Muxes := 1     
	   2 Input   12 Bit        Muxes := 1     
	   2 Input   11 Bit        Muxes := 1     
	   2 Input   10 Bit        Muxes := 5     
	   4 Input   10 Bit        Muxes := 1     
	   2 Input    9 Bit        Muxes := 2     
	   8 Input    8 Bit        Muxes := 1     
	   5 Input    8 Bit        Muxes := 2     
	   2 Input    8 Bit        Muxes := 7     
	   3 Input    8 Bit        Muxes := 2     
	   7 Input    8 Bit        Muxes := 1     
	   8 Input    7 Bit        Muxes := 1     
	   2 Input    7 Bit        Muxes := 4     
	   3 Input    7 Bit        Muxes := 1     
	   7 Input    7 Bit        Muxes := 1     
	   2 Input    6 Bit        Muxes := 2     
	   6 Input    5 Bit        Muxes := 1     
	   3 Input    5 Bit        Muxes := 2     
	   2 Input    5 Bit        Muxes := 1     
	   4 Input    4 Bit        Muxes := 1     
	   2 Input    4 Bit        Muxes := 3     
	  33 Input    4 Bit        Muxes := 1     
	   5 Input    4 Bit        Muxes := 1     
	   3 Input    3 Bit        Muxes := 4     
	   4 Input    3 Bit        Muxes := 1     
	   2 Input    3 Bit        Muxes := 17    
	   5 Input    3 Bit        Muxes := 2     
	   7 Input    3 Bit        Muxes := 2     
	   8 Input    3 Bit        Muxes := 1     
	   2 Input    2 Bit        Muxes := 6     
	   2 Input    1 Bit        Muxes := 62    
	   3 Input    1 Bit        Muxes := 3     
	   4 Input    1 Bit        Muxes := 3     
	  10 Input    1 Bit        Muxes := 1     
	   5 Input    1 Bit        Muxes := 8     
	  15 Input    1 Bit        Muxes := 2     
	  33 Input    1 Bit        Muxes := 18    
	   8 Input    1 Bit        Muxes := 29    
	   7 Input    1 Bit        Muxes := 22    
---------------------------------------------------------------------------------
Finished RTL Component Statistics 
---------------------------------------------------------------------------------
---------------------------------------------------------------------------------
Start Part Resource Summary
---------------------------------------------------------------------------------
Part Resources:
DSPs: 1728 (col length:144)
BRAMs: 624 (col length: RAMB18 144 RAMB36 72)
---------------------------------------------------------------------------------
Finished Part Resource Summary
---------------------------------------------------------------------------------
---------------------------------------------------------------------------------
Start Cross Boundary and Area Optimization
---------------------------------------------------------------------------------
WARNING: [Synth 8-7080] Parallel synthesis criteria is not met
INFO: [Synth 8-3332] Sequential element (gpcs_pma_inst/FSM_onehot_USE_ROCKET_IO.RX_RST_SM_TXOUTCLK.RX_RST_SM_reg[14]) is unused and will be removed from module gig_ethernet_pcs_pma_v16_2_15.
INFO: [Synth 8-3332] Sequential element (gpcs_pma_inst/FSM_onehot_USE_ROCKET_IO.TX_RST_SM_reg[14]) is unused and will be removed from module gig_ethernet_pcs_pma_v16_2_15.
---------------------------------------------------------------------------------
Finished Cross Boundary and Area Optimization : Time (s): cpu = 00:00:20 ; elapsed = 00:00:21 . Memory (MB): peak = 2385.340 ; gain = 657.438
---------------------------------------------------------------------------------
---------------------------------------------------------------------------------
Start Applying XDC Timing Constraints
---------------------------------------------------------------------------------
---------------------------------------------------------------------------------
Finished Applying XDC Timing Constraints : Time (s): cpu = 00:00:28 ; elapsed = 00:00:28 . Memory (MB): peak = 2816.746 ; gain = 1088.844
---------------------------------------------------------------------------------
---------------------------------------------------------------------------------
Start Timing Optimization
---------------------------------------------------------------------------------
---------------------------------------------------------------------------------
Finished Timing Optimization : Time (s): cpu = 00:00:28 ; elapsed = 00:00:28 . Memory (MB): peak = 2837.672 ; gain = 1109.770
---------------------------------------------------------------------------------
---------------------------------------------------------------------------------
Start Technology Mapping
---------------------------------------------------------------------------------
---------------------------------------------------------------------------------
Finished Technology Mapping : Time (s): cpu = 00:00:28 ; elapsed = 00:00:29 . Memory (MB): peak = 2858.121 ; gain = 1130.219
---------------------------------------------------------------------------------
---------------------------------------------------------------------------------
Start IO Insertion
---------------------------------------------------------------------------------
---------------------------------------------------------------------------------
Start Flattening Before IO Insertion
---------------------------------------------------------------------------------
---------------------------------------------------------------------------------
Finished Flattening Before IO Insertion
---------------------------------------------------------------------------------
---------------------------------------------------------------------------------
Start Final Netlist Cleanup
---------------------------------------------------------------------------------
---------------------------------------------------------------------------------
Finished Final Netlist Cleanup
---------------------------------------------------------------------------------
---------------------------------------------------------------------------------
Finished IO Insertion : Time (s): cpu = 00:00:31 ; elapsed = 00:00:32 . Memory (MB): peak = 2858.121 ; gain = 1130.219
---------------------------------------------------------------------------------
---------------------------------------------------------------------------------
Start Renaming Generated Instances
---------------------------------------------------------------------------------
---------------------------------------------------------------------------------
Finished Renaming Generated Instances : Time (s): cpu = 00:00:31 ; elapsed = 00:00:32 . Memory (MB): peak = 2858.121 ; gain = 1130.219
---------------------------------------------------------------------------------
---------------------------------------------------------------------------------
Start Rebuilding User Hierarchy
---------------------------------------------------------------------------------
---------------------------------------------------------------------------------
Finished Rebuilding User Hierarchy : Time (s): cpu = 00:00:31 ; elapsed = 00:00:32 . Memory (MB): peak = 2858.121 ; gain = 1130.219
---------------------------------------------------------------------------------
---------------------------------------------------------------------------------
Start Renaming Generated Ports
---------------------------------------------------------------------------------
---------------------------------------------------------------------------------
Finished Renaming Generated Ports : Time (s): cpu = 00:00:31 ; elapsed = 00:00:32 . Memory (MB): peak = 2858.121 ; gain = 1130.219
---------------------------------------------------------------------------------
---------------------------------------------------------------------------------
Start Handling Custom Attributes
---------------------------------------------------------------------------------
---------------------------------------------------------------------------------
Finished Handling Custom Attributes : Time (s): cpu = 00:00:31 ; elapsed = 00:00:32 . Memory (MB): peak = 2858.121 ; gain = 1130.219
---------------------------------------------------------------------------------
---------------------------------------------------------------------------------
Start Renaming Generated Nets
---------------------------------------------------------------------------------
---------------------------------------------------------------------------------
Finished Renaming Generated Nets : Time (s): cpu = 00:00:31 ; elapsed = 00:00:32 . Memory (MB): peak = 2858.121 ; gain = 1130.219
---------------------------------------------------------------------------------
---------------------------------------------------------------------------------
Start ROM, RAM, DSP, Shift Register and Retiming Reporting
---------------------------------------------------------------------------------

Static Shift Register Report:
+------------------------------+------------------------------------------------------------------------+--------+-------+--------------+--------------------+-------------------+--------+---------+
|Module Name                   | RTL Name                                                               | Length | Width | Reset Signal | Pull out first Reg | Pull out last Reg | SRL16E | SRLC32E | 
+------------------------------+------------------------------------------------------------------------+--------+-------+--------------+--------------------+-------------------+--------+---------+
|gig_ethernet_pcs_pma_v16_2_15 | gpcs_pma_inst/RX_GMII_AT_TXOUTCLK.RECEIVER_TXOUTCLK/RXDATA_REG5_reg[7] | 5      | 8     | NO           | NO                 | NO                | 8      | 0       | 
+------------------------------+------------------------------------------------------------------------+--------+-------+--------------+--------------------+-------------------+--------+---------+

---------------------------------------------------------------------------------
Finished ROM, RAM, DSP, Shift Register and Retiming Reporting
---------------------------------------------------------------------------------
---------------------------------------------------------------------------------
Start Writing Synthesis Report
---------------------------------------------------------------------------------

Report BlackBoxes: 
+-+--------------+----------+
| |BlackBox name |Instances |
+-+--------------+----------+
+-+--------------+----------+

Report Cell Usage: 
+------+--------------+------+
|      |Cell          |Count |
+------+--------------+------+
|1     |BUFG_GT       |     4|
|2     |CARRY8        |    19|
|3     |GTHE4_CHANNEL |     1|
|4     |IBUFDS_GTE4   |     1|
|5     |LUT1          |    33|
|6     |LUT2          |   137|
|7     |LUT3          |   118|
|8     |LUT4          |   140|
|9     |LUT5          |   135|
|10    |LUT6          |   163|
|11    |MUXF7         |     1|
|12    |SRL16         |     2|
|13    |SRL16E        |     8|
|14    |FD            |    12|
|15    |FDCE          |    63|
|16    |FDP           |    24|
|17    |FDPE          |    64|
|18    |FDRE          |   981|
|19    |FDSE          |    43|
+------+--------------+------+
---------------------------------------------------------------------------------
Finished Writing Synthesis Report : Time (s): cpu = 00:00:31 ; elapsed = 00:00:32 . Memory (MB): peak = 2858.121 ; gain = 1130.219
---------------------------------------------------------------------------------
Synthesis finished with 0 errors, 0 critical warnings and 864 warnings.
Synthesis Optimization Runtime : Time (s): cpu = 00:00:19 ; elapsed = 00:00:27 . Memory (MB): peak = 2858.121 ; gain = 1030.887
Synthesis Optimization Complete : Time (s): cpu = 00:00:31 ; elapsed = 00:00:32 . Memory (MB): peak = 2858.121 ; gain = 1130.219
INFO: [Project 1-571] Translating synthesized netlist
Netlist sorting complete. Time (s): cpu = 00:00:00 ; elapsed = 00:00:00.032 . Memory (MB): peak = 2858.121 ; gain = 0.000
INFO: [Netlist 29-17] Analyzing 58 Unisim elements for replacement
INFO: [Netlist 29-28] Unisim Transformation completed in 0 CPU seconds
INFO: [Project 1-570] Preparing netlist for logic optimization
INFO: [Opt 31-138] Pushed 0 inverter(s) to 0 load pin(s).
INFO: [Opt 31-441] Inserted BUFG_GT_SYNC inst/pcs_pma_block_i/transceiver_inst/gig_ethernet_pcs_pma_0_gt_i/inst/gen_gtwizard_gthe4_top.gig_ethernet_pcs_pma_0_gt_gtwizard_gthe4_inst/gen_gtwizard_gthe4.gen_channel_container[0].gen_enabled_channel.gthe4_channel_wrapper_inst/channel_inst/BUFG_GT_SYNC for BUFG_GT inst/core_clocking_i/rxrecclk_bufg_inst
INFO: [Opt 31-441] Inserted BUFG_GT_SYNC inst/pcs_pma_block_i/transceiver_inst/gig_ethernet_pcs_pma_0_gt_i/inst/gen_gtwizard_gthe4_top.gig_ethernet_pcs_pma_0_gt_gtwizard_gthe4_inst/gen_gtwizard_gthe4.gen_channel_container[0].gen_enabled_channel.gthe4_channel_wrapper_inst/channel_inst/BUFG_GT_SYNC_1 for BUFG_GT inst/core_clocking_i/usrclk2_bufg_inst
Netlist sorting complete. Time (s): cpu = 00:00:00 ; elapsed = 00:00:00 . Memory (MB): peak = 2898.859 ; gain = 0.000
INFO: [Project 1-111] Unisim Transformation Summary:
  A total of 38 instances were transformed.
  FD => FDRE: 12 instances
  FDP => FDPE: 24 instances
  SRL16 => SRL16E: 2 instances

系统找不到指定的路径。
Synth Design complete | Checksum: 28f8d805
INFO: [Common 17-83] Releasing license: Synthesis
104 Infos, 229 Warnings, 0 Critical Warnings and 0 Errors encountered.
synth_design completed successfully
synth_design: Time (s): cpu = 00:00:36 ; elapsed = 00:00:37 . Memory (MB): peak = 2898.859 ; gain = 2282.023
Write ShapeDB Complete: Time (s): cpu = 00:00:00 ; elapsed = 00:00:00.002 . Memory (MB): peak = 2898.859 ; gain = 0.000
INFO: [Common 17-1381] The checkpoint 'D:/FPGA/mqnic_prj/mqnic_prj.runs/gig_ethernet_pcs_pma_0_synth_1/gig_ethernet_pcs_pma_0.dcp' has been generated.
INFO: [Coretcl 2-1648] Added synthesis output to IP cache for IP gig_ethernet_pcs_pma_0, cache-ID = 9b074b211a0ab2ea
INFO: [Coretcl 2-1174] Renamed 49 cell refs.
Write ShapeDB Complete: Time (s): cpu = 00:00:00 ; elapsed = 00:00:00.002 . Memory (MB): peak = 2898.859 ; gain = 0.000
INFO: [Common 17-1381] The checkpoint 'D:/FPGA/mqnic_prj/mqnic_prj.runs/gig_ethernet_pcs_pma_0_synth_1/gig_ethernet_pcs_pma_0.dcp' has been generated.
INFO: [runtcl-4] Executing : report_utilization -file gig_ethernet_pcs_pma_0_utilization_synth.rpt -pb gig_ethernet_pcs_pma_0_utilization_synth.pb
INFO: [Common 17-206] Exiting Vivado at Mon Sep  7 15:58:46 2026...
