Copyright 1986-2022 Xilinx, Inc. All Rights Reserved. Copyright 2022-2023 Advanced Micro Devices, Inc. All Rights Reserved.
---------------------------------------------------------------------------------------------------------------------------------------------
| Tool Version : Vivado v.2023.2 (win64) Build 4029153 Fri Oct 13 20:14:34 MDT 2023
| Date         : Fri Sep  4 11:36:24 2026
| Host         : DESKTOP-JBLB3NJ running 64-bit major release  (build 9200)
| Command      : upgrade_project -migrate_output_products
| Project_Path : D:/FPGA/mqnic_prj/mqnic_prj.xpr
---------------------------------------------------------------------------------------------------------------------------------------------

Project Status Summary

1. Project IP Status
--------------------
This project contains 6 IP and 0 Block Designs.


1.1 Project IP Instances
+-------------------------+-------------------------+-------------------------------------+-------------------------------------+
| Instance Name           | Status                  | Reason                              | Recommendation                      |
+-------------------------+-------------------------+-------------------------------------+-------------------------------------+
| axis_dwidth_converter_0 | Will be Migrated.       |                                     |                                     |
+-------------------------+-------------------------+-------------------------------------+-------------------------------------+
| axis_dwidth_converter_1 | Will be Migrated.       |                                     |                                     |
+-------------------------+-------------------------+-------------------------------------+-------------------------------------+
| eth_xcvr_gth_channel    | Will be Migrated.       |                                     |                                     |
+-------------------------+-------------------------+-------------------------------------+-------------------------------------+
| eth_xcvr_gth_full       | Will be Migrated.       |                                     |                                     |
+-------------------------+-------------------------+-------------------------------------+-------------------------------------+
| gig_ethernet_pcs_pma_0  | Will be Migrated.       |                                     |                                     |
+-------------------------+-------------------------+-------------------------------------+-------------------------------------+
| pcie4_uscale_plus_0     | Will be Migrated.       |                                     |                                     |
+-------------------------+-------------------------+-------------------------------------+-------------------------------------+



