#-----------------------------------------------------------
# Vivado v2023.2 (64-bit)
# SW Build 4029153 on Fri Oct 13 20:14:34 MDT 2023
# IP Build 4028589 on Sat Oct 14 00:45:43 MDT 2023
# SharedData Build 4025554 on Tue Oct 10 17:18:54 MDT 2023
# Start of session at: Thu Sep 10 23:08:48 2026
# Process ID: 19916
# Current directory: D:/FPGA/mqnic_prj
# Command line: vivado.exe -gui_launcher_event rodinguilauncherevent15252 D:\FPGA\mqnic_prj\mqnic_prj.xpr
# Log file: D:/FPGA/mqnic_prj/vivado.log
# Journal file: D:/FPGA/mqnic_prj\vivado.jou
# Running On: DESKTOP-JBLB3NJ, OS: Windows, CPU Frequency: 4192 MHz, CPU Physical cores: 16, Host memory: 67804 MB
#-----------------------------------------------------------
start_gui
open_project D:/FPGA/mqnic_prj/mqnic_prj.xpr
update_compile_order -fileset sources_1
reset_run synth_1
launch_runs impl_1 -to_step write_bitstream -jobs 16
wait_on_run impl_1
reset_run synth_1
launch_runs impl_1 -to_step write_bitstream -jobs 16
wait_on_run impl_1
reset_run synth_1
launch_runs impl_1 -to_step write_bitstream -jobs 16
wait_on_run impl_1
open_hw_manager
connect_hw_server -allow_non_jtag
open_hw_target
set_property PROGRAM.FILE {D:/FPGA/mqnic_prj/mqnic_prj.runs/impl_1/fpga.bit} [get_hw_devices xczu7_0]
set_property PROBES.FILE {D:/FPGA/mqnic_prj/mqnic_prj.runs/impl_1/fpga.ltx} [get_hw_devices xczu7_0]
set_property FULL_PROBES.FILE {D:/FPGA/mqnic_prj/mqnic_prj.runs/impl_1/fpga.ltx} [get_hw_devices xczu7_0]
current_hw_device [get_hw_devices xczu7_0]
refresh_hw_device [lindex [get_hw_devices xczu7_0] 0]
set_property PROBES.FILE {D:/FPGA/mqnic_prj/mqnic_prj.runs/impl_1/fpga.ltx} [get_hw_devices xczu7_0]
set_property FULL_PROBES.FILE {D:/FPGA/mqnic_prj/mqnic_prj.runs/impl_1/fpga.ltx} [get_hw_devices xczu7_0]
set_property PROGRAM.FILE {D:/FPGA/mqnic_prj/mqnic_prj.runs/impl_1/fpga.bit} [get_hw_devices xczu7_0]
program_hw_devices [get_hw_devices xczu7_0]
refresh_hw_device [lindex [get_hw_devices xczu7_0] 0]
