Copyright 1986-2022 Xilinx, Inc. All Rights Reserved. Copyright 2022-2023 Advanced Micro Devices, Inc. All Rights Reserved.
---------------------------------------------------------------------------------------------------------------------------------------------
| Tool Version : Vivado v.2023.2 (win64) Build 4029153 Fri Oct 13 20:14:34 MDT 2023
| Date         : Thu Sep 10 23:43:09 2026
| Host         : DESKTOP-JBLB3NJ running 64-bit major release  (build 9200)
| Command      : report_utilization -file fpga_utilization_placed.rpt -pb fpga_utilization_placed.pb
| Design       : fpga
| Device       : xczu7ev-ffvc1156-2-e
| Speed File   : -2
| Design State : Fully Placed
---------------------------------------------------------------------------------------------------------------------------------------------

Utilization Design Information

Table of Contents
-----------------
1. CLB Logic
1.1 Summary of Registers by Type
2. CLB Logic Distribution
3. BLOCKRAM
4. ARITHMETIC
5. I/O
6. CLOCK
7. ADVANCED
8. CONFIGURATION
9. Primitives
10. Black Boxes
11. Instantiated Netlists

1. CLB Logic
------------

+----------------------------+-------+-------+------------+-----------+-------+
|          Site Type         |  Used | Fixed | Prohibited | Available | Util% |
+----------------------------+-------+-------+------------+-----------+-------+
| CLB LUTs                   | 26359 |     0 |          0 |    230400 | 11.44 |
|   LUT as Logic             | 21002 |     0 |          0 |    230400 |  9.12 |
|   LUT as Memory            |  5357 |     0 |          0 |    101760 |  5.26 |
|     LUT as Distributed RAM |  5107 |     0 |            |           |       |
|     LUT as Shift Register  |   250 |     0 |            |           |       |
| CLB Registers              | 33815 |     0 |          0 |    460800 |  7.34 |
|   Register as Flip Flop    | 33815 |     0 |          0 |    460800 |  7.34 |
|   Register as Latch        |     0 |     0 |          0 |    460800 |  0.00 |
| CARRY8                     |   625 |     0 |          0 |     28800 |  2.17 |
| F7 Muxes                   |   411 |     0 |          0 |    115200 |  0.36 |
| F8 Muxes                   |    97 |     0 |          0 |     57600 |  0.17 |
| F9 Muxes                   |     0 |     0 |          0 |     28800 |  0.00 |
+----------------------------+-------+-------+------------+-----------+-------+
* Warning! LUT value is adjusted to account for LUT combining.


1.1 Summary of Registers by Type
--------------------------------

+-------+--------------+-------------+--------------+
| Total | Clock Enable | Synchronous | Asynchronous |
+-------+--------------+-------------+--------------+
| 0     |            _ |           - |            - |
| 0     |            _ |           - |          Set |
| 0     |            _ |           - |        Reset |
| 0     |            _ |         Set |            - |
| 0     |            _ |       Reset |            - |
| 0     |          Yes |           - |            - |
| 197   |          Yes |           - |          Set |
| 468   |          Yes |           - |        Reset |
| 670   |          Yes |         Set |            - |
| 32480 |          Yes |       Reset |            - |
+-------+--------------+-------------+--------------+


2. CLB Logic Distribution
-------------------------

+--------------------------------------------+-------+-------+------------+-----------+-------+
|                  Site Type                 |  Used | Fixed | Prohibited | Available | Util% |
+--------------------------------------------+-------+-------+------------+-----------+-------+
| CLB                                        |  5837 |     0 |          0 |     28800 | 20.27 |
|   CLBL                                     |  3354 |     0 |            |           |       |
|   CLBM                                     |  2483 |     0 |            |           |       |
| LUT as Logic                               | 21002 |     0 |          0 |    230400 |  9.12 |
|   using O5 output only                     |   537 |       |            |           |       |
|   using O6 output only                     | 15034 |       |            |           |       |
|   using O5 and O6                          |  5431 |       |            |           |       |
| LUT as Memory                              |  5357 |     0 |          0 |    101760 |  5.26 |
|   LUT as Distributed RAM                   |  5107 |     0 |            |           |       |
|     using O5 output only                   |     0 |       |            |           |       |
|     using O6 output only                   |  3249 |       |            |           |       |
|     using O5 and O6                        |  1858 |       |            |           |       |
|   LUT as Shift Register                    |   250 |     0 |            |           |       |
|     using O5 output only                   |     0 |       |            |           |       |
|     using O6 output only                   |   102 |       |            |           |       |
|     using O5 and O6                        |   148 |       |            |           |       |
| CLB Registers                              | 33815 |     0 |          0 |    460800 |  7.34 |
|   Register driven from within the CLB      | 19462 |       |            |           |       |
|   Register driven from outside the CLB     | 14353 |       |            |           |       |
|     LUT in front of the register is unused | 10320 |       |            |           |       |
|     LUT in front of the register is used   |  4033 |       |            |           |       |
| Unique Control Sets                        |  1315 |       |          0 |     57600 |  2.28 |
+--------------------------------------------+-------+-------+------------+-----------+-------+
* * Note: Available Control Sets calculated as Slices * 2, Review the Control Sets Report for more information regarding control sets.


3. BLOCKRAM
-----------

+-------------------+------+-------+------------+-----------+-------+
|     Site Type     | Used | Fixed | Prohibited | Available | Util% |
+-------------------+------+-------+------------+-----------+-------+
| Block RAM Tile    |  126 |     0 |          0 |       312 | 40.38 |
|   RAMB36/FIFO*    |  123 |     0 |          0 |       312 | 39.42 |
|     RAMB36E2 only |  123 |       |            |           |       |
|   RAMB18          |    6 |     0 |          0 |       624 |  0.96 |
|     RAMB18E2 only |    6 |       |            |           |       |
| URAM              |   17 |     0 |          0 |        96 | 17.71 |
+-------------------+------+-------+------------+-----------+-------+
* Note: Each Block RAM Tile only has one FIFO logic available and therefore can accommodate only one FIFO36E2 or one FIFO18E2. However, if a FIFO18E2 occupies a Block RAM Tile, that tile can still accommodate a RAMB18E2


4. ARITHMETIC
-------------

+-----------+------+-------+------------+-----------+-------+
| Site Type | Used | Fixed | Prohibited | Available | Util% |
+-----------+------+-------+------------+-----------+-------+
| DSPs      |    0 |     0 |          0 |      1728 |  0.00 |
+-----------+------+-------+------------+-----------+-------+


5. I/O
------

+------------------+------+-------+------------+-----------+-------+
|     Site Type    | Used | Fixed | Prohibited | Available | Util% |
+------------------+------+-------+------------+-----------+-------+
| Bonded IOB       |   43 |    43 |          0 |       360 | 11.94 |
| HPIOB_M          |   17 |    17 |          0 |       144 | 11.81 |
|   INPUT          |    1 |       |            |           |       |
|   OUTPUT         |   16 |       |            |           |       |
|   BIDIR          |    0 |       |            |           |       |
| HPIOB_S          |   20 |    20 |          0 |       144 | 13.89 |
|   INPUT          |    1 |       |            |           |       |
|   OUTPUT         |   18 |       |            |           |       |
|   BIDIR          |    1 |       |            |           |       |
| HDIOB_M          |    1 |     1 |          0 |        24 |  4.17 |
|   INPUT          |    1 |       |            |           |       |
|   OUTPUT         |    0 |       |            |           |       |
|   BIDIR          |    0 |       |            |           |       |
| HDIOB_S          |    0 |     0 |          0 |        24 |  0.00 |
| HPIOB_SNGL       |    5 |     5 |          0 |        24 | 20.83 |
|   INPUT          |    0 |       |            |           |       |
|   OUTPUT         |    4 |       |            |           |       |
|   BIDIR          |    1 |       |            |           |       |
| HPIOBDIFFINBUF   |    1 |     1 |          0 |       192 |  0.52 |
|   DIFFINBUF      |    1 |     1 |            |           |       |
| HPIOBDIFFOUTBUF  |    0 |     0 |          0 |       192 |  0.00 |
| HDIOBDIFFINBUF   |    0 |     0 |          0 |        48 |  0.00 |
| BITSLICE_CONTROL |    0 |     0 |          0 |        64 |  0.00 |
| BITSLICE_RX_TX   |    0 |     0 |          0 |      2496 |  0.00 |
| BITSLICE_TX      |    0 |     0 |          0 |        64 |  0.00 |
| RIU_OR           |    0 |     0 |          0 |        32 |  0.00 |
+------------------+------+-------+------------+-----------+-------+


6. CLOCK
--------

+----------------------+------+-------+------------+-----------+-------+
|       Site Type      | Used | Fixed | Prohibited | Available | Util% |
+----------------------+------+-------+------------+-----------+-------+
| GLOBAL CLOCK BUFFERs |   18 |     0 |          0 |       544 |  3.31 |
|   BUFGCE             |    6 |     0 |          0 |       208 |  2.88 |
|   BUFGCE_DIV         |    0 |     0 |          0 |        32 |  0.00 |
|   BUFG_GT            |   12 |     0 |          0 |       144 |  8.33 |
|   BUFG_PS            |    0 |     0 |          0 |        96 |  0.00 |
|   BUFGCTRL*          |    0 |     0 |          0 |        64 |  0.00 |
| PLL                  |    0 |     0 |          0 |        16 |  0.00 |
| MMCM                 |    2 |     0 |          0 |         8 | 25.00 |
+----------------------+------+-------+------------+-----------+-------+
* Note: Each used BUFGCTRL counts as two GLOBAL CLOCK BUFFERs. This table does not include global clocking resources, only buffer cell usage. See the Clock Utilization Report (report_clock_utilization) for detailed accounting of global clocking resource availability.


7. ADVANCED
-----------

+-----------------+------+-------+------------+-----------+-------+
|    Site Type    | Used | Fixed | Prohibited | Available | Util% |
+-----------------+------+-------+------------+-----------+-------+
| GTHE4_CHANNEL   |    5 |     5 |          0 |        20 | 25.00 |
| GTHE4_COMMON    |    1 |     0 |          0 |         5 | 20.00 |
| OBUFDS_GTE4     |    0 |     0 |          0 |        10 |  0.00 |
| OBUFDS_GTE4_ADV |    0 |     0 |          0 |        10 |  0.00 |
| PCIE40E4        |    1 |     1 |          0 |         2 | 50.00 |
| PS8             |    0 |     0 |          0 |         1 |  0.00 |
| SYSMONE4        |    0 |     0 |          0 |         1 |  0.00 |
| VCU             |    0 |     0 |          0 |         1 |  0.00 |
+-----------------+------+-------+------------+-----------+-------+


8. CONFIGURATION
----------------

+-------------+------+-------+------------+-----------+-------+
|  Site Type  | Used | Fixed | Prohibited | Available | Util% |
+-------------+------+-------+------------+-----------+-------+
| BSCANE2     |    1 |     0 |          0 |         4 | 25.00 |
| DNA_PORTE2  |    0 |     0 |          0 |         1 |  0.00 |
| EFUSE_USR   |    0 |     0 |          0 |         1 |  0.00 |
| FRAME_ECCE4 |    0 |     0 |          0 |         1 |  0.00 |
| ICAPE3      |    0 |     0 |          0 |         2 |  0.00 |
| MASTER_JTAG |    0 |     0 |          0 |         1 |  0.00 |
| STARTUPE3   |    0 |     0 |          0 |         1 |  0.00 |
+-------------+------+-------+------------+-----------+-------+


9. Primitives
-------------

+---------------+-------+---------------------+
|    Ref Name   |  Used | Functional Category |
+---------------+-------+---------------------+
| FDRE          | 32480 |            Register |
| LUT6          |  8921 |                 CLB |
| LUT3          |  5251 |                 CLB |
| LUT5          |  4290 |                 CLB |
| LUT2          |  3909 |                 CLB |
| LUT4          |  3598 |                 CLB |
| RAMD32        |  3262 |                 CLB |
| RAMD64E       |  3156 |                 CLB |
| FDSE          |   670 |            Register |
| CARRY8        |   625 |                 CLB |
| RAMS32        |   512 |                 CLB |
| FDCE          |   468 |            Register |
| LUT1          |   464 |                 CLB |
| MUXF7         |   411 |                 CLB |
| SRL16E        |   269 |                 CLB |
| FDPE          |   197 |            Register |
| SRLC32E       |   127 |                 CLB |
| RAMB36E2      |   123 |            BLOCKRAM |
| MUXF8         |    97 |                 CLB |
| RAMS64E       |    35 |                 CLB |
| OBUFT         |    29 |                 I/O |
| URAM288       |    17 |            BLOCKRAM |
| BUFG_GT       |    12 |               Clock |
| OBUF          |    11 |                 I/O |
| RAMB18E2      |     6 |            BLOCKRAM |
| BUFG_GT_SYNC  |     6 |               Clock |
| BUFGCE        |     6 |               Clock |
| GTHE4_CHANNEL |     5 |            Advanced |
| IBUFCTRL      |     4 |              Others |
| INBUF         |     3 |                 I/O |
| SRLC16E       |     2 |                 CLB |
| MMCME4_ADV    |     2 |               Clock |
| IBUFDS_GTE4   |     2 |                 I/O |
| PCIE40E4      |     1 |            Advanced |
| INV           |     1 |                 CLB |
| GTHE4_COMMON  |     1 |            Advanced |
| DIFFINBUF     |     1 |                 I/O |
| BSCANE2       |     1 |       Configuration |
+---------------+-------+---------------------+


10. Black Boxes
---------------

+----------+------+
| Ref Name | Used |
+----------+------+


11. Instantiated Netlists
-------------------------

+------------------------+------+
|        Ref Name        | Used |
+------------------------+------+
| pcie4_uscale_plus_0    |    1 |
| ila_0                  |    1 |
| gig_ethernet_pcs_pma_0 |    1 |
| dbg_hub                |    1 |
| clk_wiz_0              |    1 |
+------------------------+------+


