
*** Running vivado
    with args -log clk_wiz_0.vds -m64 -product Vivado -mode batch -messageDb vivado.pb -notrace -source clk_wiz_0.tcl



****** Vivado v2023.2 (64-bit)
  **** SW Build 4029153 on Fri Oct 13 20:14:34 MDT 2023
  **** IP Build 4028589 on Sat Oct 14 00:45:43 MDT 2023
  **** SharedData Build 4025554 on Tue Oct 10 17:18:54 MDT 2023
    ** Copyright 1986-2022 Xilinx, Inc. All Rights Reserved.
    ** Copyright 2022-2023 Advanced Micro Devices, Inc. All Rights Reserved.

source clk_wiz_0.tcl -notrace
INFO: [IP_Flow 19-6924] IPCACHE: Running cache check for IP inst: clk_wiz_0
Command: synth_design -top clk_wiz_0 -part xczu7ev-ffvc1156-2-e -incremental_mode off -mode out_of_context
Starting synth_design
Attempting to get a license for feature 'Synthesis' and/or device 'xczu7ev'
INFO: [Common 17-349] Got license for feature 'Synthesis' and/or device 'xczu7ev'
INFO: [Device 21-403] Loading part xczu7ev-ffvc1156-2-e
INFO: [Synth 8-7079] Multithreading enabled for synth_design using a maximum of 2 processes.
INFO: [Synth 8-7078] Launching helper process for spawning children vivado processes
INFO: [Synth 8-7075] Helper process launched with PID 22184
---------------------------------------------------------------------------------
Starting RTL Elaboration : Time (s): cpu = 00:00:04 ; elapsed = 00:00:03 . Memory (MB): peak = 2107.957 ; gain = 387.000
---------------------------------------------------------------------------------
INFO: [Synth 8-6157] synthesizing module 'clk_wiz_0' [d:/FPGA/mqnic_prj/mqnic_prj.gen/sources_1/ip/clk_wiz_0/clk_wiz_0.v:65]
INFO: [Synth 8-6157] synthesizing module 'clk_wiz_0_clk_wiz' [d:/FPGA/mqnic_prj/mqnic_prj.gen/sources_1/ip/clk_wiz_0/clk_wiz_0_clk_wiz.v:65]
INFO: [Synth 8-6157] synthesizing module 'IBUF' [F:/xilinx_2023_2/Vivado/2023.2/scripts/rt/data/unisim_comp.v:73631]
INFO: [Synth 8-6155] done synthesizing module 'IBUF' (0#1) [F:/xilinx_2023_2/Vivado/2023.2/scripts/rt/data/unisim_comp.v:73631]
INFO: [Synth 8-6157] synthesizing module 'MMCME4_ADV' [F:/xilinx_2023_2/Vivado/2023.2/scripts/rt/data/unisim_comp.v:82567]
	Parameter BANDWIDTH bound to: OPTIMIZED - type: string 
	Parameter CLKFBOUT_MULT_F bound to: 9.625000 - type: double 
	Parameter CLKFBOUT_PHASE bound to: 0.000000 - type: double 
	Parameter CLKFBOUT_USE_FINE_PS bound to: FALSE - type: string 
	Parameter CLKIN1_PERIOD bound to: 8.000000 - type: double 
	Parameter CLKOUT0_DIVIDE_F bound to: 9.625000 - type: double 
	Parameter CLKOUT0_DUTY_CYCLE bound to: 0.500000 - type: double 
	Parameter CLKOUT0_PHASE bound to: 0.000000 - type: double 
	Parameter CLKOUT0_USE_FINE_PS bound to: FALSE - type: string 
	Parameter CLKOUT4_CASCADE bound to: FALSE - type: string 
	Parameter COMPENSATION bound to: AUTO - type: string 
	Parameter DIVCLK_DIVIDE bound to: 1 - type: integer 
	Parameter STARTUP_WAIT bound to: FALSE - type: string 
INFO: [Synth 8-6155] done synthesizing module 'MMCME4_ADV' (0#1) [F:/xilinx_2023_2/Vivado/2023.2/scripts/rt/data/unisim_comp.v:82567]
INFO: [Synth 8-6157] synthesizing module 'BUFG' [F:/xilinx_2023_2/Vivado/2023.2/scripts/rt/data/unisim_comp.v:1951]
INFO: [Synth 8-6155] done synthesizing module 'BUFG' (0#1) [F:/xilinx_2023_2/Vivado/2023.2/scripts/rt/data/unisim_comp.v:1951]
INFO: [Synth 8-6155] done synthesizing module 'clk_wiz_0_clk_wiz' (0#1) [d:/FPGA/mqnic_prj/mqnic_prj.gen/sources_1/ip/clk_wiz_0/clk_wiz_0_clk_wiz.v:65]
INFO: [Synth 8-6155] done synthesizing module 'clk_wiz_0' (0#1) [d:/FPGA/mqnic_prj/mqnic_prj.gen/sources_1/ip/clk_wiz_0/clk_wiz_0.v:65]
WARNING: [Synth 8-3301] Unused top level parameter/generic FPGA_ID
WARNING: [Synth 8-3301] Unused top level parameter/generic FW_ID
WARNING: [Synth 8-3301] Unused top level parameter/generic FW_VER
WARNING: [Synth 8-3301] Unused top level parameter/generic BOARD_ID
WARNING: [Synth 8-3301] Unused top level parameter/generic BOARD_VER
WARNING: [Synth 8-3301] Unused top level parameter/generic BUILD_DATE
WARNING: [Synth 8-3301] Unused top level parameter/generic GIT_HASH
WARNING: [Synth 8-3301] Unused top level parameter/generic RELEASE_INFO
WARNING: [Synth 8-3301] Unused top level parameter/generic TDMA_BER_ENABLE
WARNING: [Synth 8-3301] Unused top level parameter/generic PORTS_PER_IF
WARNING: [Synth 8-3301] Unused top level parameter/generic SCHED_PER_IF
WARNING: [Synth 8-3301] Unused top level parameter/generic PORT_MASK
WARNING: [Synth 8-3301] Unused top level parameter/generic CLK_PERIOD_NS_NUM
WARNING: [Synth 8-3301] Unused top level parameter/generic CLK_PERIOD_NS_DENOM
WARNING: [Synth 8-3301] Unused top level parameter/generic PTP_CLOCK_PIPELINE
WARNING: [Synth 8-3301] Unused top level parameter/generic PTP_CLOCK_CDC_PIPELINE
WARNING: [Synth 8-3301] Unused top level parameter/generic PTP_PORT_CDC_PIPELINE
WARNING: [Synth 8-3301] Unused top level parameter/generic PTP_PEROUT_ENABLE
WARNING: [Synth 8-3301] Unused top level parameter/generic PTP_PEROUT_COUNT
WARNING: [Synth 8-3301] Unused top level parameter/generic EVENT_QUEUE_OP_TABLE_SIZE
WARNING: [Synth 8-3301] Unused top level parameter/generic TX_QUEUE_OP_TABLE_SIZE
WARNING: [Synth 8-3301] Unused top level parameter/generic RX_QUEUE_OP_TABLE_SIZE
WARNING: [Synth 8-3301] Unused top level parameter/generic CQ_OP_TABLE_SIZE
WARNING: [Synth 8-3301] Unused top level parameter/generic EQN_WIDTH
WARNING: [Synth 8-3301] Unused top level parameter/generic TX_QUEUE_INDEX_WIDTH
WARNING: [Synth 8-3301] Unused top level parameter/generic RX_QUEUE_INDEX_WIDTH
WARNING: [Synth 8-3301] Unused top level parameter/generic CQN_WIDTH
WARNING: [Synth 8-3301] Unused top level parameter/generic EQ_PIPELINE
WARNING: [Synth 8-3301] Unused top level parameter/generic TX_QUEUE_PIPELINE
WARNING: [Synth 8-3301] Unused top level parameter/generic RX_QUEUE_PIPELINE
WARNING: [Synth 8-3301] Unused top level parameter/generic CQ_PIPELINE
WARNING: [Synth 8-3301] Unused top level parameter/generic TX_DESC_TABLE_SIZE
WARNING: [Synth 8-3301] Unused top level parameter/generic RX_DESC_TABLE_SIZE
WARNING: [Synth 8-3301] Unused top level parameter/generic RX_INDIR_TBL_ADDR_WIDTH
WARNING: [Synth 8-3301] Unused top level parameter/generic TX_SCHEDULER_OP_TABLE_SIZE
WARNING: [Synth 8-3301] Unused top level parameter/generic TX_SCHEDULER_PIPELINE
WARNING: [Synth 8-3301] Unused top level parameter/generic TDMA_INDEX_WIDTH
WARNING: [Synth 8-3301] Unused top level parameter/generic PTP_TS_ENABLE
WARNING: [Synth 8-3301] Unused top level parameter/generic TX_CPL_FIFO_DEPTH
WARNING: [Synth 8-3301] Unused top level parameter/generic TX_CHECKSUM_ENABLE
WARNING: [Synth 8-3301] Unused top level parameter/generic RX_HASH_ENABLE
WARNING: [Synth 8-3301] Unused top level parameter/generic RX_CHECKSUM_ENABLE
WARNING: [Synth 8-3301] Unused top level parameter/generic PFC_ENABLE
WARNING: [Synth 8-3301] Unused top level parameter/generic LFC_ENABLE
WARNING: [Synth 8-3301] Unused top level parameter/generic ENABLE_PADDING
WARNING: [Synth 8-3301] Unused top level parameter/generic ENABLE_DIC
WARNING: [Synth 8-3301] Unused top level parameter/generic MIN_FRAME_LENGTH
WARNING: [Synth 8-3301] Unused top level parameter/generic TX_FIFO_DEPTH
WARNING: [Synth 8-3301] Unused top level parameter/generic RX_FIFO_DEPTH
WARNING: [Synth 8-3301] Unused top level parameter/generic MAX_TX_SIZE
WARNING: [Synth 8-3301] Unused top level parameter/generic MAX_RX_SIZE
WARNING: [Synth 8-3301] Unused top level parameter/generic TX_RAM_SIZE
WARNING: [Synth 8-3301] Unused top level parameter/generic RX_RAM_SIZE
WARNING: [Synth 8-3301] Unused top level parameter/generic DDR_CH
WARNING: [Synth 8-3301] Unused top level parameter/generic DDR_ENABLE
WARNING: [Synth 8-3301] Unused top level parameter/generic AXI_DDR_ID_WIDTH
WARNING: [Synth 8-3301] Unused top level parameter/generic AXI_DDR_MAX_BURST_LEN
WARNING: [Synth 8-3301] Unused top level parameter/generic APP_ID
WARNING: [Synth 8-3301] Unused top level parameter/generic APP_ENABLE
WARNING: [Synth 8-3301] Unused top level parameter/generic APP_CTRL_ENABLE
WARNING: [Synth 8-3301] Unused top level parameter/generic APP_DMA_ENABLE
WARNING: [Synth 8-3301] Unused top level parameter/generic APP_AXIS_DIRECT_ENABLE
WARNING: [Synth 8-3301] Unused top level parameter/generic APP_AXIS_SYNC_ENABLE
WARNING: [Synth 8-3301] Unused top level parameter/generic APP_AXIS_IF_ENABLE
WARNING: [Synth 8-3301] Unused top level parameter/generic APP_STAT_ENABLE
WARNING: [Synth 8-3301] Unused top level parameter/generic DMA_IMM_ENABLE
WARNING: [Synth 8-3301] Unused top level parameter/generic DMA_IMM_WIDTH
WARNING: [Synth 8-3301] Unused top level parameter/generic DMA_LEN_WIDTH
WARNING: [Synth 8-3301] Unused top level parameter/generic DMA_TAG_WIDTH
WARNING: [Synth 8-3301] Unused top level parameter/generic RAM_ADDR_WIDTH
WARNING: [Synth 8-3301] Unused top level parameter/generic RAM_PIPELINE
WARNING: [Synth 8-3301] Unused top level parameter/generic IRQ_INDEX_WIDTH
WARNING: [Synth 8-3301] Unused top level parameter/generic AXIL_CTRL_DATA_WIDTH
WARNING: [Synth 8-3301] Unused top level parameter/generic AXIL_CTRL_ADDR_WIDTH
WARNING: [Synth 8-3301] Unused top level parameter/generic AXIL_APP_CTRL_DATA_WIDTH
WARNING: [Synth 8-3301] Unused top level parameter/generic AXIL_APP_CTRL_ADDR_WIDTH
WARNING: [Synth 8-3301] Unused top level parameter/generic AXIS_ETH_TX_PIPELINE
WARNING: [Synth 8-3301] Unused top level parameter/generic AXIS_ETH_TX_FIFO_PIPELINE
WARNING: [Synth 8-3301] Unused top level parameter/generic AXIS_ETH_TX_TS_PIPELINE
WARNING: [Synth 8-3301] Unused top level parameter/generic AXIS_ETH_RX_PIPELINE
WARNING: [Synth 8-3301] Unused top level parameter/generic AXIS_ETH_RX_FIFO_PIPELINE
WARNING: [Synth 8-3301] Unused top level parameter/generic STAT_ENABLE
WARNING: [Synth 8-3301] Unused top level parameter/generic STAT_DMA_ENABLE
WARNING: [Synth 8-3301] Unused top level parameter/generic STAT_PCIE_ENABLE
WARNING: [Synth 8-3301] Unused top level parameter/generic STAT_INC_WIDTH
WARNING: [Synth 8-3301] Unused top level parameter/generic STAT_ID_WIDTH
WARNING: [Synth 8-3301] Unused top level parameter/generic AXIS_PCIE_DATA_WIDTH
WARNING: [Synth 8-3301] Unused top level parameter/generic IF_COUNT
---------------------------------------------------------------------------------
Finished RTL Elaboration : Time (s): cpu = 00:00:05 ; elapsed = 00:00:05 . Memory (MB): peak = 2220.305 ; gain = 499.348
---------------------------------------------------------------------------------
---------------------------------------------------------------------------------
Start Handling Custom Attributes
---------------------------------------------------------------------------------
---------------------------------------------------------------------------------
Finished Handling Custom Attributes : Time (s): cpu = 00:00:05 ; elapsed = 00:00:05 . Memory (MB): peak = 2220.305 ; gain = 499.348
---------------------------------------------------------------------------------
---------------------------------------------------------------------------------
Finished RTL Optimization Phase 1 : Time (s): cpu = 00:00:05 ; elapsed = 00:00:05 . Memory (MB): peak = 2220.305 ; gain = 499.348
---------------------------------------------------------------------------------
Netlist sorting complete. Time (s): cpu = 00:00:00 ; elapsed = 00:00:00 . Memory (MB): peak = 2220.305 ; gain = 0.000
INFO: [Netlist 29-17] Analyzing 3 Unisim elements for replacement
INFO: [Netlist 29-28] Unisim Transformation completed in 0 CPU seconds
INFO: [Project 1-570] Preparing netlist for logic optimization

Processing XDC Constraints
Initializing timing engine
Parsing XDC File [d:/FPGA/mqnic_prj/mqnic_prj.gen/sources_1/ip/clk_wiz_0/clk_wiz_0_ooc.xdc] for cell 'inst'
Finished Parsing XDC File [d:/FPGA/mqnic_prj/mqnic_prj.gen/sources_1/ip/clk_wiz_0/clk_wiz_0_ooc.xdc] for cell 'inst'
Parsing XDC File [d:/FPGA/mqnic_prj/mqnic_prj.gen/sources_1/ip/clk_wiz_0/clk_wiz_0_board.xdc] for cell 'inst'
Finished Parsing XDC File [d:/FPGA/mqnic_prj/mqnic_prj.gen/sources_1/ip/clk_wiz_0/clk_wiz_0_board.xdc] for cell 'inst'
Parsing XDC File [d:/FPGA/mqnic_prj/mqnic_prj.gen/sources_1/ip/clk_wiz_0/clk_wiz_0.xdc] for cell 'inst'
Finished Parsing XDC File [d:/FPGA/mqnic_prj/mqnic_prj.gen/sources_1/ip/clk_wiz_0/clk_wiz_0.xdc] for cell 'inst'
INFO: [Project 1-236] Implementation specific constraints were found while reading constraint file [d:/FPGA/mqnic_prj/mqnic_prj.gen/sources_1/ip/clk_wiz_0/clk_wiz_0.xdc]. These constraints will be ignored for synthesis but will be used in implementation. Impacted constraints are listed in the file [.Xil/clk_wiz_0_propImpl.xdc].
Resolution: To avoid this warning, move constraints listed in [.Xil/clk_wiz_0_propImpl.xdc] to another XDC file and exclude this new file from synthesis with the used_in_synthesis property (File Properties dialog in GUI) and re-run elaboration/synthesis.
INFO: [Timing 38-2] Deriving generated clocks
Parsing XDC File [D:/FPGA/mqnic_prj/mqnic_prj.runs/clk_wiz_0_synth_1/dont_touch.xdc]
Finished Parsing XDC File [D:/FPGA/mqnic_prj/mqnic_prj.runs/clk_wiz_0_synth_1/dont_touch.xdc]
Completed Processing XDC Constraints

Netlist sorting complete. Time (s): cpu = 00:00:00 ; elapsed = 00:00:00 . Memory (MB): peak = 2239.625 ; gain = 0.000
INFO: [Project 1-111] Unisim Transformation Summary:
  A total of 2 instances were transformed.
  BUFG => BUFGCE: 1 instance 
  IBUF => IBUF (IBUFCTRL, INBUF): 1 instance 

系统找不到指定的路径。
Constraint Validation Runtime : Time (s): cpu = 00:00:00 ; elapsed = 00:00:00.010 . Memory (MB): peak = 2239.629 ; gain = 0.004
INFO: [Designutils 20-5008] Incremental synthesis strategy off
---------------------------------------------------------------------------------
Finished Constraint Validation : Time (s): cpu = 00:00:12 ; elapsed = 00:00:12 . Memory (MB): peak = 2239.629 ; gain = 518.672
---------------------------------------------------------------------------------
---------------------------------------------------------------------------------
Start Loading Part and Timing Information
---------------------------------------------------------------------------------
Loading part: xczu7ev-ffvc1156-2-e
INFO: [Synth 8-6742] Reading net delay rules and data
---------------------------------------------------------------------------------
Finished Loading Part and Timing Information : Time (s): cpu = 00:00:12 ; elapsed = 00:00:12 . Memory (MB): peak = 2239.629 ; gain = 518.672
---------------------------------------------------------------------------------
---------------------------------------------------------------------------------
Start Applying 'set_property' XDC Constraints
---------------------------------------------------------------------------------
Applied set_property KEEP_HIERARCHY = SOFT for inst. (constraint file  D:/FPGA/mqnic_prj/mqnic_prj.runs/clk_wiz_0_synth_1/dont_touch.xdc, line 9).
---------------------------------------------------------------------------------
Finished applying 'set_property' XDC Constraints : Time (s): cpu = 00:00:12 ; elapsed = 00:00:12 . Memory (MB): peak = 2239.629 ; gain = 518.672
---------------------------------------------------------------------------------
---------------------------------------------------------------------------------
Finished RTL Optimization Phase 2 : Time (s): cpu = 00:00:13 ; elapsed = 00:00:12 . Memory (MB): peak = 2239.629 ; gain = 518.672
---------------------------------------------------------------------------------
---------------------------------------------------------------------------------
Start RTL Component Statistics 
---------------------------------------------------------------------------------
Detailed RTL Component Info : 
---------------------------------------------------------------------------------
Finished RTL Component Statistics 
---------------------------------------------------------------------------------
---------------------------------------------------------------------------------
Start Part Resource Summary
---------------------------------------------------------------------------------
Part Resources:
DSPs: 1728 (col length:144)
BRAMs: 624 (col length: RAMB18 144 RAMB36 72)
---------------------------------------------------------------------------------
Finished Part Resource Summary
---------------------------------------------------------------------------------
---------------------------------------------------------------------------------
Start Cross Boundary and Area Optimization
---------------------------------------------------------------------------------
WARNING: [Synth 8-7080] Parallel synthesis criteria is not met
---------------------------------------------------------------------------------
Finished Cross Boundary and Area Optimization : Time (s): cpu = 00:00:14 ; elapsed = 00:00:14 . Memory (MB): peak = 2239.629 ; gain = 518.672
---------------------------------------------------------------------------------
---------------------------------------------------------------------------------
Start Applying XDC Timing Constraints
---------------------------------------------------------------------------------
---------------------------------------------------------------------------------
Finished Applying XDC Timing Constraints : Time (s): cpu = 00:00:21 ; elapsed = 00:00:21 . Memory (MB): peak = 2763.031 ; gain = 1042.074
---------------------------------------------------------------------------------
---------------------------------------------------------------------------------
Start Timing Optimization
---------------------------------------------------------------------------------
---------------------------------------------------------------------------------
Finished Timing Optimization : Time (s): cpu = 00:00:21 ; elapsed = 00:00:21 . Memory (MB): peak = 2763.031 ; gain = 1042.074
---------------------------------------------------------------------------------
---------------------------------------------------------------------------------
Start Technology Mapping
---------------------------------------------------------------------------------
---------------------------------------------------------------------------------
Finished Technology Mapping : Time (s): cpu = 00:00:21 ; elapsed = 00:00:21 . Memory (MB): peak = 2772.590 ; gain = 1051.633
---------------------------------------------------------------------------------
---------------------------------------------------------------------------------
Start IO Insertion
---------------------------------------------------------------------------------
---------------------------------------------------------------------------------
Start Flattening Before IO Insertion
---------------------------------------------------------------------------------
---------------------------------------------------------------------------------
Finished Flattening Before IO Insertion
---------------------------------------------------------------------------------
---------------------------------------------------------------------------------
Start Final Netlist Cleanup
---------------------------------------------------------------------------------
---------------------------------------------------------------------------------
Finished Final Netlist Cleanup
---------------------------------------------------------------------------------
---------------------------------------------------------------------------------
Finished IO Insertion : Time (s): cpu = 00:00:24 ; elapsed = 00:00:24 . Memory (MB): peak = 2788.406 ; gain = 1067.449
---------------------------------------------------------------------------------
---------------------------------------------------------------------------------
Start Renaming Generated Instances
---------------------------------------------------------------------------------
---------------------------------------------------------------------------------
Finished Renaming Generated Instances : Time (s): cpu = 00:00:24 ; elapsed = 00:00:24 . Memory (MB): peak = 2788.406 ; gain = 1067.449
---------------------------------------------------------------------------------
---------------------------------------------------------------------------------
Start Rebuilding User Hierarchy
---------------------------------------------------------------------------------
---------------------------------------------------------------------------------
Finished Rebuilding User Hierarchy : Time (s): cpu = 00:00:24 ; elapsed = 00:00:24 . Memory (MB): peak = 2788.406 ; gain = 1067.449
---------------------------------------------------------------------------------
---------------------------------------------------------------------------------
Start Renaming Generated Ports
---------------------------------------------------------------------------------
---------------------------------------------------------------------------------
Finished Renaming Generated Ports : Time (s): cpu = 00:00:24 ; elapsed = 00:00:24 . Memory (MB): peak = 2788.406 ; gain = 1067.449
---------------------------------------------------------------------------------
---------------------------------------------------------------------------------
Start Handling Custom Attributes
---------------------------------------------------------------------------------
---------------------------------------------------------------------------------
Finished Handling Custom Attributes : Time (s): cpu = 00:00:24 ; elapsed = 00:00:24 . Memory (MB): peak = 2788.406 ; gain = 1067.449
---------------------------------------------------------------------------------
---------------------------------------------------------------------------------
Start Renaming Generated Nets
---------------------------------------------------------------------------------
---------------------------------------------------------------------------------
Finished Renaming Generated Nets : Time (s): cpu = 00:00:24 ; elapsed = 00:00:24 . Memory (MB): peak = 2788.406 ; gain = 1067.449
---------------------------------------------------------------------------------
---------------------------------------------------------------------------------
Start Writing Synthesis Report
---------------------------------------------------------------------------------

Report BlackBoxes: 
+-+--------------+----------+
| |BlackBox name |Instances |
+-+--------------+----------+
+-+--------------+----------+

Report Cell Usage: 
+------+-----------+------+
|      |Cell       |Count |
+------+-----------+------+
|1     |BUFG       |     1|
|2     |MMCME4_ADV |     1|
|3     |IBUF       |     1|
+------+-----------+------+
---------------------------------------------------------------------------------
Finished Writing Synthesis Report : Time (s): cpu = 00:00:24 ; elapsed = 00:00:24 . Memory (MB): peak = 2788.406 ; gain = 1067.449
---------------------------------------------------------------------------------
Synthesis finished with 0 errors, 0 critical warnings and 1 warnings.
Synthesis Optimization Runtime : Time (s): cpu = 00:00:15 ; elapsed = 00:00:20 . Memory (MB): peak = 2788.406 ; gain = 1048.125
Synthesis Optimization Complete : Time (s): cpu = 00:00:24 ; elapsed = 00:00:24 . Memory (MB): peak = 2788.406 ; gain = 1067.449
INFO: [Project 1-571] Translating synthesized netlist
Netlist sorting complete. Time (s): cpu = 00:00:00 ; elapsed = 00:00:00 . Memory (MB): peak = 2788.406 ; gain = 0.000
INFO: [Netlist 29-17] Analyzing 3 Unisim elements for replacement
INFO: [Netlist 29-28] Unisim Transformation completed in 0 CPU seconds
INFO: [Project 1-570] Preparing netlist for logic optimization
INFO: [Opt 31-138] Pushed 0 inverter(s) to 0 load pin(s).
INFO: [Opt 31-326] The CLKFBOUT to CLKFBIN net for instance inst/mmcme4_adv_inst with COMPENSATION=INTERNAL is optimized away to aid design routability
Netlist sorting complete. Time (s): cpu = 00:00:00 ; elapsed = 00:00:00 . Memory (MB): peak = 2833.637 ; gain = 0.000
INFO: [Project 1-111] Unisim Transformation Summary:
  A total of 2 instances were transformed.
  BUFG => BUFGCE: 1 instance 
  IBUF => IBUF (IBUFCTRL, INBUF): 1 instance 

系统找不到指定的路径。
Synth Design complete | Checksum: ec24b631
INFO: [Common 17-83] Releasing license: Synthesis
32 Infos, 89 Warnings, 0 Critical Warnings and 0 Errors encountered.
synth_design completed successfully
synth_design: Time (s): cpu = 00:00:28 ; elapsed = 00:00:29 . Memory (MB): peak = 2833.637 ; gain = 2216.344
Write ShapeDB Complete: Time (s): cpu = 00:00:00 ; elapsed = 00:00:00 . Memory (MB): peak = 2833.637 ; gain = 0.000
INFO: [Common 17-1381] The checkpoint 'D:/FPGA/mqnic_prj/mqnic_prj.runs/clk_wiz_0_synth_1/clk_wiz_0.dcp' has been generated.
INFO: [Coretcl 2-1648] Added synthesis output to IP cache for IP clk_wiz_0, cache-ID = f11377095ee02b14
Write ShapeDB Complete: Time (s): cpu = 00:00:00 ; elapsed = 00:00:00.001 . Memory (MB): peak = 2833.637 ; gain = 0.000
INFO: [Common 17-1381] The checkpoint 'D:/FPGA/mqnic_prj/mqnic_prj.runs/clk_wiz_0_synth_1/clk_wiz_0.dcp' has been generated.
INFO: [runtcl-4] Executing : report_utilization -file clk_wiz_0_utilization_synth.rpt -pb clk_wiz_0_utilization_synth.pb
INFO: [Common 17-206] Exiting Vivado at Thu Sep 10 23:07:55 2026...
